###############################################################################
#
# IAR ELF Linker V7.80.1.11864/W32 for ARM                25/Jan/2017  17:35:48
# Copyright 2007-2016 IAR Systems AB.
#
#    Output file  =  
#        C:\LEO\myGit\MTK
#        IOT\SDK_V4.2.0\out_iar\mt7697_hdk\iot_sdk_demo\Debug\Exe\iot_sdk_demo.out
#    Map file     =  
#        C:\LEO\myGit\MTK
#        IOT\SDK_V4.2.0\out_iar\mt7697_hdk\iot_sdk_demo\Debug\List\iot_sdk_demo.map
#    Command line =  
#        "C:\LEO\myGit\MTK
#        IOT\SDK_V4.2.0\out_iar\mt7697_hdk\iot_sdk_demo\Debug\Obj\aes.o"
#        "C:\LEO\myGit\MTK
#        IOT\SDK_V4.2.0\out_iar\mt7697_hdk\iot_sdk_demo\Debug\Obj\aesni.o"
#        "C:\LEO\myGit\MTK
#        IOT\SDK_V4.2.0\out_iar\mt7697_hdk\iot_sdk_demo\Debug\Obj\api_lib.o"
#        "C:\LEO\myGit\MTK
#        IOT\SDK_V4.2.0\out_iar\mt7697_hdk\iot_sdk_demo\Debug\Obj\api_msg.o"
#        "C:\LEO\myGit\MTK
#        IOT\SDK_V4.2.0\out_iar\mt7697_hdk\iot_sdk_demo\Debug\Obj\arc4.o"
#        "C:\LEO\myGit\MTK
#        IOT\SDK_V4.2.0\out_iar\mt7697_hdk\iot_sdk_demo\Debug\Obj\asn1_dec.o"
#        "C:\LEO\myGit\MTK
#        IOT\SDK_V4.2.0\out_iar\mt7697_hdk\iot_sdk_demo\Debug\Obj\asn1_enc.o"
#        "C:\LEO\myGit\MTK
#        IOT\SDK_V4.2.0\out_iar\mt7697_hdk\iot_sdk_demo\Debug\Obj\asn1parse.o"
#        "C:\LEO\myGit\MTK
#        IOT\SDK_V4.2.0\out_iar\mt7697_hdk\iot_sdk_demo\Debug\Obj\asn1write.o"
#        "C:\LEO\myGit\MTK
#        IOT\SDK_V4.2.0\out_iar\mt7697_hdk\iot_sdk_demo\Debug\Obj\auth.o"
#        "C:\LEO\myGit\MTK
#        IOT\SDK_V4.2.0\out_iar\mt7697_hdk\iot_sdk_demo\Debug\Obj\autoip.o"
#        "C:\LEO\myGit\MTK
#        IOT\SDK_V4.2.0\out_iar\mt7697_hdk\iot_sdk_demo\Debug\Obj\base64.o"
#        "C:\LEO\myGit\MTK
#        IOT\SDK_V4.2.0\out_iar\mt7697_hdk\iot_sdk_demo\Debug\Obj\bignum.o"
#        "C:\LEO\myGit\MTK
#        IOT\SDK_V4.2.0\out_iar\mt7697_hdk\iot_sdk_demo\Debug\Obj\ble_gpio_client.o"
#        "C:\LEO\myGit\MTK
#        IOT\SDK_V4.2.0\out_iar\mt7697_hdk\iot_sdk_demo\Debug\Obj\ble_gpio_service.o"
#        "C:\LEO\myGit\MTK
#        IOT\SDK_V4.2.0\out_iar\mt7697_hdk\iot_sdk_demo\Debug\Obj\ble_smtcn.o"
#        "C:\LEO\myGit\MTK
#        IOT\SDK_V4.2.0\out_iar\mt7697_hdk\iot_sdk_demo\Debug\Obj\blowfish.o"
#        "C:\LEO\myGit\MTK
#        IOT\SDK_V4.2.0\out_iar\mt7697_hdk\iot_sdk_demo\Debug\Obj\board_cli.o"
#        "C:\LEO\myGit\MTK
#        IOT\SDK_V4.2.0\out_iar\mt7697_hdk\iot_sdk_demo\Debug\Obj\bsp_flash_config.o"
#        "C:\LEO\myGit\MTK
#        IOT\SDK_V4.2.0\out_iar\mt7697_hdk\iot_sdk_demo\Debug\Obj\bsp_gpio_ept_config.o"
#        "C:\LEO\myGit\MTK
#        IOT\SDK_V4.2.0\out_iar\mt7697_hdk\iot_sdk_demo\Debug\Obj\bt_cli.o"
#        "C:\LEO\myGit\MTK
#        IOT\SDK_V4.2.0\out_iar\mt7697_hdk\iot_sdk_demo\Debug\Obj\bt_debug.o"
#        "C:\LEO\myGit\MTK
#        IOT\SDK_V4.2.0\out_iar\mt7697_hdk\iot_sdk_demo\Debug\Obj\bt_gattc_connect.o"
#        "C:\LEO\myGit\MTK
#        IOT\SDK_V4.2.0\out_iar\mt7697_hdk\iot_sdk_demo\Debug\Obj\bt_gattc_handle_op.o"
#        "C:\LEO\myGit\MTK
#        IOT\SDK_V4.2.0\out_iar\mt7697_hdk\iot_sdk_demo\Debug\Obj\bt_gattc_srv.o"
#        "C:\LEO\myGit\MTK
#        IOT\SDK_V4.2.0\out_iar\mt7697_hdk\iot_sdk_demo\Debug\Obj\bt_hci_log.o"
#        "C:\LEO\myGit\MTK
#        IOT\SDK_V4.2.0\out_iar\mt7697_hdk\iot_sdk_demo\Debug\Obj\bt_init.o"
#        "C:\LEO\myGit\MTK
#        IOT\SDK_V4.2.0\out_iar\mt7697_hdk\iot_sdk_demo\Debug\Obj\bt_lwip.o"
#        "C:\LEO\myGit\MTK
#        IOT\SDK_V4.2.0\out_iar\mt7697_hdk\iot_sdk_demo\Debug\Obj\bt_os_layer_api.o"
#        "C:\LEO\myGit\MTK
#        IOT\SDK_V4.2.0\out_iar\mt7697_hdk\iot_sdk_demo\Debug\Obj\bt_task.o"
#        "C:\LEO\myGit\MTK
#        IOT\SDK_V4.2.0\out_iar\mt7697_hdk\iot_sdk_demo\Debug\Obj\camellia.o"
#        "C:\LEO\myGit\MTK
#        IOT\SDK_V4.2.0\out_iar\mt7697_hdk\iot_sdk_demo\Debug\Obj\ccm.o"
#        "C:\LEO\myGit\MTK
#        IOT\SDK_V4.2.0\out_iar\mt7697_hdk\iot_sdk_demo\Debug\Obj\ccp.o"
#        "C:\LEO\myGit\MTK
#        IOT\SDK_V4.2.0\out_iar\mt7697_hdk\iot_sdk_demo\Debug\Obj\certs.o"
#        "C:\LEO\myGit\MTK
#        IOT\SDK_V4.2.0\out_iar\mt7697_hdk\iot_sdk_demo\Debug\Obj\chap-md5.o"
#        "C:\LEO\myGit\MTK
#        IOT\SDK_V4.2.0\out_iar\mt7697_hdk\iot_sdk_demo\Debug\Obj\chap-new.o"
#        "C:\LEO\myGit\MTK
#        IOT\SDK_V4.2.0\out_iar\mt7697_hdk\iot_sdk_demo\Debug\Obj\chap_ms.o"
#        "C:\LEO\myGit\MTK
#        IOT\SDK_V4.2.0\out_iar\mt7697_hdk\iot_sdk_demo\Debug\Obj\cipher.o"
#        "C:\LEO\myGit\MTK
#        IOT\SDK_V4.2.0\out_iar\mt7697_hdk\iot_sdk_demo\Debug\Obj\cipher_wrap.o"
#        "C:\LEO\myGit\MTK
#        IOT\SDK_V4.2.0\out_iar\mt7697_hdk\iot_sdk_demo\Debug\Obj\cli_cmds.o"
#        "C:\LEO\myGit\MTK
#        IOT\SDK_V4.2.0\out_iar\mt7697_hdk\iot_sdk_demo\Debug\Obj\cli_def.o"
#        "C:\LEO\myGit\MTK
#        IOT\SDK_V4.2.0\out_iar\mt7697_hdk\iot_sdk_demo\Debug\Obj\close.o"
#        "C:\LEO\myGit\MTK
#        IOT\SDK_V4.2.0\out_iar\mt7697_hdk\iot_sdk_demo\Debug\Obj\connection_info.o"
#        "C:\LEO\myGit\MTK
#        IOT\SDK_V4.2.0\out_iar\mt7697_hdk\iot_sdk_demo\Debug\Obj\connsys_bus.o"
#        "C:\LEO\myGit\MTK
#        IOT\SDK_V4.2.0\out_iar\mt7697_hdk\iot_sdk_demo\Debug\Obj\connsys_driver.o"
#        "C:\LEO\myGit\MTK
#        IOT\SDK_V4.2.0\out_iar\mt7697_hdk\iot_sdk_demo\Debug\Obj\connsys_util.o"
#        "C:\LEO\myGit\MTK
#        IOT\SDK_V4.2.0\out_iar\mt7697_hdk\iot_sdk_demo\Debug\Obj\cos_api.o"
#        "C:\LEO\myGit\MTK
#        IOT\SDK_V4.2.0\out_iar\mt7697_hdk\iot_sdk_demo\Debug\Obj\ctr_drbg.o"
#        "C:\LEO\myGit\MTK
#        IOT\SDK_V4.2.0\out_iar\mt7697_hdk\iot_sdk_demo\Debug\Obj\debug.o"
#        "C:\LEO\myGit\MTK
#        IOT\SDK_V4.2.0\out_iar\mt7697_hdk\iot_sdk_demo\Debug\Obj\def.o"
#        "C:\LEO\myGit\MTK
#        IOT\SDK_V4.2.0\out_iar\mt7697_hdk\iot_sdk_demo\Debug\Obj\demand.o"
#        "C:\LEO\myGit\MTK
#        IOT\SDK_V4.2.0\out_iar\mt7697_hdk\iot_sdk_demo\Debug\Obj\des.o"
#        "C:\LEO\myGit\MTK
#        IOT\SDK_V4.2.0\out_iar\mt7697_hdk\iot_sdk_demo\Debug\Obj\dhcp.o"
#        "C:\LEO\myGit\MTK
#        IOT\SDK_V4.2.0\out_iar\mt7697_hdk\iot_sdk_demo\Debug\Obj\dhcp6.o"
#        "C:\LEO\myGit\MTK
#        IOT\SDK_V4.2.0\out_iar\mt7697_hdk\iot_sdk_demo\Debug\Obj\dhcpd.o"
#        "C:\LEO\myGit\MTK
#        IOT\SDK_V4.2.0\out_iar\mt7697_hdk\iot_sdk_demo\Debug\Obj\dhm.o"
#        "C:\LEO\myGit\MTK
#        IOT\SDK_V4.2.0\out_iar\mt7697_hdk\iot_sdk_demo\Debug\Obj\dma.o"
#        "C:\LEO\myGit\MTK
#        IOT\SDK_V4.2.0\out_iar\mt7697_hdk\iot_sdk_demo\Debug\Obj\dns.o"
#        "C:\LEO\myGit\MTK
#        IOT\SDK_V4.2.0\out_iar\mt7697_hdk\iot_sdk_demo\Debug\Obj\eap.o"
#        "C:\LEO\myGit\MTK
#        IOT\SDK_V4.2.0\out_iar\mt7697_hdk\iot_sdk_demo\Debug\Obj\ecdh.o"
#        "C:\LEO\myGit\MTK
#        IOT\SDK_V4.2.0\out_iar\mt7697_hdk\iot_sdk_demo\Debug\Obj\ecdsa.o"
#        "C:\LEO\myGit\MTK
#        IOT\SDK_V4.2.0\out_iar\mt7697_hdk\iot_sdk_demo\Debug\Obj\ecp.o"
#        "C:\LEO\myGit\MTK
#        IOT\SDK_V4.2.0\out_iar\mt7697_hdk\iot_sdk_demo\Debug\Obj\ecp_curves.o"
#        "C:\LEO\myGit\MTK
#        IOT\SDK_V4.2.0\out_iar\mt7697_hdk\iot_sdk_demo\Debug\Obj\elian.o"
#        "C:\LEO\myGit\MTK
#        IOT\SDK_V4.2.0\out_iar\mt7697_hdk\iot_sdk_demo\Debug\Obj\entropy.o"
#        "C:\LEO\myGit\MTK
#        IOT\SDK_V4.2.0\out_iar\mt7697_hdk\iot_sdk_demo\Debug\Obj\entropy_poll.o"
#        "C:\LEO\myGit\MTK
#        IOT\SDK_V4.2.0\out_iar\mt7697_hdk\iot_sdk_demo\Debug\Obj\ept_eint_var.o"
#        "C:\LEO\myGit\MTK
#        IOT\SDK_V4.2.0\out_iar\mt7697_hdk\iot_sdk_demo\Debug\Obj\ept_gpio_var.o"
#        "C:\LEO\myGit\MTK
#        IOT\SDK_V4.2.0\out_iar\mt7697_hdk\iot_sdk_demo\Debug\Obj\err.o"
#        "C:\LEO\myGit\MTK
#        IOT\SDK_V4.2.0\out_iar\mt7697_hdk\iot_sdk_demo\Debug\Obj\error.o"
#        "C:\LEO\myGit\MTK
#        IOT\SDK_V4.2.0\out_iar\mt7697_hdk\iot_sdk_demo\Debug\Obj\etharp.o"
#        "C:\LEO\myGit\MTK
#        IOT\SDK_V4.2.0\out_iar\mt7697_hdk\iot_sdk_demo\Debug\Obj\ethernetif.o"
#        "C:\LEO\myGit\MTK
#        IOT\SDK_V4.2.0\out_iar\mt7697_hdk\iot_sdk_demo\Debug\Obj\ethip6.o"
#        "C:\LEO\myGit\MTK
#        IOT\SDK_V4.2.0\out_iar\mt7697_hdk\iot_sdk_demo\Debug\Obj\eui64.o"
#        "C:\LEO\myGit\MTK
#        IOT\SDK_V4.2.0\out_iar\mt7697_hdk\iot_sdk_demo\Debug\Obj\event_groups.o"
#        "C:\LEO\myGit\MTK
#        IOT\SDK_V4.2.0\out_iar\mt7697_hdk\iot_sdk_demo\Debug\Obj\flash_sfc.o"
#        "C:\LEO\myGit\MTK
#        IOT\SDK_V4.2.0\out_iar\mt7697_hdk\iot_sdk_demo\Debug\Obj\fsm.o"
#        "C:\LEO\myGit\MTK
#        IOT\SDK_V4.2.0\out_iar\mt7697_hdk\iot_sdk_demo\Debug\Obj\gatt_command.o"
#        "C:\LEO\myGit\MTK
#        IOT\SDK_V4.2.0\out_iar\mt7697_hdk\iot_sdk_demo\Debug\Obj\gatt_service.o"
#        "C:\LEO\myGit\MTK
#        IOT\SDK_V4.2.0\out_iar\mt7697_hdk\iot_sdk_demo\Debug\Obj\gcm.o"
#        "C:\LEO\myGit\MTK
#        IOT\SDK_V4.2.0\out_iar\mt7697_hdk\iot_sdk_demo\Debug\Obj\get_profile_string.o"
#        "C:\LEO\myGit\MTK
#        IOT\SDK_V4.2.0\out_iar\mt7697_hdk\iot_sdk_demo\Debug\Obj\gpio_cli.o"
#        "C:\LEO\myGit\MTK
#        IOT\SDK_V4.2.0\out_iar\mt7697_hdk\iot_sdk_demo\Debug\Obj\gpt.o"
#        "C:\LEO\myGit\MTK
#        IOT\SDK_V4.2.0\out_iar\mt7697_hdk\iot_sdk_demo\Debug\Obj\hal_adc.o"
#        "C:\LEO\myGit\MTK
#        IOT\SDK_V4.2.0\out_iar\mt7697_hdk\iot_sdk_demo\Debug\Obj\hal_aes.o"
#        "C:\LEO\myGit\MTK
#        IOT\SDK_V4.2.0\out_iar\mt7697_hdk\iot_sdk_demo\Debug\Obj\hal_cache.o"
#        "C:\LEO\myGit\MTK
#        IOT\SDK_V4.2.0\out_iar\mt7697_hdk\iot_sdk_demo\Debug\Obj\hal_cache_internal.o"
#        "C:\LEO\myGit\MTK
#        IOT\SDK_V4.2.0\out_iar\mt7697_hdk\iot_sdk_demo\Debug\Obj\hal_des.o"
#        "C:\LEO\myGit\MTK
#        IOT\SDK_V4.2.0\out_iar\mt7697_hdk\iot_sdk_demo\Debug\Obj\hal_eint.o"
#        "C:\LEO\myGit\MTK
#        IOT\SDK_V4.2.0\out_iar\mt7697_hdk\iot_sdk_demo\Debug\Obj\hal_flash.o"
#        "C:\LEO\myGit\MTK
#        IOT\SDK_V4.2.0\out_iar\mt7697_hdk\iot_sdk_demo\Debug\Obj\hal_gdma.o"
#        "C:\LEO\myGit\MTK
#        IOT\SDK_V4.2.0\out_iar\mt7697_hdk\iot_sdk_demo\Debug\Obj\hal_gpc.o"
#        "C:\LEO\myGit\MTK
#        IOT\SDK_V4.2.0\out_iar\mt7697_hdk\iot_sdk_demo\Debug\Obj\hal_gpio.o"
#        "C:\LEO\myGit\MTK
#        IOT\SDK_V4.2.0\out_iar\mt7697_hdk\iot_sdk_demo\Debug\Obj\hal_gpio_7687.o"
#        "C:\LEO\myGit\MTK
#        IOT\SDK_V4.2.0\out_iar\mt7697_hdk\iot_sdk_demo\Debug\Obj\hal_gpt.o"
#        "C:\LEO\myGit\MTK
#        IOT\SDK_V4.2.0\out_iar\mt7697_hdk\iot_sdk_demo\Debug\Obj\hal_I2C.o"
#        "C:\LEO\myGit\MTK
#        IOT\SDK_V4.2.0\out_iar\mt7697_hdk\iot_sdk_demo\Debug\Obj\hal_i2c_master.o"
#        "C:\LEO\myGit\MTK
#        IOT\SDK_V4.2.0\out_iar\mt7697_hdk\iot_sdk_demo\Debug\Obj\hal_i2s.o"
#        "C:\LEO\myGit\MTK
#        IOT\SDK_V4.2.0\out_iar\mt7697_hdk\iot_sdk_demo\Debug\Obj\hal_i2s_internal.o"
#        "C:\LEO\myGit\MTK
#        IOT\SDK_V4.2.0\out_iar\mt7697_hdk\iot_sdk_demo\Debug\Obj\hal_irrx.o"
#        "C:\LEO\myGit\MTK
#        IOT\SDK_V4.2.0\out_iar\mt7697_hdk\iot_sdk_demo\Debug\Obj\hal_irtx.o"
#        "C:\LEO\myGit\MTK
#        IOT\SDK_V4.2.0\out_iar\mt7697_hdk\iot_sdk_demo\Debug\Obj\hal_log.o"
#        "C:\LEO\myGit\MTK
#        IOT\SDK_V4.2.0\out_iar\mt7697_hdk\iot_sdk_demo\Debug\Obj\hal_lp.o"
#        "C:\LEO\myGit\MTK
#        IOT\SDK_V4.2.0\out_iar\mt7697_hdk\iot_sdk_demo\Debug\Obj\hal_md5.o"
#        "C:\LEO\myGit\MTK
#        IOT\SDK_V4.2.0\out_iar\mt7697_hdk\iot_sdk_demo\Debug\Obj\hal_nvic.o"
#        "C:\LEO\myGit\MTK
#        IOT\SDK_V4.2.0\out_iar\mt7697_hdk\iot_sdk_demo\Debug\Obj\hal_nvic_internal.o"
#        "C:\LEO\myGit\MTK
#        IOT\SDK_V4.2.0\out_iar\mt7697_hdk\iot_sdk_demo\Debug\Obj\hal_pcnt.o"
#        "C:\LEO\myGit\MTK
#        IOT\SDK_V4.2.0\out_iar\mt7697_hdk\iot_sdk_demo\Debug\Obj\hal_pinmux.o"
#        "C:\LEO\myGit\MTK
#        IOT\SDK_V4.2.0\out_iar\mt7697_hdk\iot_sdk_demo\Debug\Obj\hal_pwm.o"
#        "C:\LEO\myGit\MTK
#        IOT\SDK_V4.2.0\out_iar\mt7697_hdk\iot_sdk_demo\Debug\Obj\hal_rtc.o"
#        "C:\LEO\myGit\MTK
#        IOT\SDK_V4.2.0\out_iar\mt7697_hdk\iot_sdk_demo\Debug\Obj\hal_sha.o"
#        "C:\LEO\myGit\MTK
#        IOT\SDK_V4.2.0\out_iar\mt7697_hdk\iot_sdk_demo\Debug\Obj\hal_spi_master.o"
#        "C:\LEO\myGit\MTK
#        IOT\SDK_V4.2.0\out_iar\mt7697_hdk\iot_sdk_demo\Debug\Obj\hal_spim.o"
#        "C:\LEO\myGit\MTK
#        IOT\SDK_V4.2.0\out_iar\mt7697_hdk\iot_sdk_demo\Debug\Obj\hal_sys.o"
#        "C:\LEO\myGit\MTK
#        IOT\SDK_V4.2.0\out_iar\mt7697_hdk\iot_sdk_demo\Debug\Obj\hal_trng.o"
#        "C:\LEO\myGit\MTK
#        IOT\SDK_V4.2.0\out_iar\mt7697_hdk\iot_sdk_demo\Debug\Obj\hal_uart.o"
#        "C:\LEO\myGit\MTK
#        IOT\SDK_V4.2.0\out_iar\mt7697_hdk\iot_sdk_demo\Debug\Obj\hal_uid.o"
#        "C:\LEO\myGit\MTK
#        IOT\SDK_V4.2.0\out_iar\mt7697_hdk\iot_sdk_demo\Debug\Obj\hal_wdt.o"
#        "C:\LEO\myGit\MTK
#        IOT\SDK_V4.2.0\out_iar\mt7697_hdk\iot_sdk_demo\Debug\Obj\havege.o"
#        "C:\LEO\myGit\MTK
#        IOT\SDK_V4.2.0\out_iar\mt7697_hdk\iot_sdk_demo\Debug\Obj\hci_log.o"
#        "C:\LEO\myGit\MTK
#        IOT\SDK_V4.2.0\out_iar\mt7697_hdk\iot_sdk_demo\Debug\Obj\heap_4.o"
#        "C:\LEO\myGit\MTK
#        IOT\SDK_V4.2.0\out_iar\mt7697_hdk\iot_sdk_demo\Debug\Obj\hmac_drbg.o"
#        "C:\LEO\myGit\MTK
#        IOT\SDK_V4.2.0\out_iar\mt7697_hdk\iot_sdk_demo\Debug\Obj\httpclient.o"
#        "C:\LEO\myGit\MTK
#        IOT\SDK_V4.2.0\out_iar\mt7697_hdk\iot_sdk_demo\Debug\Obj\i2c.o"
#        "C:\LEO\myGit\MTK
#        IOT\SDK_V4.2.0\out_iar\mt7697_hdk\iot_sdk_demo\Debug\Obj\icmp.o"
#        "C:\LEO\myGit\MTK
#        IOT\SDK_V4.2.0\out_iar\mt7697_hdk\iot_sdk_demo\Debug\Obj\icmp6.o"
#        "C:\LEO\myGit\MTK
#        IOT\SDK_V4.2.0\out_iar\mt7697_hdk\iot_sdk_demo\Debug\Obj\igmp.o"
#        "C:\LEO\myGit\MTK
#        IOT\SDK_V4.2.0\out_iar\mt7697_hdk\iot_sdk_demo\Debug\Obj\inet6.o"
#        "C:\LEO\myGit\MTK
#        IOT\SDK_V4.2.0\out_iar\mt7697_hdk\iot_sdk_demo\Debug\Obj\inet_chksum.o"
#        "C:\LEO\myGit\MTK
#        IOT\SDK_V4.2.0\out_iar\mt7697_hdk\iot_sdk_demo\Debug\Obj\init.o"
#        "C:\LEO\myGit\MTK
#        IOT\SDK_V4.2.0\out_iar\mt7697_hdk\iot_sdk_demo\Debug\Obj\io_def.o"
#        "C:\LEO\myGit\MTK
#        IOT\SDK_V4.2.0\out_iar\mt7697_hdk\iot_sdk_demo\Debug\Obj\ip4.o"
#        "C:\LEO\myGit\MTK
#        IOT\SDK_V4.2.0\out_iar\mt7697_hdk\iot_sdk_demo\Debug\Obj\ip4_addr.o"
#        "C:\LEO\myGit\MTK
#        IOT\SDK_V4.2.0\out_iar\mt7697_hdk\iot_sdk_demo\Debug\Obj\ip6.o"
#        "C:\LEO\myGit\MTK
#        IOT\SDK_V4.2.0\out_iar\mt7697_hdk\iot_sdk_demo\Debug\Obj\ip6_addr.o"
#        "C:\LEO\myGit\MTK
#        IOT\SDK_V4.2.0\out_iar\mt7697_hdk\iot_sdk_demo\Debug\Obj\ip6_frag.o"
#        "C:\LEO\myGit\MTK
#        IOT\SDK_V4.2.0\out_iar\mt7697_hdk\iot_sdk_demo\Debug\Obj\ip_frag.o"
#        "C:\LEO\myGit\MTK
#        IOT\SDK_V4.2.0\out_iar\mt7697_hdk\iot_sdk_demo\Debug\Obj\ipcp.o"
#        "C:\LEO\myGit\MTK
#        IOT\SDK_V4.2.0\out_iar\mt7697_hdk\iot_sdk_demo\Debug\Obj\iperf_cli.o"
#        "C:\LEO\myGit\MTK
#        IOT\SDK_V4.2.0\out_iar\mt7697_hdk\iot_sdk_demo\Debug\Obj\iperf_task.o"
#        "C:\LEO\myGit\MTK
#        IOT\SDK_V4.2.0\out_iar\mt7697_hdk\iot_sdk_demo\Debug\Obj\ipv6cp.o"
#        "C:\LEO\myGit\MTK
#        IOT\SDK_V4.2.0\out_iar\mt7697_hdk\iot_sdk_demo\Debug\Obj\ir_tx.o"
#        "C:\LEO\myGit\MTK
#        IOT\SDK_V4.2.0\out_iar\mt7697_hdk\iot_sdk_demo\Debug\Obj\lcp.o"
#        "C:\LEO\myGit\MTK
#        IOT\SDK_V4.2.0\middleware\MTK\bluetooth\lib\libble_iar.a"
#        "C:\LEO\myGit\MTK
#        IOT\SDK_V4.2.0\middleware\MTK\bluetooth\lib\libble_multi_adv_iar.a"
#        "C:\LEO\myGit\MTK
#        IOT\SDK_V4.2.0\middleware\MTK\bluetooth\lib\libbtdriver_7697_iar.a"
#        "C:\LEO\myGit\MTK
#        IOT\SDK_V4.2.0\driver\chip\mt7687\lib\libhal_core_CM4_IAR.a"
#        "C:\LEO\myGit\MTK
#        IOT\SDK_V4.2.0\driver\chip\mt7687\lib\libhal_protected_CM4_IAR.a"
#        "C:\LEO\myGit\MTK
#        IOT\SDK_V4.2.0\kernel\service\lib\libkservice_CM4_MT7687_IAR.a"
#        "C:\LEO\myGit\MTK
#        IOT\SDK_V4.2.0\middleware\MTK\minicli\lib\libminicli_CM4_IAR.a"
#        "C:\LEO\myGit\MTK
#        IOT\SDK_V4.2.0\middleware\MTK\minisupp\lib\libminisupp_CM4_IAR.a"
#        "C:\LEO\myGit\MTK
#        IOT\SDK_V4.2.0\middleware\MTK\nvdm\lib\libnvdm_CM4_IAR.a"
#        "C:\LEO\myGit\MTK
#        IOT\SDK_V4.2.0\middleware\MTK\smtcn\lib\libsmtcn_CM4_IAR.a"
#        "C:\LEO\myGit\MTK
#        IOT\SDK_V4.2.0\driver\board\mt76x7_hdk\lib\libwifi_CM4_IAR.a"
#        "C:\LEO\myGit\MTK
#        IOT\SDK_V4.2.0\out_iar\mt7697_hdk\iot_sdk_demo\Debug\Obj\list.o"
#        "C:\LEO\myGit\MTK
#        IOT\SDK_V4.2.0\out_iar\mt7697_hdk\iot_sdk_demo\Debug\Obj\low_hal_gpio.o"
#        "C:\LEO\myGit\MTK
#        IOT\SDK_V4.2.0\out_iar\mt7697_hdk\iot_sdk_demo\Debug\Obj\low_hal_irrx.o"
#        "C:\LEO\myGit\MTK
#        IOT\SDK_V4.2.0\out_iar\mt7697_hdk\iot_sdk_demo\Debug\Obj\low_hal_irtx.o"
#        "C:\LEO\myGit\MTK
#        IOT\SDK_V4.2.0\out_iar\mt7697_hdk\iot_sdk_demo\Debug\Obj\low_hal_pwm.o"
#        "C:\LEO\myGit\MTK
#        IOT\SDK_V4.2.0\out_iar\mt7697_hdk\iot_sdk_demo\Debug\Obj\low_hal_rtc.o"
#        "C:\LEO\myGit\MTK
#        IOT\SDK_V4.2.0\out_iar\mt7697_hdk\iot_sdk_demo\Debug\Obj\low_hal_wdt.o"
#        "C:\LEO\myGit\MTK
#        IOT\SDK_V4.2.0\out_iar\mt7697_hdk\iot_sdk_demo\Debug\Obj\lp_ex_sleep.o"
#        "C:\LEO\myGit\MTK
#        IOT\SDK_V4.2.0\out_iar\mt7697_hdk\iot_sdk_demo\Debug\Obj\lseek.o"
#        "C:\LEO\myGit\MTK
#        IOT\SDK_V4.2.0\out_iar\mt7697_hdk\iot_sdk_demo\Debug\Obj\lwip_cli.o"
#        "C:\LEO\myGit\MTK
#        IOT\SDK_V4.2.0\out_iar\mt7697_hdk\iot_sdk_demo\Debug\Obj\lwip_log.o"
#        "C:\LEO\myGit\MTK
#        IOT\SDK_V4.2.0\out_iar\mt7697_hdk\iot_sdk_demo\Debug\Obj\lwip_timers.o"
#        "C:\LEO\myGit\MTK
#        IOT\SDK_V4.2.0\out_iar\mt7697_hdk\iot_sdk_demo\Debug\Obj\magic.o"
#        "C:\LEO\myGit\MTK
#        IOT\SDK_V4.2.0\out_iar\mt7697_hdk\iot_sdk_demo\Debug\Obj\main.o"
#        "C:\LEO\myGit\MTK
#        IOT\SDK_V4.2.0\out_iar\mt7697_hdk\iot_sdk_demo\Debug\Obj\mcs.o"
#        "C:\LEO\myGit\MTK
#        IOT\SDK_V4.2.0\out_iar\mt7697_hdk\iot_sdk_demo\Debug\Obj\md.o"
#        "C:\LEO\myGit\MTK
#        IOT\SDK_V4.2.0\out_iar\mt7697_hdk\iot_sdk_demo\Debug\Obj\md2.o"
#        "C:\LEO\myGit\MTK
#        IOT\SDK_V4.2.0\out_iar\mt7697_hdk\iot_sdk_demo\Debug\Obj\md4.o"
#        "C:\LEO\myGit\MTK
#        IOT\SDK_V4.2.0\out_iar\mt7697_hdk\iot_sdk_demo\Debug\Obj\md5.o"
#        "C:\LEO\myGit\MTK
#        IOT\SDK_V4.2.0\out_iar\mt7697_hdk\iot_sdk_demo\Debug\Obj\md_wrap.o"
#        "C:\LEO\myGit\MTK
#        IOT\SDK_V4.2.0\out_iar\mt7697_hdk\iot_sdk_demo\Debug\Obj\mem.o"
#        "C:\LEO\myGit\MTK
#        IOT\SDK_V4.2.0\out_iar\mt7697_hdk\iot_sdk_demo\Debug\Obj\memory_buffer_alloc.o"
#        "C:\LEO\myGit\MTK
#        IOT\SDK_V4.2.0\out_iar\mt7697_hdk\iot_sdk_demo\Debug\Obj\memory_regions.o"
#        "C:\LEO\myGit\MTK
#        IOT\SDK_V4.2.0\out_iar\mt7697_hdk\iot_sdk_demo\Debug\Obj\memp.o"
#        "C:\LEO\myGit\MTK
#        IOT\SDK_V4.2.0\out_iar\mt7697_hdk\iot_sdk_demo\Debug\Obj\mib2.o"
#        "C:\LEO\myGit\MTK
#        IOT\SDK_V4.2.0\out_iar\mt7697_hdk\iot_sdk_demo\Debug\Obj\mib_structs.o"
#        "C:\LEO\myGit\MTK
#        IOT\SDK_V4.2.0\out_iar\mt7697_hdk\iot_sdk_demo\Debug\Obj\misc.o"
#        "C:\LEO\myGit\MTK
#        IOT\SDK_V4.2.0\out_iar\mt7697_hdk\iot_sdk_demo\Debug\Obj\mld6.o"
#        "C:\LEO\myGit\MTK
#        IOT\SDK_V4.2.0\out_iar\mt7697_hdk\iot_sdk_demo\Debug\Obj\mppe.o"
#        "C:\LEO\myGit\MTK
#        IOT\SDK_V4.2.0\out_iar\mt7697_hdk\iot_sdk_demo\Debug\Obj\msg_in.o"
#        "C:\LEO\myGit\MTK
#        IOT\SDK_V4.2.0\out_iar\mt7697_hdk\iot_sdk_demo\Debug\Obj\msg_out.o"
#        "C:\LEO\myGit\MTK
#        IOT\SDK_V4.2.0\out_iar\mt7697_hdk\iot_sdk_demo\Debug\Obj\mt76X7_n9_image.o"
#        "C:\LEO\myGit\MTK
#        IOT\SDK_V4.2.0\out_iar\mt7697_hdk\iot_sdk_demo\Debug\Obj\nd6.o"
#        "C:\LEO\myGit\MTK
#        IOT\SDK_V4.2.0\out_iar\mt7697_hdk\iot_sdk_demo\Debug\Obj\net.o"
#        "C:\LEO\myGit\MTK
#        IOT\SDK_V4.2.0\out_iar\mt7697_hdk\iot_sdk_demo\Debug\Obj\netbuf.o"
#        "C:\LEO\myGit\MTK
#        IOT\SDK_V4.2.0\out_iar\mt7697_hdk\iot_sdk_demo\Debug\Obj\netdb.o"
#        "C:\LEO\myGit\MTK
#        IOT\SDK_V4.2.0\out_iar\mt7697_hdk\iot_sdk_demo\Debug\Obj\netif.o"
#        "C:\LEO\myGit\MTK
#        IOT\SDK_V4.2.0\out_iar\mt7697_hdk\iot_sdk_demo\Debug\Obj\netifapi.o"
#        "C:\LEO\myGit\MTK
#        IOT\SDK_V4.2.0\out_iar\mt7697_hdk\iot_sdk_demo\Debug\Obj\nvdm_cli.o"
#        "C:\LEO\myGit\MTK
#        IOT\SDK_V4.2.0\out_iar\mt7697_hdk\iot_sdk_demo\Debug\Obj\nvdm_port.o"
#        "C:\LEO\myGit\MTK
#        IOT\SDK_V4.2.0\out_iar\mt7697_hdk\iot_sdk_demo\Debug\Obj\nvic.o"
#        "C:\LEO\myGit\MTK
#        IOT\SDK_V4.2.0\out_iar\mt7697_hdk\iot_sdk_demo\Debug\Obj\oid.o"
#        "C:\LEO\myGit\MTK
#        IOT\SDK_V4.2.0\out_iar\mt7697_hdk\iot_sdk_demo\Debug\Obj\open.o"
#        "C:\LEO\myGit\MTK
#        IOT\SDK_V4.2.0\out_iar\mt7697_hdk\iot_sdk_demo\Debug\Obj\os_cli.o"
#        "C:\LEO\myGit\MTK
#        IOT\SDK_V4.2.0\out_iar\mt7697_hdk\iot_sdk_demo\Debug\Obj\os_port_callback.o"
#        "C:\LEO\myGit\MTK
#        IOT\SDK_V4.2.0\out_iar\mt7697_hdk\iot_sdk_demo\Debug\Obj\os_util.o"
#        "C:\LEO\myGit\MTK
#        IOT\SDK_V4.2.0\out_iar\mt7697_hdk\iot_sdk_demo\Debug\Obj\os_utils.o"
#        "C:\LEO\myGit\MTK
#        IOT\SDK_V4.2.0\out_iar\mt7697_hdk\iot_sdk_demo\Debug\Obj\padlock.o"
#        "C:\LEO\myGit\MTK
#        IOT\SDK_V4.2.0\out_iar\mt7697_hdk\iot_sdk_demo\Debug\Obj\pbuf.o"
#        "C:\LEO\myGit\MTK
#        IOT\SDK_V4.2.0\out_iar\mt7697_hdk\iot_sdk_demo\Debug\Obj\pem.o"
#        "C:\LEO\myGit\MTK
#        IOT\SDK_V4.2.0\out_iar\mt7697_hdk\iot_sdk_demo\Debug\Obj\ping.o"
#        "C:\LEO\myGit\MTK
#        IOT\SDK_V4.2.0\out_iar\mt7697_hdk\iot_sdk_demo\Debug\Obj\ping_cli.o"
#        "C:\LEO\myGit\MTK
#        IOT\SDK_V4.2.0\out_iar\mt7697_hdk\iot_sdk_demo\Debug\Obj\pinmux.o"
#        "C:\LEO\myGit\MTK
#        IOT\SDK_V4.2.0\out_iar\mt7697_hdk\iot_sdk_demo\Debug\Obj\pk.o"
#        "C:\LEO\myGit\MTK
#        IOT\SDK_V4.2.0\out_iar\mt7697_hdk\iot_sdk_demo\Debug\Obj\pk_wrap.o"
#        "C:\LEO\myGit\MTK
#        IOT\SDK_V4.2.0\out_iar\mt7697_hdk\iot_sdk_demo\Debug\Obj\pkcs11.o"
#        "C:\LEO\myGit\MTK
#        IOT\SDK_V4.2.0\out_iar\mt7697_hdk\iot_sdk_demo\Debug\Obj\pkcs12.o"
#        "C:\LEO\myGit\MTK
#        IOT\SDK_V4.2.0\out_iar\mt7697_hdk\iot_sdk_demo\Debug\Obj\pkcs5.o"
#        "C:\LEO\myGit\MTK
#        IOT\SDK_V4.2.0\out_iar\mt7697_hdk\iot_sdk_demo\Debug\Obj\pkparse.o"
#        "C:\LEO\myGit\MTK
#        IOT\SDK_V4.2.0\out_iar\mt7697_hdk\iot_sdk_demo\Debug\Obj\pkwrite.o"
#        "C:\LEO\myGit\MTK
#        IOT\SDK_V4.2.0\out_iar\mt7697_hdk\iot_sdk_demo\Debug\Obj\platform.o"
#        "C:\LEO\myGit\MTK
#        IOT\SDK_V4.2.0\out_iar\mt7697_hdk\iot_sdk_demo\Debug\Obj\port.o"
#        "C:\LEO\myGit\MTK
#        IOT\SDK_V4.2.0\out_iar\mt7697_hdk\iot_sdk_demo\Debug\Obj\port_tick.o"
#        "C:\LEO\myGit\MTK
#        IOT\SDK_V4.2.0\out_iar\mt7697_hdk\iot_sdk_demo\Debug\Obj\portasm.o"
#        "C:\LEO\myGit\MTK
#        IOT\SDK_V4.2.0\out_iar\mt7697_hdk\iot_sdk_demo\Debug\Obj\ppp.o"
#        "C:\LEO\myGit\MTK
#        IOT\SDK_V4.2.0\out_iar\mt7697_hdk\iot_sdk_demo\Debug\Obj\pppapi.o"
#        "C:\LEO\myGit\MTK
#        IOT\SDK_V4.2.0\out_iar\mt7697_hdk\iot_sdk_demo\Debug\Obj\pppcrypt.o"
#        "C:\LEO\myGit\MTK
#        IOT\SDK_V4.2.0\out_iar\mt7697_hdk\iot_sdk_demo\Debug\Obj\pppoe.o"
#        "C:\LEO\myGit\MTK
#        IOT\SDK_V4.2.0\out_iar\mt7697_hdk\iot_sdk_demo\Debug\Obj\pppos.o"
#        "C:\LEO\myGit\MTK
#        IOT\SDK_V4.2.0\out_iar\mt7697_hdk\iot_sdk_demo\Debug\Obj\pwm.o"
#        "C:\LEO\myGit\MTK
#        IOT\SDK_V4.2.0\out_iar\mt7697_hdk\iot_sdk_demo\Debug\Obj\queue.o"
#        "C:\LEO\myGit\MTK
#        IOT\SDK_V4.2.0\out_iar\mt7697_hdk\iot_sdk_demo\Debug\Obj\raw.o"
#        "C:\LEO\myGit\MTK
#        IOT\SDK_V4.2.0\out_iar\mt7697_hdk\iot_sdk_demo\Debug\Obj\read.o"
#        "C:\LEO\myGit\MTK
#        IOT\SDK_V4.2.0\out_iar\mt7697_hdk\iot_sdk_demo\Debug\Obj\remove.o"
#        "C:\LEO\myGit\MTK
#        IOT\SDK_V4.2.0\out_iar\mt7697_hdk\iot_sdk_demo\Debug\Obj\ripemd160.o"
#        "C:\LEO\myGit\MTK
#        IOT\SDK_V4.2.0\out_iar\mt7697_hdk\iot_sdk_demo\Debug\Obj\rsa.o"
#        "C:\LEO\myGit\MTK
#        IOT\SDK_V4.2.0\out_iar\mt7697_hdk\iot_sdk_demo\Debug\Obj\sfc.o"
#        "C:\LEO\myGit\MTK
#        IOT\SDK_V4.2.0\out_iar\mt7697_hdk\iot_sdk_demo\Debug\Obj\sha1.o"
#        "C:\LEO\myGit\MTK
#        IOT\SDK_V4.2.0\out_iar\mt7697_hdk\iot_sdk_demo\Debug\Obj\sha256.o"
#        "C:\LEO\myGit\MTK
#        IOT\SDK_V4.2.0\out_iar\mt7697_hdk\iot_sdk_demo\Debug\Obj\sha512.o"
#        "C:\LEO\myGit\MTK
#        IOT\SDK_V4.2.0\out_iar\mt7697_hdk\iot_sdk_demo\Debug\Obj\slipif.o"
#        "C:\LEO\myGit\MTK
#        IOT\SDK_V4.2.0\out_iar\mt7697_hdk\iot_sdk_demo\Debug\Obj\smt_api.o"
#        "C:\LEO\myGit\MTK
#        IOT\SDK_V4.2.0\out_iar\mt7697_hdk\iot_sdk_demo\Debug\Obj\smt_conn.o"
#        "C:\LEO\myGit\MTK
#        IOT\SDK_V4.2.0\out_iar\mt7697_hdk\iot_sdk_demo\Debug\Obj\sockets.o"
#        "C:\LEO\myGit\MTK
#        IOT\SDK_V4.2.0\out_iar\mt7697_hdk\iot_sdk_demo\Debug\Obj\spi_flash.o"
#        "C:\LEO\myGit\MTK
#        IOT\SDK_V4.2.0\out_iar\mt7697_hdk\iot_sdk_demo\Debug\Obj\spim.o"
#        "C:\LEO\myGit\MTK
#        IOT\SDK_V4.2.0\out_iar\mt7697_hdk\iot_sdk_demo\Debug\Obj\ssl_cache.o"
#        "C:\LEO\myGit\MTK
#        IOT\SDK_V4.2.0\out_iar\mt7697_hdk\iot_sdk_demo\Debug\Obj\ssl_ciphersuites.o"
#        "C:\LEO\myGit\MTK
#        IOT\SDK_V4.2.0\out_iar\mt7697_hdk\iot_sdk_demo\Debug\Obj\ssl_cli.o"
#        "C:\LEO\myGit\MTK
#        IOT\SDK_V4.2.0\out_iar\mt7697_hdk\iot_sdk_demo\Debug\Obj\ssl_cookie.o"
#        "C:\LEO\myGit\MTK
#        IOT\SDK_V4.2.0\out_iar\mt7697_hdk\iot_sdk_demo\Debug\Obj\ssl_srv.o"
#        "C:\LEO\myGit\MTK
#        IOT\SDK_V4.2.0\out_iar\mt7697_hdk\iot_sdk_demo\Debug\Obj\ssl_ticket.o"
#        "C:\LEO\myGit\MTK
#        IOT\SDK_V4.2.0\out_iar\mt7697_hdk\iot_sdk_demo\Debug\Obj\ssl_tls.o"
#        "C:\LEO\myGit\MTK
#        IOT\SDK_V4.2.0\out_iar\mt7697_hdk\iot_sdk_demo\Debug\Obj\startup_mt7687.o"
#        "C:\LEO\myGit\MTK
#        IOT\SDK_V4.2.0\out_iar\mt7697_hdk\iot_sdk_demo\Debug\Obj\stats.o"
#        "C:\LEO\myGit\MTK
#        IOT\SDK_V4.2.0\out_iar\mt7697_hdk\iot_sdk_demo\Debug\Obj\sys.o"
#        "C:\LEO\myGit\MTK
#        IOT\SDK_V4.2.0\out_iar\mt7697_hdk\iot_sdk_demo\Debug\Obj\sys_arch.o"
#        "C:\LEO\myGit\MTK
#        IOT\SDK_V4.2.0\out_iar\mt7697_hdk\iot_sdk_demo\Debug\Obj\sys_init.o"
#        "C:\LEO\myGit\MTK
#        IOT\SDK_V4.2.0\out_iar\mt7697_hdk\iot_sdk_demo\Debug\Obj\syslog_cli.o"
#        "C:\LEO\myGit\MTK
#        IOT\SDK_V4.2.0\out_iar\mt7697_hdk\iot_sdk_demo\Debug\Obj\system_mt7687.o"
#        "C:\LEO\myGit\MTK
#        IOT\SDK_V4.2.0\out_iar\mt7697_hdk\iot_sdk_demo\Debug\Obj\tasks.o"
#        "C:\LEO\myGit\MTK
#        IOT\SDK_V4.2.0\out_iar\mt7697_hdk\iot_sdk_demo\Debug\Obj\tcp.o"
#        "C:\LEO\myGit\MTK
#        IOT\SDK_V4.2.0\out_iar\mt7697_hdk\iot_sdk_demo\Debug\Obj\tcp_in.o"
#        "C:\LEO\myGit\MTK
#        IOT\SDK_V4.2.0\out_iar\mt7697_hdk\iot_sdk_demo\Debug\Obj\tcp_out.o"
#        "C:\LEO\myGit\MTK
#        IOT\SDK_V4.2.0\out_iar\mt7697_hdk\iot_sdk_demo\Debug\Obj\tcpip.o"
#        "C:\LEO\myGit\MTK
#        IOT\SDK_V4.2.0\out_iar\mt7697_hdk\iot_sdk_demo\Debug\Obj\threading.o"
#        "C:\LEO\myGit\MTK
#        IOT\SDK_V4.2.0\out_iar\mt7697_hdk\iot_sdk_demo\Debug\Obj\timer.o"
#        "C:\LEO\myGit\MTK
#        IOT\SDK_V4.2.0\out_iar\mt7697_hdk\iot_sdk_demo\Debug\Obj\timers.o"
#        "C:\LEO\myGit\MTK
#        IOT\SDK_V4.2.0\out_iar\mt7697_hdk\iot_sdk_demo\Debug\Obj\timing.o"
#        "C:\LEO\myGit\MTK
#        IOT\SDK_V4.2.0\out_iar\mt7697_hdk\iot_sdk_demo\Debug\Obj\top.o"
#        "C:\LEO\myGit\MTK
#        IOT\SDK_V4.2.0\out_iar\mt7697_hdk\iot_sdk_demo\Debug\Obj\uart.o"
#        "C:\LEO\myGit\MTK
#        IOT\SDK_V4.2.0\out_iar\mt7697_hdk\iot_sdk_demo\Debug\Obj\udp.o"
#        "C:\LEO\myGit\MTK
#        IOT\SDK_V4.2.0\out_iar\mt7697_hdk\iot_sdk_demo\Debug\Obj\upap.o"
#        "C:\LEO\myGit\MTK
#        IOT\SDK_V4.2.0\out_iar\mt7697_hdk\iot_sdk_demo\Debug\Obj\ut_app.o"
#        "C:\LEO\myGit\MTK
#        IOT\SDK_V4.2.0\out_iar\mt7697_hdk\iot_sdk_demo\Debug\Obj\ut_app_gap.o"
#        "C:\LEO\myGit\MTK
#        IOT\SDK_V4.2.0\out_iar\mt7697_hdk\iot_sdk_demo\Debug\Obj\utils.o"
#        "C:\LEO\myGit\MTK
#        IOT\SDK_V4.2.0\out_iar\mt7697_hdk\iot_sdk_demo\Debug\Obj\version.o"
#        "C:\LEO\myGit\MTK
#        IOT\SDK_V4.2.0\out_iar\mt7697_hdk\iot_sdk_demo\Debug\Obj\version_features.o"
#        "C:\LEO\myGit\MTK
#        IOT\SDK_V4.2.0\out_iar\mt7697_hdk\iot_sdk_demo\Debug\Obj\vj.o"
#        "C:\LEO\myGit\MTK
#        IOT\SDK_V4.2.0\out_iar\mt7697_hdk\iot_sdk_demo\Debug\Obj\wifi_channel.o"
#        "C:\LEO\myGit\MTK
#        IOT\SDK_V4.2.0\out_iar\mt7697_hdk\iot_sdk_demo\Debug\Obj\wifi_cli.o"
#        "C:\LEO\myGit\MTK
#        IOT\SDK_V4.2.0\out_iar\mt7697_hdk\iot_sdk_demo\Debug\Obj\wifi_default_config.o"
#        "C:\LEO\myGit\MTK
#        IOT\SDK_V4.2.0\out_iar\mt7697_hdk\iot_sdk_demo\Debug\Obj\wifi_ex_cli.o"
#        "C:\LEO\myGit\MTK
#        IOT\SDK_V4.2.0\out_iar\mt7697_hdk\iot_sdk_demo\Debug\Obj\wifi_ex_config.o"
#        "C:\LEO\myGit\MTK
#        IOT\SDK_V4.2.0\out_iar\mt7697_hdk\iot_sdk_demo\Debug\Obj\wifi_ex_connect.o"
#        "C:\LEO\myGit\MTK
#        IOT\SDK_V4.2.0\out_iar\mt7697_hdk\iot_sdk_demo\Debug\Obj\wifi_ex_profile.o"
#        "C:\LEO\myGit\MTK
#        IOT\SDK_V4.2.0\out_iar\mt7697_hdk\iot_sdk_demo\Debug\Obj\wifi_inband_cli.o"
#        "C:\LEO\myGit\MTK
#        IOT\SDK_V4.2.0\out_iar\mt7697_hdk\iot_sdk_demo\Debug\Obj\wifi_init.o"
#        "C:\LEO\myGit\MTK
#        IOT\SDK_V4.2.0\out_iar\mt7697_hdk\iot_sdk_demo\Debug\Obj\wifi_lwip_helper.o"
#        "C:\LEO\myGit\MTK
#        IOT\SDK_V4.2.0\out_iar\mt7697_hdk\iot_sdk_demo\Debug\Obj\wifi_nvdm_config.o"
#        "C:\LEO\myGit\MTK
#        IOT\SDK_V4.2.0\out_iar\mt7697_hdk\iot_sdk_demo\Debug\Obj\wifi_os_api.o"
#        "C:\LEO\myGit\MTK
#        IOT\SDK_V4.2.0\out_iar\mt7697_hdk\iot_sdk_demo\Debug\Obj\wifi_private_cli.o"
#        "C:\LEO\myGit\MTK
#        IOT\SDK_V4.2.0\out_iar\mt7697_hdk\iot_sdk_demo\Debug\Obj\wifi_profile.o"
#        "C:\LEO\myGit\MTK
#        IOT\SDK_V4.2.0\out_iar\mt7697_hdk\iot_sdk_demo\Debug\Obj\wifi_wps.o"
#        "C:\LEO\myGit\MTK
#        IOT\SDK_V4.2.0\out_iar\mt7697_hdk\iot_sdk_demo\Debug\Obj\write.o"
#        "C:\LEO\myGit\MTK
#        IOT\SDK_V4.2.0\out_iar\mt7697_hdk\iot_sdk_demo\Debug\Obj\x509.o"
#        "C:\LEO\myGit\MTK
#        IOT\SDK_V4.2.0\out_iar\mt7697_hdk\iot_sdk_demo\Debug\Obj\x509_create.o"
#        "C:\LEO\myGit\MTK
#        IOT\SDK_V4.2.0\out_iar\mt7697_hdk\iot_sdk_demo\Debug\Obj\x509_crl.o"
#        "C:\LEO\myGit\MTK
#        IOT\SDK_V4.2.0\out_iar\mt7697_hdk\iot_sdk_demo\Debug\Obj\x509_crt.o"
#        "C:\LEO\myGit\MTK
#        IOT\SDK_V4.2.0\out_iar\mt7697_hdk\iot_sdk_demo\Debug\Obj\x509_csr.o"
#        "C:\LEO\myGit\MTK
#        IOT\SDK_V4.2.0\out_iar\mt7697_hdk\iot_sdk_demo\Debug\Obj\x509write_crt.o"
#        "C:\LEO\myGit\MTK
#        IOT\SDK_V4.2.0\out_iar\mt7697_hdk\iot_sdk_demo\Debug\Obj\x509write_csr.o"
#        "C:\LEO\myGit\MTK
#        IOT\SDK_V4.2.0\out_iar\mt7697_hdk\iot_sdk_demo\Debug\Obj\xtea.o"
#        --redirect _Printf=_PrintfSmall --redirect _Scanf=_ScanfSmall -o
#        "C:\LEO\myGit\MTK
#        IOT\SDK_V4.2.0\out_iar\mt7697_hdk\iot_sdk_demo\Debug\Exe\iot_sdk_demo.out"
#        --keep __bootloader "--image_input=C:\LEO\myGit\MTK
#        IOT\SDK_V4.2.0\project\mt7697_hdk\apps\iot_sdk_demo\EWARM\..\..\..\..\..\tools\iar\mt7697\bootloader\bootloader.bin,__bootloader,.bootloader,8"
#        --map "C:\LEO\myGit\MTK
#        IOT\SDK_V4.2.0\out_iar\mt7697_hdk\iot_sdk_demo\Debug\List\iot_sdk_demo.map"
#        --config "C:\LEO\myGit\MTK
#        IOT\SDK_V4.2.0\project\mt7697_hdk\apps\iot_sdk_demo\EWARM\flash.icf"
#        --redirect malloc=pvPortMalloc --redirect calloc=pvPortCalloc
#        --redirect realloc=pvPortRealloc --redirect free=vPortFree --entry
#        __iar_program_start --vfe
#
###############################################################################

*******************************************************************************
*** RUNTIME MODEL ATTRIBUTES
***

CppFlavor                     = *
__SystemLibrary               = DLib
__dlib_dynamic_initialization = normal


*******************************************************************************
*** PLACEMENT SUMMARY
***

"P1":  place in [from 0x10000000 to 0x10008000] { section .bootloader };
"A0":  place at start of [0x10010000-0x10078fff] { block N9_BIN_BLOCK };
"A1":  place at start of [0x10079000-0x100790ff] { section .reset_handler };
"A2":  place at start of [0x10079100-0x10138000] { block ROM_BLOCK };
"P2":  place in [from 0x00100000 to 0x00110000] { block TCM_BLOCK };
"A3":  place at start of [0x20000400-0x20040000] { block RAM_BLOCK };
"A4":  place at end of [0x20000400-0x20040000] { block CSTACK };
initialize by copy { section .ramTEXT };
initialize by copy { rw };
 { section .n9fw };

  Section                Kind        Address     Size  Object
  -------                ----        -------     ----  ------
"P2":                                          0x2d8c
  TCM_BLOCK                       0x00100000   0x2d8c  <Block>
    section .ramTEXT-1            0x00100000   0x2508  <Init block>
      Veneer             inited   0x00100000      0x8  - Linker created -
      Veneer             inited   0x00100008      0x8  - Linker created -
      Veneer             inited   0x00100010      0x8  - Linker created -
      Veneer             inited   0x00100018      0x8  - Linker created -
      Veneer             inited   0x00100020      0x8  - Linker created -
      Veneer             inited   0x00100028      0x8  - Linker created -
      Veneer             inited   0x00100030      0x8  - Linker created -
      Veneer             inited   0x00100038      0x8  - Linker created -
      Veneer             inited   0x00100040      0x8  - Linker created -
      .ramTEXT           inited   0x00100048    0x328  flash_sfc.o [1]
      Veneer             inited   0x00100370      0x8  - Linker created -
      Veneer             inited   0x00100378      0x8  - Linker created -
      Veneer             inited   0x00100380      0x8  - Linker created -
      .ramTEXT           inited   0x00100388     0x78  hal_nvic.o [1]
      Veneer             inited   0x00100400      0x8  - Linker created -
      Veneer             inited   0x00100408      0x8  - Linker created -
      .ramTEXT           inited   0x00100410    0x298  sfc.o [1]
      Veneer             inited   0x001006a8      0x8  - Linker created -
      Veneer             inited   0x001006b0      0x8  - Linker created -
      .ramTEXT           inited   0x001006b8    0x770  spi_flash.o [1]
      .ramTEXT           inited   0x00100e28     0x1c  startup_mt7687.o [1]
      .ramTEXT           inited   0x00100e44     0x1c  startup_mt7687.o [1]
      .ramTEXT           inited   0x00100e60     0x1c  startup_mt7687.o [1]
      Veneer             inited   0x00100e7c      0x8  - Linker created -
      Veneer             inited   0x00100e84      0x8  - Linker created -
      Veneer             inited   0x00100e8c      0x8  - Linker created -
      .ramTEXT           inited   0x00100e94     0x7c  top.o [1]
      .ramTEXT           inited   0x00100f10   0x1378  sha1-internal.o [12]
      .ramTEXT           inited   0x00102288      0xe  nvic.o [1]
      .ramTEXT           inited   0x00102296     0x30  os_utils.o [1]
      Veneer             inited   0x001022c8      0x8  - Linker created -
      .ramTEXT           inited   0x001022d0    0x114  sha1-pbkdf2.o [12]
      .ramTEXT           inited   0x001023e4    0x124  sha1.o [12]
    .tcmBSS              zero     0x00102508    0x884  wpa_debug.o [12]
                                - 0x00102d8c   0x2d8c

"P1":                                          0x6880
  .bootloader            const    0x10000000   0x6880  bootloader.bin [2]
                                - 0x10006880   0x6880

"A0":                                         0x4501c
  N9_BIN_BLOCK                    0x10010000  0x4501c  <Block>
    .n9fw                const    0x10010000  0x4501c  mt76X7_n9_image.o [1]
                                - 0x1005501c  0x4501c

"A1":                                            0x4c
  .reset_handler         ro code  0x10079000     0x4c  startup_mt7687.o [1]
                                - 0x1007904c     0x4c

"A2":                                         0x9bae8
  ROM_BLOCK                       0x10079100  0x9bae8  <Block>
    .intvec                       0x10079100    0x1c0  <Block>
      .intvec            ro code  0x10079100    0x1c0  startup_mt7687.o [1]
    .text                ro code  0x100792c0   0x2648  iperf_task.o [1]
    .text                ro code  0x1007b908     0xdc  hal_gpt.o [1]
    .text                ro code  0x1007b9e4     0x42  strcmp_unaligned.o [17]
    .text                ro code  0x1007ba26      0x8  atoi.o [4]
    .text                ro code  0x1007ba2e     0x1a  xsnprout.o [4]
    .text                ro code  0x1007ba48   0x15bc  sockets.o [1]
    .text                ro code  0x1007d004    0x3f8  heap_4.o [1]
    .text                ro code  0x1007d3fc    0xe94  tasks.o [1]
    .text                ro code  0x1007e290     0x3a  ABImemset48.o [17]
    .text                ro code  0x1007e2ca     0x28  def.o [1]
    .text                ro code  0x1007e2f2     0x1e  xsscin.o [4]
    .text                ro code  0x1007e310     0x66  ABImemset.o [17]
    .text                ro code  0x1007e376      0xa  xsprout.o [4]
    .text                ro code  0x1007e380    0x2d8  ip4_addr.o [1]
    .text                ro code  0x1007e658     0x2e  DblCmpLe.o [16]
    .text                ro code  0x1007e688     0xe8  DblAdd.o [16]
    .text                ro code  0x1007e770     0x4c  DblToI32.o [16]
    .text                ro code  0x1007e7bc     0x30  I32ToDbl.o [16]
    .text                ro code  0x1007e7ec    0x180  DblSub.o [16]
    .text                ro code  0x1007e96c    0x1a2  DblMul.o [16]
    .text                ro code  0x1007eb0e     0x50  isxxx.o [4]
    .text                ro code  0x1007eb60     0x2e  DblCmpGe.o [16]
    .text                ro code  0x1007eb90    0x256  DblDiv.o [16]
    .text                ro code  0x1007ede8     0x36  strlen.o [17]
    .text                ro code  0x1007ee20     0x76  ABImemcpy_unaligned.o [17]
    .text                ro code  0x1007ee98     0x40  I64ToDbl.o [16]
    .text                ro code  0x1007eed8     0x34  sprintf.o [4]
    .text                ro code  0x1007ef0c     0x10  atof.o [16]
    .text                ro code  0x1007ef1c    0x328  gpt.o [1]
    .text                ro code  0x1007f244     0xc4  timer.o [1]
    .text                ro code  0x1007f308    0x304  top.o [1]
    .text                ro code  0x1007f60c     0x58  hal_log.o [1]
    .text                ro code  0x1007f664    0x198  xstoul.o [4]
    .text                ro code  0x1007f7fc      0xc  errno.o [4]
    .text                ro code  0x1007f808    0x3ec  sys_arch.o [1]
    .text                ro code  0x1007fbf4    0xf30  pbuf.o [1]
    .text                ro code  0x10080b24    0x158  netbuf.o [1]
    .text                ro code  0x10080c7c    0xa98  api_lib.o [1]
    .text                ro code  0x10081714     0x24  printf.o [4]
    .text                ro code  0x10081738    0x29c  tcpip.o [1]
    .text                ro code  0x100819d4    0x994  exception_handler.o [10]
    .text                ro code  0x10082368    0x2e8  port.o [1]
    .text                ro code  0x10082650     0x90  list.o [1]
    .text                ro code  0x100826e0    0x4b8  timers.o [1]
    .text                ro code  0x10082b98     0x84  os_port_callback.o [1]
    .text                ro code  0x10082c1c     0x62  memcmp_unaligned.o [17]
    .text                ro code  0x10082c80     0x44  strcpy_unaligned.o [17]
    .text                ro code  0x10082cc4     0x54  setlocale.o [4]
    .text                ro code  0x10082d18     0x16  xlocale_c.o [4]
    .text                ro code  0x10082d2e     0x24  xlocale_c.o [4]
    .text                ro code  0x10082d52     0x14  xlocale_c.o [4]
    .text                ro code  0x10082d66      0xa  xlocale_c.o [4]
    .text                ro code  0x10082d70    0x7c4  xprintfsmall.o [4]
    .text                ro code  0x10083534    0x168  xstod.o [16]
    Veneer               ro code  0x1008369c      0x8  - Linker created -
    Veneer               ro code  0x100836a4      0x8  - Linker created -
    .text                ro code  0x100836ac     0x88  hal_nvic.o [1]
    .text                ro code  0x10083734     0x8c  system_mt7687.o [1]
    .text                ro code  0x100837c0    0xb18  syslog.o [10]
    .text                ro code  0x100842d8     0x14  tolower.o [4]
    .text                ro code  0x100842ec     0x58  memchr.o [17]
    .text                ro code  0x10084344      0x2  xtls.o [4]
    .text                ro code  0x10084348    0xb04  queue.o [1]
    .text                ro code  0x10084e4c     0xe0  rand.o [4]
    .text                ro code  0x10084f2c     0x20  srand.o [4]
    .text                ro code  0x10084f4c   0x1454  tcp.o [1]
    .text                ro code  0x100863a0    0x6cc  mem.o [1]
    .text                ro code  0x10086a6c   0x19ac  api_msg.o [1]
    .text                ro code  0x10088418    0x334  lwip_timers.o [1]
    .text                ro code  0x1008874c    0xd34  etharp.o [1]
    .text                ro code  0x10089480    0x51c  ip4.o [1]
    .text                ro code  0x1008999c     0x26  init.o [1]
    .text                ro code  0x100899c4     0x20  port_tick.o [1]
    CODE                 ro code  0x100899e4     0xa8  portasm.o [1]
    .text                ro code  0x10089a8c     0x20  xmbtowc.o [4]
    .text                ro code  0x10089aac     0x16  strchr.o [17]
    .text                ro code  0x10089ac2      0xa  xmbcurmax.o [4]
    .text                ro code  0x10089acc     0x1a  xwctomb.o [4]
    .text                ro code  0x10089ae6    0x122  xstopfx.o [4]
    .text                ro code  0x10089c08    0x1b8  xstoflt.o [4]
    .text                ro code  0x10089dc0    0x200  xdtento.o [16]
    .text                ro code  0x10089fc0    0x218  xstoxflt.o [4]
    .text                ro code  0x1008a1d8    0x114  xdscale.o [16]
    .text                ro code  0x1008a2ec    0x61c  hal_uart.o [1]
    .text                ro code  0x1008a908     0x18  vprintf.o [4]
    .text                ro code  0x1008a920     0x3c  vsnprint.o [4]
    .text                ro code  0x1008a95c    0x136  toi.o [10]
    .text                ro code  0x1008aa94     0x44  snprintf.o [4]
    .text                ro code  0x1008aad8      0xc  xlocale_c.o [4]
    .text                ro code  0x1008aae4   0x13d4  tcp_out.o [1]
    .text                ro code  0x1008beb8   0x1a38  tcp_in.o [1]
    .text                ro code  0x1008d8f0    0x2d4  raw.o [1]
    .text                ro code  0x1008dbc4    0x65c  udp.o [1]
    .text                ro code  0x1008e220    0x9ac  dns.o [1]
    .text                ro code  0x1008ebcc    0x9c4  ip_frag.o [1]
    .text                ro code  0x1008f590   0x1788  dhcp.o [1]
    .text                ro code  0x10090d18    0x17c  inet_chksum.o [1]
    .text                ro code  0x10090e94    0x430  icmp.o [1]
    .text                ro code  0x100912c4    0x540  netif.o [1]
    .text                ro code  0x10091804      0x2  stats.o [1]
    .text                ro code  0x10091808     0x60  xencoding_sb.o [4]
    .text                ro code  0x10091868     0x6c  localeconv.o [4]
    .text                ro code  0x100918d4     0x44  xdnorm.o [16]
    .text                ro code  0x10091918     0x20  DblCmpEq.o [16]
    .text                ro code  0x10091938     0x56  xdunscal.o [16]
    .text                ro code  0x10091990    0x3d4  uart.o [1]
    .text                ro code  0x10091d64     0x38  hal_sleep_manager.o [8]
    .text                ro code  0x10091d9c    0x5d8  dma.o [1]
    .text                ro code  0x10092374    0x194  hal_sleep_driver.o [8]
    .text                ro code  0x10092508   0x15f8  sha512.o [1]
    Veneer               ro code  0x10093b00      0x8  - Linker created -
    .ram_code            ro code  0x10093b08    0x100  exception_handler.o [10]
    .rodata              const    0x10093c08    0x200  aes.o [1]
    .rodata              const    0x10093e08     0x90  ble_gpio_service.o [1]
    .rodata              const    0x10093e98     0x50  ble_smtcn.o [1]
    .rodata              const    0x10093ee8     0x38  bt_debug.o [1]
    .rodata              const    0x10093f20    0x47c  bt_gattc_handle_op.o [1]
    .rodata              const    0x1009439c    0x318  cipher_wrap.o [1]
    .rodata              const    0x100946b4    0x220  cli_cmds.o [1]
    .rodata              const    0x100948d4      0x8  connsys_bus.o [1]
    .rodata              const    0x100948dc     0x34  dhcpd.o [1]
    .rodata              const    0x10094910     0x18  elian.o [1]
    .rodata              const    0x10094928    0x124  gatt_service.o [1]
    .rodata              const    0x10094a4c     0x78  gpio_cli.o [1]
    .rodata              const    0x10094ac4      0x4  hal_log.o [1]
    .rodata              const    0x10094ac8      0xc  httpclient.o [1]
    .rodata              const    0x10094ad4      0x8  ip4_addr.o [1]
    .rodata              const    0x10094adc     0x34  iperf_cli.o [1]
    .rodata              const    0x10094b10     0x44  iperf_task.o [1]
    .rodata              const    0x10094b54     0x54  lp_ex_sleep.o [1]
    .rodata              const    0x10094ba8      0x8  lwip_log.o [1]
    .rodata              const    0x10094bb0      0x4  mcs.o [1]
    .rodata              const    0x10094bb4    0x14c  md_wrap.o [1]
    .rodata              const    0x10094d00     0x64  memory_regions.o [1]
    .rodata              const    0x10094d64     0x20  memp.o [1]
    .rodata              const    0x10094d84     0x3c  nvdm_cli.o [1]
    .rodata              const    0x10094dc0    0x9b4  oid.o [1]
    .rodata              const    0x10095774     0x50  os_cli.o [1]
    .rodata              const    0x100957c4     0x34  pk_wrap.o [1]
    .rodata              const    0x100957f8      0x8  smt_api.o [1]
    .rodata              const    0x10095800     0x9c  spi_flash.o [1]
    .rodata              const    0x1009589c    0x195  ssl_ciphersuites.o [1]
    .rodata              const    0x10095a34      0x8  sys_init.o [1]
    .rodata              const    0x10095a3c     0x14  syslog_cli.o [1]
    .rodata              const    0x10095a50     0x1a  uart.o [1]
    .rodata              const    0x10095a6c    0x548  ut_app.o [1]
    .rodata              const    0x10095fb4      0xc  wifi_cli.o [1]
    .rodata              const    0x10095fc0    0x104  wifi_ex_cli.o [1]
    .rodata              const    0x100960c4    0x364  wifi_ex_config.o [1]
    .rodata              const    0x10096428    0x108  wifi_ex_connect.o [1]
    .rodata              const    0x10096530    0x338  wifi_ex_profile.o [1]
    .rodata              const    0x10096868    0x19c  wifi_inband_cli.o [1]
    .rodata              const    0x10096a04      0x8  wifi_init.o [1]
    .rodata              const    0x10096a0c    0x37c  wifi_nvdm_config.o [1]
    .rodata              const    0x10096d88    0x418  x509_crt.o [1]
    .rodata              const    0x100971a0     0xf4  bt_gatts.o [5]
    .rodata              const    0x10097294      0x8  syslog.o [10]
    .rodata              const    0x1009729c      0x4  syslog.o [10]
    .rodata              const    0x100972a0      0x4  syslog.o [10]
    .rodata              const    0x100972a4      0x8  syslog.o [10]
    .rodata              const    0x100972ac      0x8  syslog.o [10]
    .rodata              const    0x100972b4      0x8  syslog.o [10]
    .rodata              const    0x100972bc     0x20  syslog.o [10]
    .rodata              const    0x100972dc     0x30  syslog.o [10]
    .rodata              const    0x1009730c     0x24  syslog.o [10]
    .rodata              const    0x10097330      0x8  syslog.o [10]
    .rodata              const    0x10097338      0x8  syslog.o [10]
    .rodata              const    0x10097340      0x8  syslog.o [10]
    .rodata              const    0x10097348      0x8  syslog.o [10]
    .rodata              const    0x10097350      0x8  syslog.o [10]
    .rodata              const    0x10097358     0x20  syslog.o [10]
    .rodata              const    0x10097378      0x8  syslog.o [10]
    .rodata              const    0x10097380     0x28  syslog.o [10]
    .rodata              const    0x100973a8     0x14  syslog.o [10]
    .rodata              const    0x100973bc     0x18  syslog.o [10]
    .rodata              const    0x100973d4     0x44  syslog.o [10]
    .rodata              const    0x10097418     0x3c  syslog.o [10]
    .rodata              const    0x10097454     0x44  syslog.o [10]
    .rodata              const    0x10097498    0x330  wifi_api.o [15]
    .rodata              const    0x100977c8     0x38  minisupp_cli.o [12]
    .rodata              const    0x10097800     0x28  exception_handler.o [10]
    .rodata              const    0x10097828     0x10  exception_handler.o [10]
    .rodata              const    0x10097838     0x14  exception_handler.o [10]
    .rodata              const    0x1009784c     0x14  exception_handler.o [10]
    .rodata              const    0x10097860     0x14  exception_handler.o [10]
    .rodata              const    0x10097874     0x18  exception_handler.o [10]
    .rodata              const    0x1009788c     0x10  exception_handler.o [10]
    .rodata              const    0x1009789c     0x18  exception_handler.o [10]
    .rodata              const    0x100978b4     0x1c  exception_handler.o [10]
    .rodata              const    0x100978d0     0x40  exception_handler.o [10]
    .rodata              const    0x10097910     0x38  exception_handler.o [10]
    .rodata              const    0x10097948     0x3c  exception_handler.o [10]
    .rodata              const    0x10097984     0x20  exception_handler.o [10]
    .rodata              const    0x100979a4     0x40  exception_handler.o [10]
    .rodata              const    0x100979e4     0x18  exception_handler.o [10]
    .rodata              const    0x100979fc      0xc  exception_handler.o [10]
    .rodata              const    0x10097a08     0x3c  exception_handler.o [10]
    .rodata              const    0x10097a44     0x38  exception_handler.o [10]
    .rodata              const    0x10097a7c     0x38  exception_handler.o [10]
    .rodata              const    0x10097ab4     0x2c  exception_handler.o [10]
    .rodata              const    0x10097ae0     0x34  exception_handler.o [10]
    .rodata              const    0x10097b14     0x38  exception_handler.o [10]
    .rodata              const    0x10097b4c     0x18  exception_handler.o [10]
    .rodata              const    0x10097b64     0x10  exception_handler.o [10]
    .rodata              const    0x10097b74     0x10  exception_handler.o [10]
    .rodata              const    0x10097b84     0x10  exception_handler.o [10]
    .rodata              const    0x10097b94     0x10  exception_handler.o [10]
    .rodata              const    0x10097ba4     0x10  exception_handler.o [10]
    .rodata              const    0x10097bb4     0x10  exception_handler.o [10]
    .rodata              const    0x10097bc4     0x10  exception_handler.o [10]
    .rodata              const    0x10097bd4     0x10  exception_handler.o [10]
    .rodata              const    0x10097be4     0x10  exception_handler.o [10]
    .rodata              const    0x10097bf4     0x10  exception_handler.o [10]
    .rodata              const    0x10097c04     0x10  exception_handler.o [10]
    .rodata              const    0x10097c14     0x10  exception_handler.o [10]
    .rodata              const    0x10097c24     0x10  exception_handler.o [10]
    .rodata              const    0x10097c34     0x10  exception_handler.o [10]
    .rodata              const    0x10097c44     0x10  exception_handler.o [10]
    .rodata              const    0x10097c54     0x10  exception_handler.o [10]
    .rodata              const    0x10097c64     0x14  exception_handler.o [10]
    .rodata              const    0x10097c78     0x10  exception_handler.o [10]
    .rodata              const    0x10097c88     0x10  exception_handler.o [10]
    .rodata              const    0x10097c98     0x10  exception_handler.o [10]
    .rodata              const    0x10097ca8     0x10  exception_handler.o [10]
    .rodata              const    0x10097cb8     0x10  exception_handler.o [10]
    .rodata              const    0x10097cc8     0x10  exception_handler.o [10]
    .rodata              const    0x10097cd8     0x10  exception_handler.o [10]
    .rodata              const    0x10097ce8     0x10  exception_handler.o [10]
    .rodata              const    0x10097cf8     0x10  exception_handler.o [10]
    .rodata              const    0x10097d08     0x10  exception_handler.o [10]
    .rodata              const    0x10097d18     0x10  exception_handler.o [10]
    .rodata              const    0x10097d28     0x10  exception_handler.o [10]
    .rodata              const    0x10097d38     0x10  exception_handler.o [10]
    .rodata              const    0x10097d48     0x10  exception_handler.o [10]
    .rodata              const    0x10097d58     0x10  exception_handler.o [10]
    .rodata              const    0x10097d68     0x10  exception_handler.o [10]
    .rodata              const    0x10097d78     0x10  exception_handler.o [10]
    .rodata              const    0x10097d88     0x10  exception_handler.o [10]
    .rodata              const    0x10097d98     0x10  exception_handler.o [10]
    .rodata              const    0x10097da8     0x10  exception_handler.o [10]
    .rodata              const    0x10097db8     0x10  exception_handler.o [10]
    .rodata              const    0x10097dc8     0x10  exception_handler.o [10]
    .rodata              const    0x10097dd8     0x10  exception_handler.o [10]
    .rodata              const    0x10097de8     0x10  exception_handler.o [10]
    .rodata              const    0x10097df8     0x10  exception_handler.o [10]
    .rodata              const    0x10097e08     0x10  exception_handler.o [10]
    .rodata              const    0x10097e18     0x10  exception_handler.o [10]
    .rodata              const    0x10097e28     0x10  exception_handler.o [10]
    .rodata              const    0x10097e38     0x10  exception_handler.o [10]
    .rodata              const    0x10097e48     0x10  exception_handler.o [10]
    .rodata              const    0x10097e58     0x10  exception_handler.o [10]
    .rodata              const    0x10097e68     0x10  exception_handler.o [10]
    .rodata              const    0x10097e78     0x14  exception_handler.o [10]
    .rodata              const    0x10097e8c     0x14  exception_handler.o [10]
    .rodata              const    0x10097ea0     0x14  exception_handler.o [10]
    .rodata              const    0x10097eb4     0x14  exception_handler.o [10]
    .rodata              const    0x10097ec8     0x14  exception_handler.o [10]
    .rodata              const    0x10097edc     0x20  exception_handler.o [10]
    .rodata              const    0x10097efc     0x1c  exception_handler.o [10]
    .rodata              const    0x10097f18     0x1c  exception_handler.o [10]
    .rodata              const    0x10097f34     0x18  exception_handler.o [10]
    .rodata              const    0x10097f4c     0x14  exception_handler.o [10]
    .rodata              const    0x10097f60     0x18  exception_handler.o [10]
    .rodata              const    0x10097f78     0x20  exception_handler.o [10]
    .rodata              const    0x10097f98     0x1c  exception_handler.o [10]
    .rodata              const    0x10097fb4     0x1c  exception_handler.o [10]
    .rodata              const    0x10097fd0     0x30  wpa_supplicant_entry.o [12]
    .rodata              const    0x10098000      0xc  wpa_debug.o [12]
    .rodata              const    0x1009800c     0x10  bt_gap_init.o [5]
    .rodata              const    0x1009801c     0x68  bt_smp.o [5]
    .rodata              const    0x10098084    0x218  driver_inband.o [12]
    .rodata              const    0x1009829c    0x910  bt_sm.o [5]
    .rodata              const    0x10098bac    0x1ec  driver_none.o [12]
    .rodata              const    0x10098d98    0x500  aes-internal.o [12]
    .text                ro code  0x10099298   0x2b60  aes.o [1]
    .text                ro code  0x1009bdf8     0xc6  arc4.o [1]
    .text                ro code  0x1009bec0    0x33a  asn1parse.o [1]
    .text                ro code  0x1009c1fc   0x1c86  bignum.o [1]
    .text                ro code  0x1009de84    0x1a0  base64.o [1]
    .text                ro code  0x1009e024    0x620  ble_gpio_client.o [1]
    .text                ro code  0x1009e644    0x258  bt_debug.o [1]
    .text                ro code  0x1009e89c    0x514  bt_gattc_srv.o [1]
    .text                ro code  0x1009edb0      0x6  ABImemclr4.o [17]
    .text                ro code  0x1009edb8   0x1664  bt_gattc_handle_op.o [1]
    .text                ro code  0x100a041c      0x4  x509_crt.o [1]
    .text                ro code  0x100a0420    0x850  bt_gap_le_adv.o [5]
    .text                ro code  0x100a0c70    0x5b0  bt_gattc_connect.o [1]
    .text                ro code  0x100a1220    0xe64  bt_gattc.o [5]
    .text                ro code  0x100a2084     0xe0  bt_uuid.o [5]
    .text                ro code  0x100a2164    0x33c  connection_info.o [1]
    Veneer               ro code  0x100a24a0      0x8  - Linker created -
    .text                ro code  0x100a24a8   0x19d8  mcs.o [1]
    .text                ro code  0x100a3e80     0x2e  strstr.o [4]
    .text                ro code  0x100a3eb0    0x358  bt_platform.o [5]
    Veneer               ro code  0x100a4208      0x8  - Linker created -
    .text                ro code  0x100a4210   0x3fc4  ut_app.o [1]
    .text                ro code  0x100a81d4    0x214  bt_common.o [5]
    .text                ro code  0x100a83e8   0x1420  bt_hci.o [5]
    .text                ro code  0x100a9808     0xd0  bt_gap_le_multi_adv.o [6]
    .text                ro code  0x100a98d8    0x874  bt_memory.o [5]
    .text                ro code  0x100aa14c     0x6a  bt_linknode.o [5]
    .text                ro code  0x100aa1b8   0x2990  bt_gap_le.o [5]
    .text                ro code  0x100acb48    0x560  bt_att.o [5]
    .text                ro code  0x100ad0a8     0x4c  strtok.o [4]
    .text                ro code  0x100ad0f4     0x3d  strtok_r.o [4]
    .text                ro code  0x100ad132     0x1c  strcat.o [4]
    .text                ro code  0x100ad150   0x24c8  httpclient.o [1]
    .text                ro code  0x100af618    0x17c  hal_gpio.o [1]
    .text                ro code  0x100af794    0x4f0  wifi_lwip_helper.o [1]
    .text                ro code  0x100afc84   0x1228  ble_smtcn.o [1]
    .text                ro code  0x100b0eac    0x2e8  hal_eint.o [1]
    .text                ro code  0x100b1194     0x2c  strncmp.o [4]
    .text                ro code  0x100b11c0     0xb8  os_utils.o [1]
    .text                ro code  0x100b1278    0xfa0  nvdm_data.o [13]
    .text                ro code  0x100b2218    0x208  bt_os_layer_api.o [1]
    .text                ro code  0x100b2420    0x240  bt_task.o [1]
    .text                ro code  0x100b2660    0x298  bt_timer.o [5]
    .text                ro code  0x100b28f8     0x8a  bt_hci_log.o [1]
    .text                ro code  0x100b2984     0x88  bt_driver_lib_verno.o [7]
    .text                ro code  0x100b2a0c     0x84  bt_stack_lib_verno.o [5]
    .text                ro code  0x100b2a90    0xbb0  bt_driver.o [7]
    .text                ro code  0x100b3640     0x24  sscanf.o [4]
    .text                ro code  0x100b3664   0x1598  bt_gatts.o [5]
    .text                ro code  0x100b4bfc      0x4  strtoul.o [4]
    .text                ro code  0x100b4c00    0x970  bt_l2cap_le.o [5]
    .text                ro code  0x100b5570    0xb44  bt_gap_init.o [5]
    .text                ro code  0x100b60b4    0x5a8  bt_smp.o [5]
    .text                ro code  0x100b665c     0x24  strspn.o [4]
    .text                ro code  0x100b6680     0x24  strcspn.o [4]
    .text                ro code  0x100b66a4    0x23c  netdb.o [1]
    .text                ro code  0x100b68e0   0x4574  ssl_tls.o [1]
    .text                ro code  0x100bae54     0x78  ABImemmove_unaligned.o [17]
    .text                ro code  0x100baecc     0x4e  strncasecmp.o [4]
    .text                ro code  0x100baf1c    0x638  debug.o [1]
    .text                ro code  0x100bb554    0x1a4  net.o [1]
    .text                ro code  0x100bb6f8   0x1c6c  x509_crt.o [1]
    .text                ro code  0x100bd364    0x22c  pk.o [1]
    .text                ro code  0x100bd590    0x404  ctr_drbg.o [1]
    .text                ro code  0x100bd994    0x2a4  entropy.o [1]
    .text                ro code  0x100bdc38    0x52c  pkparse.o [1]
    .text                ro code  0x100be164     0xc8  pinmux.o [1]
    .text                ro code  0x100be22c     0x98  low_hal_gpio.o [1]
    .text                ro code  0x100be2c4    0xdf8  ethernetif.o [1]
    .text                ro code  0x100bf0bc   0x2670  wifi_api.o [15]
    .text                ro code  0x100c172c    0x158  wifi_private_api.o [15]
    .text                ro code  0x100c1884   0x12e0  wifi_nvdm_config.o [1]
    .text                ro code  0x100c2b64   0x1cbc  dhcpd.o [1]
    .text                ro code  0x100c4820    0x354  nvdm_port.o [1]
    .text                ro code  0x100c4b74   0x1368  nvdm_main.o [13]
    .text                ro code  0x100c5edc     0x98  hci_log.o [1]
    .text                ro code  0x100c5f74    0x648  xscanfsmall.o [4]
    .text                ro code  0x100c65bc    0x140  gatt_service.o [1]
    .text                ro code  0x100c66fc    0x188  bt_cmac.o [5]
    .text                ro code  0x100c6884     0x34  fprintf.o [4]
    .text                ro code  0x100c68b8   0x3978  bt_sm.o [5]
    .text                ro code  0x100ca230    0xb30  md5.o [1]
    .text                ro code  0x100cad60   0x1308  sha1.o [1]
    .text                ro code  0x100cc068    0x2ce  md.o [1]
    .text                ro code  0x100cc338    0x4c4  cipher.o [1]
    .text                ro code  0x100cc7fc    0x4c0  ssl_ciphersuites.o [1]
    .text                ro code  0x100cccbc    0xbdc  sha256.o [1]
    .text                ro code  0x100cd898   0x1e78  ssl_cli.o [1]
    .text                ro code  0x100cf710    0x63c  x509.o [1]
    .text                ro code  0x100cfd4c    0x6d4  oid.o [1]
    .text                ro code  0x100d0420    0x560  pem.o [1]
    .text                ro code  0x100d0980    0xbec  rsa.o [1]
    .text                ro code  0x100d156c    0x310  hal_pinmux.o [1]
    .text                ro code  0x100d187c    0xee4  hal_gpio_7687.o [1]
    .text                ro code  0x100d2760   0x1088  connsys_bus.o [1]
    .text                ro code  0x100d37e8   0x1a70  connsys_driver.o [1]
    .text                ro code  0x100d5258   0x375c  connsys_util.o [1]
    .text                ro code  0x100d89b4    0xde4  inband_queue.o [15]
    .text                ro code  0x100d9798    0x144  net_task.o [15]
    .text                ro code  0x100d98dc    0xfe8  wifi_init.o [1]
    .text                ro code  0x100da8c4   0x103c  wifi_inband.o [15]
    .text                ro code  0x100db900   0x1e08  wifi_profile.o [1]
    .text                ro code  0x100dd708   0x1d64  wifi_scan.o [15]
    .text                ro code  0x100df46c    0x2d0  wifi_channel.o [1]
    .text                ro code  0x100df73c     0xea  os_util.o [1]
    .text                ro code  0x100df828    0x288  wifi_os_api.o [1]
    .text                ro code  0x100dfab0     0xe0  hal_efuse.o [8]
    .text                ro code  0x100dfb90    0x244  get_profile_string.o [1]
    .text                ro code  0x100dfdd4     0x6c  strncpy_unaligned.o [17]
    Veneer               ro code  0x100dfe40      0x8  - Linker created -
    Veneer               ro code  0x100dfe48      0x8  - Linker created -
    .text                ro code  0x100dfe50     0x52  hal_flash.o [1]
    .text                ro code  0x100dfea4    0x1b0  nvdm_io.o [13]
    .text                ro code  0x100e0054     0xee  I64DivMod.o [17]
    .text                ro code  0x100e0144     0x40  xwctob.o [4]
    .text                ro code  0x100e0184     0x88  xstol.o [4]
    .text                ro code  0x100e020c     0x10  gatt_command.o [1]
    .text                ro code  0x100e021c      0x4  xsyslock_nop.o [4]
    .text                ro code  0x100e0220   0x1480  des.o [1]
    .text                ro code  0x100e16a0    0x130  hal_lp.o [1]
    .text                ro code  0x100e17d0     0xf8  wpa_supplicant_task.o [12]
    .text                ro code  0x100e18c8      0x6  strtol.o [4]
    .text                ro code  0x100e18d0    0x154  misc.o [1]
    .text                ro code  0x100e1a24    0x300  hal_cache.o [1]
    .text                ro code  0x100e1d24     0x3c  hal_sys.o [1]
    Veneer               ro code  0x100e1d60      0x8  - Linker created -
    .text                ro code  0x100e1d68     0xdc  flash_sfc.o [1]
    .text                ro code  0x100e1e44      0x2  I64DivZer.o [17]
    .text                ro code  0x100e1e48    0xa44  wpa_supplicant_entry.o [12]
    .text                ro code  0x100e288c      0x4  misc.o [1]
    .text                ro code  0x100e2890    0x14c  low_hal_wdt.o [1]
    Veneer               ro code  0x100e29dc      0x8  - Linker created -
    .text                ro code  0x100e29e4   0x3604  wpa_supplicant.o [12]
    .text                ro code  0x100e5fe8    0x874  ap.o [12]
    .text                ro code  0x100e685c    0x6a0  eloop.o [12]
    .text                ro code  0x100e6efc    0xc48  bss.o [12]
    .text                ro code  0x100e7b44   0x13d8  scan.o [12]
    .text                ro code  0x100e8f1c   0x290c  driver_inband.o [12]
    .text                ro code  0x100eb828     0x26  strpbrk.o [4]
    .text                ro code  0x100eb850    0x48c  wpa_debug.o [12]
    .text                ro code  0x100ebcdc     0xc6  blacklist.o [12]
    .text                ro code  0x100ebda4   0x39fc  wpa.o [12]
    .text                ro code  0x100ef7a0    0x320  l2_packet_freertos.o [12]
    .text                ro code  0x100efac0     0xb4  notify.o [12]
    .text                ro code  0x100efb74    0x2d8  wpabuf.o [12]
    .text                ro code  0x100efe4c    0x458  config.o [12]
    .text                ro code  0x100f02a4    0x5f0  config_nvram.o [12]
    .text                ro code  0x100f0894    0x680  wpa_ie.o [12]
    .text                ro code  0x100f0f14    0x174  common.o [12]
    .text                ro code  0x100f1088    0x534  wpas_glue.o [12]
    .text                ro code  0x100f15bc   0x3024  events.o [12]
    .text                ro code  0x100f45e0      0x4  eap_register.o [12]
    .text                ro code  0x100f45e4    0x100  eap_server_methods.o [12]
    .text                ro code  0x100f46e4    0x8e8  ap_config.o [12]
    .text                ro code  0x100f4fcc   0x12bc  hostapd.o [12]
    .text                ro code  0x100f6288     0x8c  utils.o [12]
    .text                ro code  0x100f6314   0x12f0  ieee802_1x.o [12]
    .text                ro code  0x100f7604     0x4a  perror.o [4]
    .text                ro code  0x100f764e    0x534  qsort.o [4]
    .text                ro code  0x100f7b82      0x8  abs.o [4]
    .text                ro code  0x100f7b8c    0x4b4  driver_common.o [12]
    .text                ro code  0x100f8040    0xce8  sta_info.o [12]
    .text                ro code  0x100f8d28    0x2b0  ieee802_11_common.o [12]
    .text                ro code  0x100f8fd8     0x28  isprint.o [4]
    Veneer               ro code  0x100f9000      0x8  - Linker created -
    Veneer               ro code  0x100f9008      0x8  - Linker created -
    .text                ro code  0x100f9010    0x678  wpa_common.o [12]
    .text                ro code  0x100f9688     0x9e  rc4.o [12]
    .text                ro code  0x100f9726     0xb8  aes-unwrap.o [12]
    .text                ro code  0x100f97e0    0x3ac  drv_callbacks.o [12]
    .text                ro code  0x100f9b8c    0x1c0  tkip_countermeasures.o [12]
    .text                ro code  0x100f9d4c    0x2b4  eap_server_identity.o [12]
    .text                ro code  0x100fa000     0x2a  fopen.o [4]
    .text                ro code  0x100fa02a     0xce  fgets.o [4]
    .text                ro code  0x100fa0f8     0x7a  fclose.o [4]
    .text                ro code  0x100fa174    0x610  ap_drv_ops.o [12]
    .text                ro code  0x100fa784    0x634  wpa_auth_glue.o [12]
    .text                ro code  0x100fadb8     0x32  ieee802_11_auth.o [12]
    .text                ro code  0x100fadea      0x6  authsrv.o [12]
    .text                ro code  0x100fadf0    0x208  beacon.o [12]
    .text                ro code  0x100faff8   0x2e8c  wpa_auth.o [12]
    .text                ro code  0x100fde84     0xf4  md5.o [12]
    .text                ro code  0x100fdf78   0x121c  eapol_auth_sm.o [12]
    .text                ro code  0x100ff194   0x1244  eap_server.o [12]
    .text                ro code  0x101003d8    0x498  pmksa_cache_auth.o [12]
    .text                ro code  0x10100870     0x98  fputs.o [4]
    .text                ro code  0x10100908    0x110  xstrerro.o [4]
    .text                ro code  0x10100a18    0x1f8  ap_mlme.o [12]
    .text                ro code  0x10100c10     0x9e  sha1.o [12]
    .text                ro code  0x10100cb0    0x4c4  aes-internal-dec.o [12]
    .text                ro code  0x10101174    0x924  wpa_auth_ie.o [12]
    .text                ro code  0x10101a98    0x186  eap_common.o [12]
    .text                ro code  0x10101c20     0xc8  xfofind.o [4]
    .text                ro code  0x10101ce8    0x110  xfoprep.o [4]
    .text                ro code  0x10101df8     0xb8  xfrprep.o [4]
    .text                ro code  0x10101eb0     0xb0  fflush.o [4]
    .text                ro code  0x10101f60      0x4  close.o [1]
    .text                ro code  0x10101f64      0x4  remove.o [1]
    .text                ro code  0x10101f68    0x1f2  ieee802_11_shared.o [12]
    .text                ro code  0x1010215a     0xa0  aes-wrap.o [12]
    .text                ro code  0x101021fc    0x95c  md5-internal.o [12]
    .text                ro code  0x10102b58     0xb8  xfwprep.o [4]
    .text                ro code  0x10102c10     0x18  strrchr.o [4]
    .text                ro code  0x10102c28    0x4d4  aes-internal.o [12]
    .text                ro code  0x101030fc     0x54  xfopen.o [4]
    .text                ro code  0x10103150      0x6  read.o [1]
    .text                ro code  0x10103156      0x6  write.o [1]
    .text                ro code  0x1010315c    0x440  aes-internal-enc.o [12]
    .text                ro code  0x1010359c     0x22  fseek.o [4]
    .text                ro code  0x101035c0     0x1c  open.o [1]
    .text                ro code  0x101035dc     0xd6  xfspos.o [4]
    .text                ro code  0x101036b2      0xc  xfgpos.o [4]
    .text                ro code  0x101036be      0x6  lseek.o [1]
    .text                ro code  0x101036c4    0x458  ble_gpio_service.o [1]
    .text                ro code  0x10103b1c    0x1dc  board_cli.o [1]
    .text                ro code  0x10103cf8    0x104  cli.o [11]
    .text                ro code  0x10103dfc    0x69c  cli_line.o [11]
    .text                ro code  0x10104498    0x2e0  cli_cmd.o [11]
    .text                ro code  0x10104778    0x1c6  cli_tok.o [11]
    .text                ro code  0x10104940      0xc  bsp_flash_config.o [1]
    .text                ro code  0x1010494c    0x238  bsp_gpio_ept_config.o [1]
    .text                ro code  0x10104b84     0xe0  bt_cli.o [1]
    .text                ro code  0x10104c64    0x5e0  bt_init.o [1]
    .text                ro code  0x10105244     0x58  hal_trng.o [1]
    .text                ro code  0x1010529c    0x13a  cipher_wrap.o [1]
    .text                ro code  0x101053d8     0x2c  cli_cmds.o [1]
    .text                ro code  0x10105404     0xd0  cli_def.o [1]
    .text                ro code  0x101054d4    0x3b8  elian.o [1]
    .text                ro code  0x1010588c    0x674  smt_core.o [14]
    .text                ro code  0x10105f00    0x9ac  smt_api.o [1]
    .text                ro code  0x101068ac    0x3b8  hal_aes.o [1]
    .text                ro code  0x10106c64    0x164  crypt_aes.o [9]
    .text                ro code  0x10106dc8    0x160  hal_sec.o [9]
    .text                ro code  0x10106f28     0xc8  entropy_poll.o [1]
    .text                ro code  0x10106ff0    0x470  gpio_cli.o [1]
    .text                ro code  0x10107460     0x38  hal_rtc.o [1]
    .text                ro code  0x10107498     0xb8  low_hal_rtc.o [1]
    .text                ro code  0x10107550     0xf8  io_def.o [1]
    .text                ro code  0x10107648    0xc88  iperf_cli.o [1]
    Veneer               ro code  0x101082d0      0x8  - Linker created -
    Veneer               ro code  0x101082d8      0x8  - Linker created -
    .text                ro code  0x101082e0     0xb4  lp_ex_sleep.o [1]
    .text                ro code  0x10108394    0x51c  lwip_cli.o [1]
    .text                ro code  0x101088b0    0x18c  main.o [1]
    .text                ro code  0x10108a3c    0x298  sys_init.o [1]
    .text                ro code  0x10108cd4      0xe  ctime.o [4]
    .text                ro code  0x10108ce4     0xb6  localtim.o [4]
    .text                ro code  0x10108d9c     0x2c  asctime.o [4]
    .text                ro code  0x10108dc8      0xa  getzone.o [4]
    .text                ro code  0x10108dd2     0x42  xgettime.o [4]
    .text                ro code  0x10108e14    0x188  xttotm.o [4]
    .text                ro code  0x10108f9c    0x180  xlocale_c.o [4]
    .text                ro code  0x1010911c    0x10c  xstrftim.o [4]
    .text                ro code  0x10109228    0x134  xisdst.o [4]
    .text                ro code  0x1010935c    0x842  xgentime.o [4]
    .text                ro code  0x10109b9e    0x15e  xgetdst.o [4]
    .text                ro code  0x10109cfc    0x268  nvdm_cli.o [1]
    .text                ro code  0x10109f64    0x1f0  os_cli.o [1]
    .text                ro code  0x1010a154    0x6c0  ping.o [1]
    .text                ro code  0x1010a814     0x24  sys.o [1]
    .text                ro code  0x1010a838    0x134  pk_wrap.o [1]
    .text                ro code  0x1010a96c    0x198  smt_conn.o [1]
    .text                ro code  0x1010ab04    0x1ac  syslog_cli.o [1]
    .text                ro code  0x1010acb0   0x110c  ut_app_gap.o [1]
    .text                ro code  0x1010bdbc   0x27f4  wifi_cli.o [1]
    .text                ro code  0x1010e5b0   0x1130  wifi_ex_config.o [1]
    .text                ro code  0x1010f6e0   0x1304  wifi_ex_profile.o [1]
    .text                ro code  0x101109e4    0x940  wifi_inband_cli.o [1]
    .text                ro code  0x10111324      0xc  getchar.o [4]
    .text                ro code  0x10111330     0x5a  fgetc.o [4]
    .text                ro code  0x1011138c   0x1038  wifi_private_cli.o [1]
    .text                ro code  0x101123c4     0xe0  driver_none.o [12]
    .text                ro code  0x101124a4     0x22  fpinit_M.o [16]
    .text                ro code  0x101124c8     0x1a  cmain.o [17]
    .text                ro code  0x101124e2      0x4  low_level_init.o [4]
    .text                ro code  0x101124e8     0x28  data_init.o [17]
    .text                ro code  0x10112510      0x4  exit.o [4]
    .text                ro code  0x10112514      0xe  cexit.o [17]
    .text                ro code  0x10112524     0x58  xcloseall.o [4]
    .text                ro code  0x1011257c      0xc  XXexit.o [17]
    .text                ro code  0x10112588      0xc  putchar.o [4]
    .text                ro code  0x10112594      0x0  cstart_closeall.o [17]
    .text                ro code  0x10112594     0x20  cmain_call_ctors.o [17]
    .text                ro code  0x101125b4     0x18  cppinit.o [4]
    SHT$$PREINIT_ARRAY            0x101125cc      0x4  <Block>
      .prepreinit_array  const    0x101125cc      0x4  xlocale_c.o [4]
    SHT$$INIT_ARRAY               0x101125d0      0x0  <Block>
    .text                ro code  0x101125d0    0x118  md_wrap.o [1]
    .text                ro code  0x101126e8     0x5a  ping_cli.o [1]
    .text                ro code  0x10112742      0x4  startup_mt7687.o [1]
    .text                ro code  0x10112746     0x82  threading.o [1]
    .text                ro code  0x101127c8      0xa  minisupp_cli.o [12]
    .text                ro code  0x101127d2      0xc  cstartup_M.o [17]
    .text                ro code  0x101127de     0x16  xprout.o [4]
    .text                ro code  0x101127f4     0x18  xfprout.o [4]
    .text                ro code  0x1011280c     0x40  zero_init3.o [17]
    .text                ro code  0x1011284c     0x78  lz77_init_single.o [17]
    .iar.init_table      const    0x101128c4     0x3c  - Linker created -
    .rodata              const    0x10112900      0x0  zero_init3.o [17]
    .rodata              const    0x10112900      0x0  lz77_init_single.o [17]
    Initializer bytes    const    0x10112900    0x8df  <for rw-1>
    Initializer bytes    const    0x101131df   0x1a09  <for section .ramTEXT-1>
                                - 0x10114be8  0x9bae8

"A3":                                         0x3574c
  RAM_BLOCK                       0x20000400  0x3574c  <Block>
    rw-1                          0x20000400   0x219e  <Init block>
      .data              inited   0x20000400     0x20  ble_gpio_client.o [1]
      .data              inited   0x20000420      0x8  ble_gpio_client.o [1]
      .data              inited   0x20000428     0x10  ble_gpio_service.o [1]
      .data              inited   0x20000438     0x10  ble_gpio_service.o [1]
      .data              inited   0x20000448     0x10  ble_gpio_service.o [1]
      .data              inited   0x20000458     0x14  ble_smtcn.o [1]
      .data              inited   0x2000046c     0x10  ble_smtcn.o [1]
      .data              inited   0x2000047c    0x108  bt_debug.o [1]
      .data              inited   0x20000584    0x1d4  cli_cmds.o [1]
      .data              inited   0x20000758    0x414  cli_def.o [1]
      .data              inited   0x20000b6c     0x10  connsys_bus.o [1]
      .data              inited   0x20000b7c      0x4  dhcp.o [1]
      .data              inited   0x20000b80     0x50  dhcpd.o [1]
      .data              inited   0x20000bd0     0x80  dma.o [1]
      .data              inited   0x20000c50     0x38  dma.o [1]
      .data              inited   0x20000c88     0x14  elian.o [1]
[...]
wpa_supplicant_get_pmk  0x100ec29d    0x206  Code  Lc  wpa.o [12]
wpa_supplicant_get_scan_results
                        0x100e89df     0x90  Code  Gb  scan.o [12]
wpa_supplicant_get_ssid
                        0x100e48d5     0xc2  Code  Gb  wpa_supplicant.o [12]
wpa_supplicant_get_state
                        0x100f1329      0x6  Code  Lc  wpas_glue.o [12]
wpa_supplicant_global_ctrl_iface_deinit
                        0x100e2c6d      0x2  Code  Lc  wpa_supplicant.o [12]
wpa_supplicant_global_ctrl_iface_init
                        0x100e2c69      0x4  Code  Lc  wpa_supplicant.o [12]
wpa_supplicant_gtk_tx_bit_workaround
                        0x100ed191     0x26  Code  Lc  wpa.o [12]
wpa_supplicant_init     0x100e5a55    0x178  Code  Gb  wpa_supplicant.o [12]
wpa_supplicant_init_eapol
                        0x100f1409      0x4  Code  Gb  wpas_glue.o [12]
wpa_supplicant_init_iface
                        0x100e50a9    0x440  Code  Lc  wpa_supplicant.o [12]
wpa_supplicant_init_wpa
                        0x100f140f     0xac  Code  Gb  wpas_glue.o [12]
wpa_supplicant_initiate_eapol
                        0x100e2f89      0x2  Code  Gb  wpa_supplicant.o [12]
wpa_supplicant_install_gtk
                        0x100ecfc5     0xf4  Code  Lc  wpa.o [12]
wpa_supplicant_install_ptk
                        0x100eccb5    0x11a  Code  Lc  wpa.o [12]
wpa_supplicant_key_neg_complete
                        0x100ecb15     0xc0  Code  Lc  wpa.o [12]
wpa_supplicant_mark_disassoc
                        0x100f18e5     0x7a  Code  Gb  events.o [12]
wpa_supplicant_match_privacy
                        0x100f1aed     0x48  Code  Lc  events.o [12]
wpa_supplicant_mlme_setprotection
                        0x100f1403      0x2  Code  Lc  wpas_glue.o [12]
wpa_supplicant_msg_ifname_cb
                        0x100e5a49      0xc  Code  Lc  wpa_supplicant.o [12]
wpa_supplicant_need_to_roam
                        0x100f2a11    0x172  Code  Lc  events.o [12]
wpa_supplicant_notify_scanning
                        0x100e875d     0x12  Code  Gb  scan.o [12]
wpa_supplicant_optimize_freqs
                        0x100e7fb7      0x2  Code  Lc  scan.o [12]
wpa_supplicant_pairwise_gtk
                        0x100ed1fd     0xae  Code  Lc  wpa.o [12]
wpa_supplicant_parse_ies
                        0x100f0c49    0x196  Code  Gb  wpa_ie.o [12]
wpa_supplicant_pick_network
                        0x100f26ad     0x7c  Code  Lc  events.o [12]
wpa_supplicant_pick_new_network
                        0x100f2991     0x3e  Code  Lc  events.o [12]
wpa_supplicant_process_1_of_2
                        0x100ee1f1    0x14e  Code  Lc  wpa.o [12]
wpa_supplicant_process_1_of_2_rsn
                        0x100edc61     0xfe  Code  Lc  wpa.o [12]
wpa_supplicant_process_1_of_2_wpa
                        0x100ede35    0x1aa  Code  Lc  wpa.o [12]
wpa_supplicant_process_1_of_4
                        0x100ec845    0x192  Code  Lc  wpa.o [12]
wpa_supplicant_process_3_of_4
                        0x100ed89d    0x234  Code  Lc  wpa.o [12]
wpa_supplicant_reload_configuration
                        0x100e35f3    0x1fa  Code  Gb  wpa_supplicant.o [12]
wpa_supplicant_remove_iface
                        0x100e59c9     0x5c  Code  Gb  wpa_supplicant.o [12]
wpa_supplicant_remove_pmkid
                        0x100f1407      0x2  Code  Lc  wpas_glue.o [12]
wpa_supplicant_req_auth_timeout
                        0x100e2ebd     0x4e  Code  Gb  wpa_supplicant.o [12]
wpa_supplicant_req_new_scan
                        0x100f2759     0x2e  Code  Lc  events.o [12]
wpa_supplicant_req_scan
                        0x100e82fd     0xbe  Code  Gb  scan.o [12]
wpa_supplicant_req_sched_scan
                        0x100e83e1    0x32e  Code  Gb  scan.o [12]
wpa_supplicant_rsn_preauth_scan_results
                        0x100f29cf     0x42  Code  Lc  events.o [12]
wpa_supplicant_rsn_supp_set_config
                        0x100f150d     0x44  Code  Gb  wpas_glue.o [12]
wpa_supplicant_run      0x100e5bd1     0x3e  Code  Gb  wpa_supplicant.o [12]
wpa_supplicant_rx_eapol
                        0x100e4b91    0x1b0  Code  Gb  wpa_supplicant.o [12]
wpa_supplicant_scan     0x100e7fbd    0x340  Code  Lc  scan.o [12]
wpa_supplicant_scard_init
                        0x100f1ae9      0x4  Code  Gb  events.o [12]
wpa_supplicant_sched_scan_timeout
                        0x100e7ed7     0x1e  Code  Lc  scan.o [12]
wpa_supplicant_select_bss
                        0x100f2605     0x72  Code  Lc  events.o [12]
wpa_supplicant_select_config
                        0x100f16d1     0xd8  Code  Lc  events.o [12]
wpa_supplicant_send_2_of_2
                        0x100ee101     0xd4  Code  Lc  wpa.o [12]
wpa_supplicant_send_2_of_4
                        0x100ec629    0x13c  Code  Gb  wpa.o [12]
wpa_supplicant_send_4_of_4
                        0x100ed761    0x106  Code  Gb  wpa.o [12]
wpa_supplicant_set_config_blob
                        0x100f1183     0x20  Code  Lc  wpas_glue.o [12]
wpa_supplicant_set_driver
                        0x100e4a8d     0xba  Code  Lc  wpa_supplicant.o [12]
wpa_supplicant_set_key  0x100f1363     0xa0  Code  Lc  wpas_glue.o [12]
wpa_supplicant_set_non_wpa_policy
                        0x100e2f8b     0xa2  Code  Gb  wpa_supplicant.o [12]
wpa_supplicant_set_rekey_offload
                        0x100f140d      0x2  Code  Lc  wpas_glue.o [12]
wpa_supplicant_set_state
                        0x100e3329    0x1f0  Code  Gb  wpa_supplicant.o [12]
wpa_supplicant_set_suites
                        0x100e3ae9    0x436  Code  Gb  wpa_supplicant.o [12]
wpa_supplicant_set_wpa_none_key
                        0x100e2ce1     0xb0  Code  Gb  wpa_supplicant.o [12]
wpa_supplicant_ssid_bss_match
                        0x100f1b35    0x222  Code  Lc  events.o [12]
wpa_supplicant_start_sched_scan
                        0x100e7ef5     0x36  Code  Lc  scan.o [12]
wpa_supplicant_state_txt
                        0x100e323d     0x54  Code  Gb  wpa_supplicant.o [12]
wpa_supplicant_stop_countermeasures
                        0x100f1889     0x36  Code  Gb  events.o [12]
wpa_supplicant_stop_sched_scan
                        0x100e7f2b     0x10  Code  Lc  scan.o [12]
wpa_supplicant_suites_from_ai
                        0x100e38b5     0x94  Code  Lc  wpa_supplicant.o [12]
wpa_supplicant_task     0x100e17d1     0x38  Code  Lc  wpa_supplicant_task.o [12]
wpa_supplicant_task_init
                        0x100e1809     0x70  Code  Gb  wpa_supplicant_task.o [12]
wpa_supplicant_timeout  0x100e2e15     0x68  Code  Lc  wpa_supplicant.o [12]
wpa_supplicant_trigger_scan
                        0x100e7e73     0x3e  Code  Gb  scan.o [12]
wpa_supplicant_update_config
                        0x100e5ccd     0x6e  Code  Gb  wpa_supplicant.o [12]
wpa_supplicant_update_mac_addr
                        0x100e4e25     0xb0  Code  Gb  wpa_supplicant.o [12]
wpa_supplicant_update_scan_results
                        0x100e8a91     0x1c  Code  Gb  scan.o [12]
wpa_supplicant_validate_ie
                        0x100ed495    0x132  Code  Lc  wpa.o [12]
wpa_supplicant_verify_eapol_key_mic
                        0x100ee3e5    0x11c  Code  Lc  wpa.o [12]
wpa_use_aes_cmac        0x100fb225      0x4  Code  Lc  wpa_auth.o [12]
wpa_validate_wpa_ie     0x1010153d    0x314  Code  Gb  wpa_auth_ie.o [12]
wpa_verify_key_mic      0x100fc91f     0x80  Code  Lc  wpa_auth.o [12]
wpa_write_rsn_ie        0x101012cf    0x192  Code  Gb  wpa_auth_ie.o [12]
wpa_write_wpa_ie        0x10101175    0x15a  Code  Lc  wpa_auth_ie.o [12]
wpabuf_alloc            0x100efc81     0x3e  Code  Gb  wpabuf.o [12]
wpabuf_alloc_copy       0x100efcbf     0x1c  Code  Gb  wpabuf.o [12]
wpabuf_dup              0x100efcdb     0x2c  Code  Gb  wpabuf.o [12]
wpabuf_free             0x100efd07     0x18  Code  Gb  wpabuf.o [12]
wpabuf_head             0x100e6f01      0xe  Code  Lc  bss.o [12]
wpabuf_head             0x100e7b49      0xe  Code  Lc  scan.o [12]
wpabuf_head             0x100f15df      0xe  Code  Lc  events.o [12]
wpabuf_head             0x100efb79      0xe  Code  Lc  wpabuf.o [12]
wpabuf_head             0x100fa179      0xe  Code  Lc  ap_drv_ops.o [12]
wpabuf_head             0x10101f6d      0xe  Code  Lc  ieee802_11_shared.o [12]
wpabuf_head             0x100ff199      0xe  Code  Lc  eap_server.o [12]
wpabuf_head             0x100fdf7d      0xe  Code  Lc  eapol_auth_sm.o [12]
wpabuf_head             0x10101a9d      0xe  Code  Lc  eap_common.o [12]
wpabuf_head_u8          0x100e6f0f      0x2  Code  Lc  bss.o [12]
wpabuf_len              0x100e6efd      0x4  Code  Lc  bss.o [12]
wpabuf_len              0x100e7b45      0x4  Code  Lc  scan.o [12]
wpabuf_len              0x100f15db      0x4  Code  Lc  events.o [12]
wpabuf_len              0x100efb75      0x4  Code  Lc  wpabuf.o [12]
wpabuf_len              0x100fa175      0x4  Code  Lc  ap_drv_ops.o [12]
wpabuf_len              0x10101f69      0x4  Code  Lc  ieee802_11_shared.o [12]
wpabuf_len              0x100ff195      0x4  Code  Lc  eap_server.o [12]
wpabuf_len              0x100fdf79      0x4  Code  Lc  eapol_auth_sm.o [12]
wpabuf_len              0x10101a99      0x4  Code  Lc  eap_common.o [12]
wpabuf_mhead            0x100efb87      0xe  Code  Lc  wpabuf.o [12]
wpabuf_mhead            0x10101f7b      0xe  Code  Lc  ieee802_11_shared.o [12]
wpabuf_mhead_u8         0x100efb95      0x2  Code  Lc  wpabuf.o [12]
wpabuf_mhead_u8         0x10101f89      0x2  Code  Lc  ieee802_11_shared.o [12]
wpabuf_overflow         0x100efbcd     0x34  Code  Lc  wpabuf.o [12]
wpabuf_put              0x100efd1f     0x2c  Code  Gb  wpabuf.o [12]
wpabuf_put_be24         0x10101ab9     0x16  Code  Lc  eap_common.o [12]
wpabuf_put_be32         0x10101acf     0x1a  Code  Lc  eap_common.o [12]
wpabuf_put_buf          0x100fa1bd     0x20  Code  Lc  ap_drv_ops.o [12]
wpabuf_put_data         0x100e6f11     0x36  Code  Lc  bss.o [12]
wpabuf_put_data         0x100e7b57     0x36  Code  Lc  scan.o [12]
wpabuf_put_data         0x100efb97     0x36  Code  Lc  wpabuf.o [12]
wpabuf_put_data         0x100fa187     0x36  Code  Lc  ap_drv_ops.o [12]
wpabuf_put_data         0x100f9d4d     0x36  Code  Lc  eap_server_identity.o [12]
wpabuf_put_u8           0x10101aab      0xe  Code  Lc  eap_common.o [12]
wpabuf_resize           0x100efc09     0x78  Code  Gb  wpabuf.o [12]
wpas_ap_configured_cb   0x100e6331     0x20  Code  Lc  ap.o [12]
wpas_connection_failed  0x100e5ddd     0x8e  Code  Gb  wpa_supplicant.o [12]
wpas_dbus_bss_signal_prop_changed
                        0x100efac7      0x2  Code  Lc  notify.o [12]
wpas_dbus_signal_prop_changed
                        0x100efac5      0x2  Code  Lc  notify.o [12]
wpas_dbus_signal_scan_done
                        0x100efac9      0x2  Code  Lc  notify.o [12]
wpas_dbus_unregister_network
                        0x100efacb      0x4  Code  Lc  notify.o [12]
wpas_driver_bss_selection
                        0x100e5e8d     0x1a  Code  Gb  wpa_supplicant.o [12]
wpas_notify_ap_scan_changed
                        0x100efaed      0x4  Code  Gb  notify.o [12]
wpas_notify_ap_sta_authorized
                        0x100efb67      0x2  Code  Lc  notify.o [12]
wpas_notify_ap_sta_deauthorized
                        0x100efb69      0x2  Code  Lc  notify.o [12]
wpas_notify_auth_changed
                        0x100efaf5      0x4  Code  Gb  notify.o [12]
wpas_notify_bss_freq_changed
                        0x100efb35      0x6  Code  Gb  notify.o [12]
wpas_notify_bss_ies_changed
                        0x100efb5b      0x6  Code  Gb  notify.o [12]
wpas_notify_bss_mode_changed
                        0x100efb47      0x6  Code  Gb  notify.o [12]
wpas_notify_bss_privacy_changed
                        0x100efb41      0x6  Code  Gb  notify.o [12]
wpas_notify_bss_rates_changed
                        0x100efb61      0x6  Code  Gb  notify.o [12]
wpas_notify_bss_rsnie_changed
                        0x100efb53      0x6  Code  Gb  notify.o [12]
wpas_notify_bss_signal_changed
                        0x100efb3b      0x6  Code  Gb  notify.o [12]
wpas_notify_bss_wpaie_changed
                        0x100efb4d      0x6  Code  Gb  notify.o [12]
wpas_notify_bss_wps_changed
                        0x100efb59      0x2  Code  Gb  notify.o [12]
wpas_notify_bssid_changed
                        0x100efaf1      0x4  Code  Gb  notify.o [12]
wpas_notify_network_changed
                        0x100efae9      0x4  Code  Gb  notify.o [12]
wpas_notify_network_removed
                        0x100efb0f     0x26  Code  Gb  notify.o [12]
wpas_notify_scan_done   0x100efb0b      0x2  Code  Gb  notify.o [12]
wpas_notify_scan_results
                        0x100efb0d      0x2  Code  Gb  notify.o [12]
wpas_notify_scanning    0x100efaf9     0x12  Code  Gb  notify.o [12]
wpas_notify_sta_authorized
                        0x100efb6b      0xa  Code  Gb  notify.o [12]
wpas_notify_state_changed
                        0x100efad7     0x12  Code  Gb  notify.o [12]
wpas_notify_supplicant_deinitialized
                        0x100efad5      0x2  Code  Gb  notify.o [12]
wpas_notify_supplicant_initialized
                        0x100efad1      0x4  Code  Gb  notify.o [12]
wpas_wps_deinit         0x100e2c7f      0x2  Code  Lc  wpa_supplicant.o [12]
wpas_wps_init           0x100e2c7b      0x4  Code  Lc  wpa_supplicant.o [12]
wpas_wps_notify_scan_results
                        0x100efac1      0x2  Code  Lc  notify.o [12]
wpas_wps_scan_pbc_overlap
                        0x100f16b7      0x4  Code  Lc  events.o [12]
wpas_wps_searching      0x100f16bb      0x4  Code  Lc  events.o [12]
wpas_wps_ssid_bss_match
                        0x100f16b1      0x6  Code  Lc  events.o [12]
x509_check_wildcard     0x100bcb4b     0x58  Code  Lc  x509_crt.o [1]
x509_crt_check_parent   0x100bcc51     0x66  Code  Lc  x509_crt.o [1]
x509_crt_parse_der_core
                        0x100bbbb5    0x284  Code  Lc  x509_crt.o [1]
x509_crt_verify_child   0x100bce75    0x210  Code  Lc  x509_crt.o [1]
x509_crt_verify_strings
                        0x100bca3c     0xa8  Data  Lc  x509_crt.o [1]
x509_crt_verify_top     0x100bccb7    0x1be  Code  Lc  x509_crt.o [1]
x509_get_attr_type_value
                        0x100cf773     0xaa  Code  Lc  x509.o [1]
x509_get_basic_constraints
                        0x100bb82f     0x88  Code  Lc  x509_crt.o [1]
x509_get_crt_ext        0x100bba23    0x192  Code  Lc  x509_crt.o [1]
x509_get_dates          0x100bb7a5     0x4c  Code  Lc  x509_crt.o [1]
x509_get_ext_key_usage  0x100bb941     0x24  Code  Lc  x509_crt.o [1]
x509_get_key_usage      0x100bb8ef     0x52  Code  Lc  x509_crt.o [1]
x509_get_ns_cert_type   0x100bb8b7     0x38  Code  Lc  x509_crt.o [1]
x509_get_subject_alt_name
                        0x100bb965     0xbe  Code  Lc  x509_crt.o [1]
x509_get_uid            0x100bb7f1     0x3e  Code  Lc  x509_crt.o [1]
x509_get_version        0x100bb75b     0x4a  Code  Lc  x509_crt.o [1]
x509_info_cert_type     0x100bc05b    0x112  Code  Lc  x509_crt.o [1]
x509_info_ext_key_usage
                        0x100bc3b5     0x62  Code  Lc  x509_crt.o [1]
x509_info_key_usage     0x100bc1e1    0x130  Code  Lc  x509_crt.o [1]
x509_info_subject_alt_name
                        0x100bbff9     0x62  Code  Lc  x509_crt.o [1]
x509_memcasecmp         0x100bcb19     0x32  Code  Lc  x509_crt.o [1]
x509_name_cmp           0x100bcbf7     0x5a  Code  Lc  x509_crt.o [1]
x509_parse_int          0x100cf889     0x3e  Code  Lc  x509.o [1]
x509_profile_check_key  0x100bb733     0x28  Code  Lc  x509_crt.o [1]
x509_profile_check_md_alg
                        0x100bb70b     0x14  Code  Lc  x509_crt.o [1]
x509_profile_check_pk_alg
                        0x100bb71f     0x14  Code  Lc  x509_crt.o [1]
x509_string_cmp         0x100bcba3     0x54  Code  Lc  x509_crt.o [1]
xActiveTimerList1       0x20033380     0x14  Data  Lc  timers.o [1]
xActiveTimerList2       0x20033394     0x14  Data  Lc  timers.o [1]
xBlockAllocatedBit      0x20005b60      0x4  Data  Lc  heap_4.o [1]
xDelayedTaskList1       0x200014cc     0x14  Data  Lc  tasks.o [1]
xDelayedTaskList2       0x200014e0     0x14  Data  Lc  tasks.o [1]
xExceptionStack         0x20034a90    0x300  Data  Lc  exception_handler.o [10]
xFreeBytesRemaining     0x20005b58      0x4  Data  Lc  heap_4.o [1]
xInsideISR              0x2003319c      0x4  Data  Gb  sys_arch.o [1]
xMinimumEverFreeBytesRemaining
                        0x20005b5c      0x4  Data  Lc  heap_4.o [1]
xNetJobQueue            0x20034eb0      0x4  Data  Gb  net_task.o [15]
xNextTaskUnblockTime    0x200014c4      0x4  Data  Lc  tasks.o [1]
xNumOfOverflows         0x200014bc      0x4  Data  Lc  tasks.o [1]
xPendingReadyList       0x20001458     0x14  Data  Lc  tasks.o [1]
xPortGetFreeHeapSize    0x1007d15d      0x6  Code  Gb  heap_4.o [1]
xPortGetMinimumEverFreeHeapSize
                        0x1007d163      0x6  Code  Gb  heap_4.o [1]
xPortStartScheduler     0x100823b7     0x78  Code  Gb  port.o [1]
xQueueCreateMutex       0x10084451     0x62  Code  Gb  queue.o [1]
xQueueGenericCreate     0x100843d3     0x7e  Code  Gb  queue.o [1]
xQueueGenericReceive    0x10084801    0x186  Code  Gb  queue.o [1]
xQueueGenericReset      0x10084349     0x8a  Code  Gb  queue.o [1]
xQueueGenericSend       0x10084535    0x176  Code  Gb  queue.o [1]
xQueueGenericSendFromISR
                        0x100846ab     0xcc  Code  Gb  queue.o [1]
xQueueGiveFromISR       0x10084777     0x8a  Code  Gb  queue.o [1]
xQueueGiveMutexRecursive
                        0x100844b3     0x3c  Code  Gb  queue.o [1]
xQueueReceiveFromISR    0x10084987     0xa0  Code  Gb  queue.o [1]
xQueueRegistry          0x20032d30     0x40  Data  Gb  queue.o [1]
xQueueTakeMutexRecursive
                        0x100844ef     0x46  Code  Gb  queue.o [1]
xSchedulerRunning       0x200014b0      0x4  Data  Lc  tasks.o [1]
xStart                  0x20005b4c      0x8  Data  Lc  heap_4.o [1]
xSuspendedTaskList      0x20001490     0x14  Data  Lc  tasks.o [1]
xTaskCheckForTimeOut    0x1007dcdd     0x76  Code  Gb  tasks.o [1]
xTaskGenericCreate      0x1007d3fd    0x120  Code  Gb  tasks.o [1]
xTaskGetCurrentTaskHandle
                        0x1007dfcd      0x8  Code  Gb  tasks.o [1]
xTaskGetSchedulerState  0x1007dfd5     0x1c  Code  Gb  tasks.o [1]
xTaskGetTickCount       0x1007d8d5      0x8  Code  Gb  tasks.o [1]
xTaskIncrementTick      0x1007d9a3     0xca  Code  Gb  tasks.o [1]
xTaskPriorityDisinherit
                        0x1007e06d     0x88  Code  Gb  tasks.o [1]
xTaskRemoveFromEventList
                        0x1007dc41     0x70  Code  Gb  tasks.o [1]
xTaskResumeAll          0x1007d7fd     0xbc  Code  Gb  tasks.o [1]
xTasksWaitingTermination
                        0x2000146c     0x14  Data  Lc  tasks.o [1]
xTickCount              0x200014a8      0x4  Data  Lc  tasks.o [1]
xTimerCreate            0x1008272d     0x60  Code  Gb  timers.o [1]
xTimerCreateTimerTask   0x100826e1     0x4c  Code  Gb  timers.o [1]
xTimerGenericCommand    0x1008278d     0x54  Code  Gb  timers.o [1]
xTimerIsTimerActive     0x10082ac5     0x1c  Code  Gb  timers.o [1]
xTimerQueue             0x2003337c      0x4  Data  Lc  timers.o [1]
xYieldPending           0x200014b8      0x4  Data  Lc  tasks.o [1]


[1] = C:\LEO\myGit\MTK IOT\SDK_V4.2.0\out_iar\mt7697_hdk\iot_sdk_demo\Debug\Obj
[2] = C:\LEO\myGit\MTK IOT\SDK_V4.2.0\project\mt7697_hdk\apps\iot_sdk_demo\EWARM\..\..\..\..\..\tools\iar\mt7697\bootloader
[3] = command line
[4] = dl7M_tlf.a
[5] = libble_iar.a
[6] = libble_multi_adv_iar.a
[7] = libbtdriver_7697_iar.a
[8] = libhal_core_CM4_IAR.a
[9] = libhal_protected_CM4_IAR.a
[10] = libkservice_CM4_MT7687_IAR.a
[11] = libminicli_CM4_IAR.a
[12] = libminisupp_CM4_IAR.a
[13] = libnvdm_CM4_IAR.a
[14] = libsmtcn_CM4_IAR.a
[15] = libwifi_CM4_IAR.a
[16] = m7M_tls.a
[17] = rt7M_tl.a

  606 588 bytes of readonly  code memory
    9 480 bytes of readwrite code memory
  340 564 bytes of readonly  data memory
  224 206 bytes of readwrite data memory

Errors: none
Warnings: none
