###############################################################################
#
# IAR ANSI C/C++ Compiler V7.80.1.11864/W32 for ARM       25/Jan/2017  17:35:13
# Copyright 1999-2016 IAR Systems AB.
#
#    Cpu mode     =  thumb
#    Endian       =  little
#    Source file  =  
#        C:\LEO\myGit\MTK IOT\SDK_V4.2.0\driver\chip\mt7687\src\common\ir_tx.c
#    Command line =  
#        "C:\LEO\myGit\MTK
#        IOT\SDK_V4.2.0\driver\chip\mt7687\src\common\ir_tx.c" -D
#        MTK_LOAD_MAC_ADDR_FROM_EFUSE -D MTK_PING_OUT_ENABLE -D
#        MTK_WIFI_PROFILE_ENABLE -D PCFG_OS=2 -D _REENT_SMALL -D
#        MTK_MINISUPP_ENABLE -D MTK_MINICLI_ENABLE -D MTK_BSPEXT_ENABLE -D
#        MTK_HAL_LOWPOWER_ENABLE -D MTK_LWIP_ENABLE -D
#        MTK_HTTPCLIENT_SSL_ENABLE -D MTK_IPERF_ENABLE -D PRODUCT_VERSION=7697
#        -D MTK_WIFI_TGN_VERIFY_ENABLE -D MTK_SMTCN_ENABLE -D
#        MTK_CLI_TEST_MODE_ENABLE -D MTK_WIFI_REPEATER_ENABLE -D
#        CONFIG_REPEATER -D MTK_DEBUG_LEVEL_INFO -D MTK_DEBUG_LEVEL_WARNING -D
#        MTK_DEBUG_LEVEL_ERROR -D configOVERRIDE_DEFAULT_TICK_CONFIGURATION -D
#        CFG_SUPPORT_SMNT_PROTO=2 -D BT_DEBUG -D MTK_BLE_CLI_ENABLE -D
#        MTK_BLE_BQB_CLI_ENABLE -D MTK_HCI_CONSOLE_MIX_ENABLE -D
#        MTK_BLE_BQB_TEST_ENABLE -D MTK_BLE_SMTCN_ENABLE -D SUPPORT_MBEDTLS -D
#        MBEDTLS_CONFIG_FILE=<config-mtk-basic.h> -D MTK_NVDM_ENABLE -D
#        MTK_WIFI_PRIVILEGE_ENABLE -D MTK_MCS_ENABLE -D MTK_BLE_GPIO_SERVICE -D
#        __BT_DEBUG__ -lcN "C:\LEO\myGit\MTK
#        IOT\SDK_V4.2.0\out_iar\mt7697_hdk\iot_sdk_demo\Debug\List" -lA
#        "C:\LEO\myGit\MTK
#        IOT\SDK_V4.2.0\out_iar\mt7697_hdk\iot_sdk_demo\Debug\List"
#        --diag_suppress Pa050,Ta022,Ta023 --diag_error Pe606 -o
#        "C:\LEO\myGit\MTK
#        IOT\SDK_V4.2.0\out_iar\mt7697_hdk\iot_sdk_demo\Debug\Obj" --no_unroll
#        --no_inline --no_tbaa --no_scheduling --debug --endian=little
#        --cpu=Cortex-M4 -e --fpu=VFPv4_sp --dlib_config "C:\Program Files
#        (x86)\IAR Systems\Embedded Workbench 7.5\arm\INC\c\DLib_Config_Full.h"
#        -I "C:\LEO\myGit\MTK
#        IOT\SDK_V4.2.0\project\mt7697_hdk\apps\iot_sdk_demo\EWARM\..\inc\" -I
#        "C:\LEO\myGit\MTK
#        IOT\SDK_V4.2.0\project\mt7697_hdk\apps\iot_sdk_demo\EWARM\..\..\..\..\..\kernel\service\inc\"
#        -I "C:\LEO\myGit\MTK
#        IOT\SDK_V4.2.0\project\mt7697_hdk\apps\iot_sdk_demo\EWARM\..\..\..\..\..\kernel\rtos\FreeRTOS\Source\include\"
#        -I "C:\LEO\myGit\MTK
#        IOT\SDK_V4.2.0\project\mt7697_hdk\apps\iot_sdk_demo\EWARM\..\..\..\..\..\kernel\rtos\FreeRTOS\Source\portable\IAR\ARM_CM4F\"
#        -I "C:\LEO\myGit\MTK
#        IOT\SDK_V4.2.0\project\mt7697_hdk\apps\iot_sdk_demo\EWARM\..\..\..\..\..\kernel\rtos\FreeRTOS\inc\"
#        -I "C:\LEO\myGit\MTK
#        IOT\SDK_V4.2.0\project\mt7697_hdk\apps\iot_sdk_demo\EWARM\..\..\..\..\..\driver\CMSIS\Device\MTK\mt7687\Include\"
#        -I "C:\LEO\myGit\MTK
#        IOT\SDK_V4.2.0\project\mt7697_hdk\apps\iot_sdk_demo\EWARM\..\..\..\..\..\driver\CMSIS\Include\"
#        -I "C:\LEO\myGit\MTK
#        IOT\SDK_V4.2.0\project\mt7697_hdk\apps\iot_sdk_demo\EWARM\..\..\..\..\..\driver\chip\inc\"
#        -I "C:\LEO\myGit\MTK
#        IOT\SDK_V4.2.0\project\mt7697_hdk\apps\iot_sdk_demo\EWARM\..\..\..\..\..\driver\chip\mt7687\inc\"
#        -I "C:\LEO\myGit\MTK
#        IOT\SDK_V4.2.0\project\mt7697_hdk\apps\iot_sdk_demo\EWARM\..\..\..\..\..\driver\board\mt76x7_hdk\wifi\inc\"
#        -I "C:\LEO\myGit\MTK
#        IOT\SDK_V4.2.0\project\mt7697_hdk\apps\iot_sdk_demo\EWARM\..\..\..\..\..\middleware\third_party\dhcpd\inc\"
#        -I "C:\LEO\myGit\MTK
#        IOT\SDK_V4.2.0\project\mt7697_hdk\apps\iot_sdk_demo\EWARM\..\..\..\..\..\middleware\MTK\minicli\inc\"
#        -I "C:\LEO\myGit\MTK
#        IOT\SDK_V4.2.0\project\mt7697_hdk\apps\iot_sdk_demo\EWARM\..\..\..\..\..\middleware\MTK\minisupp\inc\"
#        -I "C:\LEO\myGit\MTK
#        IOT\SDK_V4.2.0\project\mt7697_hdk\apps\iot_sdk_demo\EWARM\..\..\..\..\..\driver\chip\inc\"
#        -I "C:\LEO\myGit\MTK
#        IOT\SDK_V4.2.0\project\mt7697_hdk\apps\iot_sdk_demo\EWARM\..\..\..\..\..\driver\chip\mt7687\src\common\include\"
#        -I "C:\LEO\myGit\MTK
#        IOT\SDK_V4.2.0\project\mt7697_hdk\apps\iot_sdk_demo\EWARM\..\..\..\..\..\middleware\third_party\lwip\src\include\"
#        -I "C:\LEO\myGit\MTK
#        IOT\SDK_V4.2.0\project\mt7697_hdk\apps\iot_sdk_demo\EWARM\..\..\..\..\..\middleware\third_party\lwip\ports\include\"
#        -I "C:\LEO\myGit\MTK
#        IOT\SDK_V4.2.0\project\mt7697_hdk\apps\iot_sdk_demo\EWARM\..\..\..\..\..\middleware\third_party\lwip\src\include\lwip\"
#        -I "C:\LEO\myGit\MTK
#        IOT\SDK_V4.2.0\project\mt7697_hdk\apps\iot_sdk_demo\EWARM\..\..\..\..\..\project\common\bsp_ex\inc\"
#        -I "C:\LEO\myGit\MTK
#        IOT\SDK_V4.2.0\project\mt7697_hdk\apps\iot_sdk_demo\EWARM\..\..\..\..\..\middleware\MTK\nvdm\inc\"
#        -I "C:\LEO\myGit\MTK
#        IOT\SDK_V4.2.0\project\mt7697_hdk\apps\iot_sdk_demo\EWARM\..\..\..\..\..\middleware\third_party\ping\inc\"
#        -I "C:\LEO\myGit\MTK
#        IOT\SDK_V4.2.0\project\mt7697_hdk\apps\iot_sdk_demo\EWARM\..\..\..\..\..\middleware\MTK\smtcn\inc\"
#        -I "C:\LEO\myGit\MTK
#        IOT\SDK_V4.2.0\project\mt7697_hdk\apps\iot_sdk_demo\EWARM\..\..\..\..\..\middleware\MTK\iperf\inc\"
#        -I "C:\LEO\myGit\MTK
#        IOT\SDK_V4.2.0\project\mt7697_hdk\apps\iot_sdk_demo\EWARM\..\..\..\..\..\project\mt7697_hdk\apps\iot_sdk_demo\inc\"
#        -I "C:\LEO\myGit\MTK
#        IOT\SDK_V4.2.0\project\mt7697_hdk\apps\iot_sdk_demo\EWARM\..\..\..\..\..\driver\chip\mt7687\inc\"
#        -I "C:\LEO\myGit\MTK
#        IOT\SDK_V4.2.0\project\mt7697_hdk\apps\iot_sdk_demo\EWARM\..\..\..\..\..\driver\board\mt76x7_hdk\util\inc\"
#        -I "C:\LEO\myGit\MTK
#        IOT\SDK_V4.2.0\project\mt7697_hdk\apps\iot_sdk_demo\EWARM\..\..\..\..\..\driver\board\mt76x7_hdk\wifi\inc\"
#        -I "C:\LEO\myGit\MTK
#        IOT\SDK_V4.2.0\project\mt7697_hdk\apps\iot_sdk_demo\EWARM\..\..\..\..\..\middleware\MTK\bluetooth\inc\"
#        -I "C:\LEO\myGit\MTK
#        IOT\SDK_V4.2.0\project\mt7697_hdk\apps\iot_sdk_demo\EWARM\..\..\..\..\..\project\mt7697_hdk\apps\iot_sdk_demo\src\ut_app\"
#        -I "C:\LEO\myGit\MTK
#        IOT\SDK_V4.2.0\project\mt7697_hdk\apps\iot_sdk_demo\EWARM\..\..\..\..\..\driver\board\mt76x7_hdk\ept\inc\"
#        -I "C:\LEO\myGit\MTK
#        IOT\SDK_V4.2.0\project\mt7697_hdk\apps\iot_sdk_demo\EWARM\..\..\..\..\..\middleware\third_party\mbedtls\include\"
#        -I "C:\LEO\myGit\MTK
#        IOT\SDK_V4.2.0\project\mt7697_hdk\apps\iot_sdk_demo\EWARM\..\..\..\..\..\middleware\third_party\mbedtls\configs\"
#        -I "C:\LEO\myGit\MTK
#        IOT\SDK_V4.2.0\project\mt7697_hdk\apps\iot_sdk_demo\EWARM\..\..\..\..\..\driver\board\mt76x7_hdk\external_flash\inc\"
#        -I "C:\LEO\myGit\MTK
#        IOT\SDK_V4.2.0\project\mt7697_hdk\apps\iot_sdk_demo\EWARM\..\..\..\..\..\middleware\third_party\httpclient\inc\"
#        -Om -I "C:\Program Files (x86)\IAR Systems\Embedded Workbench
#        7.5\arm\CMSIS\Include\"
#    Locale       =  Chinese (Simplified)_CHN.936
#    List file    =  
#        C:\LEO\myGit\MTK
#        IOT\SDK_V4.2.0\out_iar\mt7697_hdk\iot_sdk_demo\Debug\List\ir_tx.lst
#    Object file  =  
#        C:\LEO\myGit\MTK
#        IOT\SDK_V4.2.0\out_iar\mt7697_hdk\iot_sdk_demo\Debug\Obj\ir_tx.o
#
###############################################################################

C:\LEO\myGit\MTK IOT\SDK_V4.2.0\driver\chip\mt7687\src\common\ir_tx.c
      1          /* Copyright Statement:
      2           *
      3           * (C) 2005-2016  MediaTek Inc. All rights reserved.
      4           *
      5           * This software/firmware and related documentation ("MediaTek Software") are
      6           * protected under relevant copyright laws. The information contained herein
      7           * is confidential and proprietary to MediaTek Inc. ("MediaTek") and/or its licensors.
      8           * Without the prior written permission of MediaTek and/or its licensors,
      9           * any reproduction, modification, use or disclosure of MediaTek Software,
     10           * and information contained herein, in whole or in part, shall be strictly prohibited.
     11           * You may only use, reproduce, modify, or distribute (as applicable) MediaTek Software
     12           * if you have agreed to and been bound by the applicable license agreement with
     13           * MediaTek ("License Agreement") and been granted explicit permission to do so within
     14           * the License Agreement ("Permitted User").  If you are not a Permitted User,
     15           * please cease any access or use of MediaTek Software immediately.
     16           * BY OPENING THIS FILE, RECEIVER HEREBY UNEQUIVOCALLY ACKNOWLEDGES AND AGREES
     17           * THAT MEDIATEK SOFTWARE RECEIVED FROM MEDIATEK AND/OR ITS REPRESENTATIVES
     18           * ARE PROVIDED TO RECEIVER ON AN "AS-IS" BASIS ONLY. MEDIATEK EXPRESSLY DISCLAIMS ANY AND ALL
     19           * WARRANTIES, EXPRESS OR IMPLIED, INCLUDING BUT NOT LIMITED TO THE IMPLIED WARRANTIES OF
     20           * MERCHANTABILITY, FITNESS FOR A PARTICULAR PURPOSE OR NONINFRINGEMENT.
     21           * NEITHER DOES MEDIATEK PROVIDE ANY WARRANTY WHATSOEVER WITH RESPECT TO THE
     22           * SOFTWARE OF ANY THIRD PARTY WHICH MAY BE USED BY, INCORPORATED IN, OR
     23           * SUPPLIED WITH MEDIATEK SOFTWARE, AND RECEIVER AGREES TO LOOK ONLY TO SUCH
     24           * THIRD PARTY FOR ANY WARRANTY CLAIM RELATING THERETO. RECEIVER EXPRESSLY ACKNOWLEDGES
     25           * THAT IT IS RECEIVER'S SOLE RESPONSIBILITY TO OBTAIN FROM ANY THIRD PARTY ALL PROPER LICENSES
     26           * CONTAINED IN MEDIATEK SOFTWARE. MEDIATEK SHALL ALSO NOT BE RESPONSIBLE FOR ANY MEDIATEK
     27           * SOFTWARE RELEASES MADE TO RECEIVER'S SPECIFICATION OR TO CONFORM TO A PARTICULAR
     28           * STANDARD OR OPEN FORUM. RECEIVER'S SOLE AND EXCLUSIVE REMEDY AND MEDIATEK'S ENTIRE AND
     29           * CUMULATIVE LIABILITY WITH RESPECT TO MEDIATEK SOFTWARE RELEASED HEREUNDER WILL BE,
     30           * AT MEDIATEK'S OPTION, TO REVISE OR REPLACE MEDIATEK SOFTWARE AT ISSUE,
     31           * OR REFUND ANY SOFTWARE LICENSE FEES OR SERVICE CHARGE PAID BY RECEIVER TO
     32           * MEDIATEK FOR SUCH MEDIATEK SOFTWARE AT ISSUE.
     33           */
     34          
     35          /****************************************************************************
     36              Module Name:
     37              IR TX
     38          
     39              Abstract:
     40              IR Tx supports NEC, RC5, RC6 protocol.
     41              And software-pulse-width mode is provided to support user defined waveform which is indicated by high/low width in time unit.
     42              Interrupt is raised to indicate Tx done.
     43          
     44              Revision History:
     45              Who         When            What
     46              --------    ----------      ------------------------------------------
     47          ***************************************************************************/
     48          
     49          #include "hal_platform.h"
     50          
     51          #ifdef HAL_IRTX_MODULE_ENABLED
     52          
     53          #include "type_def.h"
     54          #include "mt7687.h"
     55          
     56          #include "ir_tx.h"
     57          #include "low_hal_irtx.h"
     58          
     59          
     60          static UINT8 g_irtx_mode = 0;
     61          
     62          int32_t ir_tx_configure(uint8_t mode)
     63          {
     64              if (IR_TX_PROTOCOL_NUM <= mode) {
     65                  return -1;
     66              }
     67          
     68              halIrTxInit(1, 0, 1);
     69          
     70              if (IR_TX_RC6 == mode) {
     71                  // RC6 logical 0/1 is inverted with RC5(design default).
     72                  if (halIrTxConfig((ENUM_IR_PROTOCOL)mode, 1, 0, 0, 0, 0, 0, 0, 0)) {
     73                      return -1;
     74                  }
     75              } else {
     76                  if (halIrTxConfig((ENUM_IR_PROTOCOL)mode, 0, 0, 0, 0, 0, 0, 0, 0)) {
     77                      return -1;
     78                  }
     79              }
     80          
     81              g_irtx_mode = mode;
     82          
     83              return 0;
     84          }
     85          
     86          int32_t ir_tx_send(uint32_t data0, uint32_t data1, uint32_t data2, uint8_t bit_length, uint8_t repeat_code)
     87          {
     88              if (IR_TX_NEC == g_irtx_mode) {
     89                  bit_length = bit_length + 1; // add 1 for "NEC leading signal"
     90              } else if (IR_TX_RC6 == g_irtx_mode) {
     91                  // Data inverse setted in ir_tx_configure not affect "Field (3bits) and Toggle (1bit)".
     92                  // Inverse first 4 bits.
     93                  data0 = ((data0 & (~(BITS(0, 3)))) | ((~data0) & BITS(0, 3)));
     94              }
     95          
     96              if (halIrTxSend(data0, data1, data2, bit_length, repeat_code)) {
     97                  return -1;
     98              }
     99          
    100              return 0;
    101          }
    102          
    103          int32_t ir_tx_pulse_width_configure(uint16_t frequency, uint8_t duty_cycle)
    104          {
    105              halIrTxInit(1, 0, 0); // RegOrder and BitOrder are meaningless for pulse_width mode.
    106              if (halIrTxConfig(IR_SW_PULSE_WIDTH, 0, 0, 0, 0, 0, 0, frequency, duty_cycle)) {
    107                  return -1;
    108              }
    109              return 0;
    110          }
    111          
    112          int32_t ir_tx_pulse_width_send(uint8_t data_length, uint8_t *data, uint8_t base_period_us)
    113          {
    114              if (halIrTxPWSend(data_length, data, base_period_us)) {
    115                  return -1;
    116              }
    117              return 0;
    118          }
    119          
    120          int32_t ir_tx_interrupt_clear()
    121          {
    122              halIrTxClearInterrupt();
    123              return 0;
    124          }
    125          
    126          #endif
    127          

   Maximum stack usage in bytes:

   .cstack Function
   ------- --------
      32   ir_tx_configure
        32   -> halIrTxConfig
        32   -> halIrTxInit
       8   ir_tx_interrupt_clear
         8   -> halIrTxClearInterrupt
      32   ir_tx_pulse_width_configure
        32   -> halIrTxConfig
        32   -> halIrTxInit
       8   ir_tx_pulse_width_send
         8   -> halIrTxPWSend
      16   ir_tx_send
        16   -> halIrTxSend


   Section sizes:

   Bytes  Function/Label
   -----  --------------
       4  ??DataTable1
       1  g_irtx_mode
      98  ir_tx_configure
      10  ir_tx_interrupt_clear
      58  ir_tx_pulse_width_configure
      20  ir_tx_pulse_width_send
      48  ir_tx_send

 
   1 byte  in section .bss
 238 bytes in section .text
 
 238 bytes of CODE memory
   1 byte  of DATA memory

Errors: none
Warnings: none
