###############################################################################
#
# IAR ELF Linker V8.11.2.13589/W32 for ARM                28/Jun/2017  11:27:50
# Copyright 2007-2017 IAR Systems AB.
#
#    Output file  =  
#        C:\LEO\myGit\MTK-IOT\SDK_V4.3.0\out_iar\mt7697_hdk\iot_sdk\Debug\Exe\iot_sdk.out
#    Map file     =  
#        C:\LEO\myGit\MTK-IOT\SDK_V4.3.0\out_iar\mt7697_hdk\iot_sdk\Debug\List\iot_sdk.map
#    Command line =  
#        -f C:\Users\leo\AppData\Local\Temp\EWD5F2.tmp
#        (C:\LEO\myGit\MTK-IOT\SDK_V4.3.0\out_iar\mt7697_hdk\iot_sdk\Debug\Obj\aes.o
#        C:\LEO\myGit\MTK-IOT\SDK_V4.3.0\out_iar\mt7697_hdk\iot_sdk\Debug\Obj\api_lib.o
#        C:\LEO\myGit\MTK-IOT\SDK_V4.3.0\out_iar\mt7697_hdk\iot_sdk\Debug\Obj\api_msg.o
#        C:\LEO\myGit\MTK-IOT\SDK_V4.3.0\out_iar\mt7697_hdk\iot_sdk\Debug\Obj\arc4.o
#        C:\LEO\myGit\MTK-IOT\SDK_V4.3.0\out_iar\mt7697_hdk\iot_sdk\Debug\Obj\asn1_dec.o
#        C:\LEO\myGit\MTK-IOT\SDK_V4.3.0\out_iar\mt7697_hdk\iot_sdk\Debug\Obj\asn1_enc.o
#        C:\LEO\myGit\MTK-IOT\SDK_V4.3.0\out_iar\mt7697_hdk\iot_sdk\Debug\Obj\auth.o
#        C:\LEO\myGit\MTK-IOT\SDK_V4.3.0\out_iar\mt7697_hdk\iot_sdk\Debug\Obj\autoip.o
#        C:\LEO\myGit\MTK-IOT\SDK_V4.3.0\out_iar\mt7697_hdk\iot_sdk\Debug\Obj\ble_smtcn.o
#        C:\LEO\myGit\MTK-IOT\SDK_V4.3.0\out_iar\mt7697_hdk\iot_sdk\Debug\Obj\board_cli.o
#        C:\LEO\myGit\MTK-IOT\SDK_V4.3.0\out_iar\mt7697_hdk\iot_sdk\Debug\Obj\bsmtcn_ops.o
#        C:\LEO\myGit\MTK-IOT\SDK_V4.3.0\out_iar\mt7697_hdk\iot_sdk\Debug\Obj\bsp_flash_config.o
#        C:\LEO\myGit\MTK-IOT\SDK_V4.3.0\out_iar\mt7697_hdk\iot_sdk\Debug\Obj\bsp_gpio_ept_config.o
#        C:\LEO\myGit\MTK-IOT\SDK_V4.3.0\out_iar\mt7697_hdk\iot_sdk\Debug\Obj\bt_cli.o
#        C:\LEO\myGit\MTK-IOT\SDK_V4.3.0\out_iar\mt7697_hdk\iot_sdk\Debug\Obj\bt_debug.o
#        C:\LEO\myGit\MTK-IOT\SDK_V4.3.0\out_iar\mt7697_hdk\iot_sdk\Debug\Obj\bt_hci_log.o
#        C:\LEO\myGit\MTK-IOT\SDK_V4.3.0\out_iar\mt7697_hdk\iot_sdk\Debug\Obj\bt_init.o
#        C:\LEO\myGit\MTK-IOT\SDK_V4.3.0\out_iar\mt7697_hdk\iot_sdk\Debug\Obj\bt_lwip.o
#        C:\LEO\myGit\MTK-IOT\SDK_V4.3.0\out_iar\mt7697_hdk\iot_sdk\Debug\Obj\bt_os_layer_api.o
#        C:\LEO\myGit\MTK-IOT\SDK_V4.3.0\out_iar\mt7697_hdk\iot_sdk\Debug\Obj\bt_task.o
#        C:\LEO\myGit\MTK-IOT\SDK_V4.3.0\out_iar\mt7697_hdk\iot_sdk\Debug\Obj\ccp.o
#        C:\LEO\myGit\MTK-IOT\SDK_V4.3.0\out_iar\mt7697_hdk\iot_sdk\Debug\Obj\chap-md5.o
#        C:\LEO\myGit\MTK-IOT\SDK_V4.3.0\out_iar\mt7697_hdk\iot_sdk\Debug\Obj\chap-new.o
#        C:\LEO\myGit\MTK-IOT\SDK_V4.3.0\out_iar\mt7697_hdk\iot_sdk\Debug\Obj\chap_ms.o
#        C:\LEO\myGit\MTK-IOT\SDK_V4.3.0\out_iar\mt7697_hdk\iot_sdk\Debug\Obj\cli_cmds.o
#        C:\LEO\myGit\MTK-IOT\SDK_V4.3.0\out_iar\mt7697_hdk\iot_sdk\Debug\Obj\cli_def.o
#        C:\LEO\myGit\MTK-IOT\SDK_V4.3.0\out_iar\mt7697_hdk\iot_sdk\Debug\Obj\close.o
#        C:\LEO\myGit\MTK-IOT\SDK_V4.3.0\out_iar\mt7697_hdk\iot_sdk\Debug\Obj\connection_info.o
#        C:\LEO\myGit\MTK-IOT\SDK_V4.3.0\out_iar\mt7697_hdk\iot_sdk\Debug\Obj\connsys_bus.o
#        C:\LEO\myGit\MTK-IOT\SDK_V4.3.0\out_iar\mt7697_hdk\iot_sdk\Debug\Obj\connsys_driver.o
#        C:\LEO\myGit\MTK-IOT\SDK_V4.3.0\out_iar\mt7697_hdk\iot_sdk\Debug\Obj\connsys_util.o
#        C:\LEO\myGit\MTK-IOT\SDK_V4.3.0\out_iar\mt7697_hdk\iot_sdk\Debug\Obj\context_info_save.o
#        C:\LEO\myGit\MTK-IOT\SDK_V4.3.0\out_iar\mt7697_hdk\iot_sdk\Debug\Obj\cos_api.o
#        C:\LEO\myGit\MTK-IOT\SDK_V4.3.0\out_iar\mt7697_hdk\iot_sdk\Debug\Obj\def.o
#        C:\LEO\myGit\MTK-IOT\SDK_V4.3.0\out_iar\mt7697_hdk\iot_sdk\Debug\Obj\demand.o
#        C:\LEO\myGit\MTK-IOT\SDK_V4.3.0\out_iar\mt7697_hdk\iot_sdk\Debug\Obj\des.o
#        C:\LEO\myGit\MTK-IOT\SDK_V4.3.0\out_iar\mt7697_hdk\iot_sdk\Debug\Obj\dhcp.o
#        C:\LEO\myGit\MTK-IOT\SDK_V4.3.0\out_iar\mt7697_hdk\iot_sdk\Debug\Obj\dhcp6.o
#        C:\LEO\myGit\MTK-IOT\SDK_V4.3.0\out_iar\mt7697_hdk\iot_sdk\Debug\Obj\dhcpd.o
#        C:\LEO\myGit\MTK-IOT\SDK_V4.3.0\out_iar\mt7697_hdk\iot_sdk\Debug\Obj\dma.o
#        C:\LEO\myGit\MTK-IOT\SDK_V4.3.0\out_iar\mt7697_hdk\iot_sdk\Debug\Obj\dns.o
#        C:\LEO\myGit\MTK-IOT\SDK_V4.3.0\out_iar\mt7697_hdk\iot_sdk\Debug\Obj\eap.o
#        C:\LEO\myGit\MTK-IOT\SDK_V4.3.0\out_iar\mt7697_hdk\iot_sdk\Debug\Obj\ecp.o
#        C:\LEO\myGit\MTK-IOT\SDK_V4.3.0\out_iar\mt7697_hdk\iot_sdk\Debug\Obj\ept_eint_var.o
#        C:\LEO\myGit\MTK-IOT\SDK_V4.3.0\out_iar\mt7697_hdk\iot_sdk\Debug\Obj\ept_gpio_var.o
#        C:\LEO\myGit\MTK-IOT\SDK_V4.3.0\out_iar\mt7697_hdk\iot_sdk\Debug\Obj\err.o
#        C:\LEO\myGit\MTK-IOT\SDK_V4.3.0\out_iar\mt7697_hdk\iot_sdk\Debug\Obj\etharp.o
#        C:\LEO\myGit\MTK-IOT\SDK_V4.3.0\out_iar\mt7697_hdk\iot_sdk\Debug\Obj\ethernetif.o
#        C:\LEO\myGit\MTK-IOT\SDK_V4.3.0\out_iar\mt7697_hdk\iot_sdk\Debug\Obj\ethip6.o
#        C:\LEO\myGit\MTK-IOT\SDK_V4.3.0\out_iar\mt7697_hdk\iot_sdk\Debug\Obj\eui64.o
#        C:\LEO\myGit\MTK-IOT\SDK_V4.3.0\out_iar\mt7697_hdk\iot_sdk\Debug\Obj\event_groups.o
#        C:\LEO\myGit\MTK-IOT\SDK_V4.3.0\out_iar\mt7697_hdk\iot_sdk\Debug\Obj\exception_handler.o
#        C:\LEO\myGit\MTK-IOT\SDK_V4.3.0\out_iar\mt7697_hdk\iot_sdk\Debug\Obj\flash_sfc.o
#        C:\LEO\myGit\MTK-IOT\SDK_V4.3.0\out_iar\mt7697_hdk\iot_sdk\Debug\Obj\fsm.o
#        C:\LEO\myGit\MTK-IOT\SDK_V4.3.0\out_iar\mt7697_hdk\iot_sdk\Debug\Obj\gatt_command.o
#        C:\LEO\myGit\MTK-IOT\SDK_V4.3.0\out_iar\mt7697_hdk\iot_sdk\Debug\Obj\gatt_service.o
#        C:\LEO\myGit\MTK-IOT\SDK_V4.3.0\out_iar\mt7697_hdk\iot_sdk\Debug\Obj\get_profile_string.o
#        C:\LEO\myGit\MTK-IOT\SDK_V4.3.0\out_iar\mt7697_hdk\iot_sdk\Debug\Obj\gpio_cli.o
#        C:\LEO\myGit\MTK-IOT\SDK_V4.3.0\out_iar\mt7697_hdk\iot_sdk\Debug\Obj\gpt.o
#        C:\LEO\myGit\MTK-IOT\SDK_V4.3.0\out_iar\mt7697_hdk\iot_sdk\Debug\Obj\hal_adc.o
#        C:\LEO\myGit\MTK-IOT\SDK_V4.3.0\out_iar\mt7697_hdk\iot_sdk\Debug\Obj\hal_aes.o
#        C:\LEO\myGit\MTK-IOT\SDK_V4.3.0\out_iar\mt7697_hdk\iot_sdk\Debug\Obj\hal_cache.o
#        C:\LEO\myGit\MTK-IOT\SDK_V4.3.0\out_iar\mt7697_hdk\iot_sdk\Debug\Obj\hal_cache_internal.o
#        C:\LEO\myGit\MTK-IOT\SDK_V4.3.0\out_iar\mt7697_hdk\iot_sdk\Debug\Obj\hal_des.o
#        C:\LEO\myGit\MTK-IOT\SDK_V4.3.0\out_iar\mt7697_hdk\iot_sdk\Debug\Obj\hal_eint.o
#        C:\LEO\myGit\MTK-IOT\SDK_V4.3.0\out_iar\mt7697_hdk\iot_sdk\Debug\Obj\hal_flash.o
#        C:\LEO\myGit\MTK-IOT\SDK_V4.3.0\out_iar\mt7697_hdk\iot_sdk\Debug\Obj\hal_gdma.o
#        C:\LEO\myGit\MTK-IOT\SDK_V4.3.0\out_iar\mt7697_hdk\iot_sdk\Debug\Obj\hal_gpc.o
#        C:\LEO\myGit\MTK-IOT\SDK_V4.3.0\out_iar\mt7697_hdk\iot_sdk\Debug\Obj\hal_gpio.o
#        C:\LEO\myGit\MTK-IOT\SDK_V4.3.0\out_iar\mt7697_hdk\iot_sdk\Debug\Obj\hal_gpio_7687.o
#        C:\LEO\myGit\MTK-IOT\SDK_V4.3.0\out_iar\mt7697_hdk\iot_sdk\Debug\Obj\hal_gpt.o
#        C:\LEO\myGit\MTK-IOT\SDK_V4.3.0\out_iar\mt7697_hdk\iot_sdk\Debug\Obj\hal_I2C.o
#        C:\LEO\myGit\MTK-IOT\SDK_V4.3.0\out_iar\mt7697_hdk\iot_sdk\Debug\Obj\hal_i2c_master.o
#        C:\LEO\myGit\MTK-IOT\SDK_V4.3.0\out_iar\mt7697_hdk\iot_sdk\Debug\Obj\hal_i2s.o
#        C:\LEO\myGit\MTK-IOT\SDK_V4.3.0\out_iar\mt7697_hdk\iot_sdk\Debug\Obj\hal_i2s_internal.o
#        C:\LEO\myGit\MTK-IOT\SDK_V4.3.0\out_iar\mt7697_hdk\iot_sdk\Debug\Obj\hal_irrx.o
#        C:\LEO\myGit\MTK-IOT\SDK_V4.3.0\out_iar\mt7697_hdk\iot_sdk\Debug\Obj\hal_irtx.o
#        C:\LEO\myGit\MTK-IOT\SDK_V4.3.0\out_iar\mt7697_hdk\iot_sdk\Debug\Obj\hal_log.o
#        C:\LEO\myGit\MTK-IOT\SDK_V4.3.0\out_iar\mt7697_hdk\iot_sdk\Debug\Obj\hal_lp.o
#        C:\LEO\myGit\MTK-IOT\SDK_V4.3.0\out_iar\mt7697_hdk\iot_sdk\Debug\Obj\hal_md5.o
#        C:\LEO\myGit\MTK-IOT\SDK_V4.3.0\out_iar\mt7697_hdk\iot_sdk\Debug\Obj\hal_misc.o
#        C:\LEO\myGit\MTK-IOT\SDK_V4.3.0\out_iar\mt7697_hdk\iot_sdk\Debug\Obj\hal_nvic.o
#        C:\LEO\myGit\MTK-IOT\SDK_V4.3.0\out_iar\mt7697_hdk\iot_sdk\Debug\Obj\hal_nvic_internal.o
#        C:\LEO\myGit\MTK-IOT\SDK_V4.3.0\out_iar\mt7697_hdk\iot_sdk\Debug\Obj\hal_pcnt.o
#        C:\LEO\myGit\MTK-IOT\SDK_V4.3.0\out_iar\mt7697_hdk\iot_sdk\Debug\Obj\hal_pinmux.o
#        C:\LEO\myGit\MTK-IOT\SDK_V4.3.0\out_iar\mt7697_hdk\iot_sdk\Debug\Obj\hal_pwm.o
#        C:\LEO\myGit\MTK-IOT\SDK_V4.3.0\out_iar\mt7697_hdk\iot_sdk\Debug\Obj\hal_rtc.o
#        C:\LEO\myGit\MTK-IOT\SDK_V4.3.0\out_iar\mt7697_hdk\iot_sdk\Debug\Obj\hal_sha.o
#        C:\LEO\myGit\MTK-IOT\SDK_V4.3.0\out_iar\mt7697_hdk\iot_sdk\Debug\Obj\hal_spi_master.o
#        C:\LEO\myGit\MTK-IOT\SDK_V4.3.0\out_iar\mt7697_hdk\iot_sdk\Debug\Obj\hal_spim.o
#        C:\LEO\myGit\MTK-IOT\SDK_V4.3.0\out_iar\mt7697_hdk\iot_sdk\Debug\Obj\hal_sys.o
#        C:\LEO\myGit\MTK-IOT\SDK_V4.3.0\out_iar\mt7697_hdk\iot_sdk\Debug\Obj\hal_trng.o
#        C:\LEO\myGit\MTK-IOT\SDK_V4.3.0\out_iar\mt7697_hdk\iot_sdk\Debug\Obj\hal_uart.o
#        C:\LEO\myGit\MTK-IOT\SDK_V4.3.0\out_iar\mt7697_hdk\iot_sdk\Debug\Obj\hal_uid.o
#        C:\LEO\myGit\MTK-IOT\SDK_V4.3.0\out_iar\mt7697_hdk\iot_sdk\Debug\Obj\hal_wdt.o
#        C:\LEO\myGit\MTK-IOT\SDK_V4.3.0\out_iar\mt7697_hdk\iot_sdk\Debug\Obj\hci_log.o
#        C:\LEO\myGit\MTK-IOT\SDK_V4.3.0\out_iar\mt7697_hdk\iot_sdk\Debug\Obj\heap_4.o
#        C:\LEO\myGit\MTK-IOT\SDK_V4.3.0\out_iar\mt7697_hdk\iot_sdk\Debug\Obj\i2c.o
#        C:\LEO\myGit\MTK-IOT\SDK_V4.3.0\out_iar\mt7697_hdk\iot_sdk\Debug\Obj\icmp.o
#        C:\LEO\myGit\MTK-IOT\SDK_V4.3.0\out_iar\mt7697_hdk\iot_sdk\Debug\Obj\icmp6.o
#        C:\LEO\myGit\MTK-IOT\SDK_V4.3.0\out_iar\mt7697_hdk\iot_sdk\Debug\Obj\igmp.o
#        C:\LEO\myGit\MTK-IOT\SDK_V4.3.0\out_iar\mt7697_hdk\iot_sdk\Debug\Obj\inband_queue_option.o
#        C:\LEO\myGit\MTK-IOT\SDK_V4.3.0\out_iar\mt7697_hdk\iot_sdk\Debug\Obj\inet6.o
#        C:\LEO\myGit\MTK-IOT\SDK_V4.3.0\out_iar\mt7697_hdk\iot_sdk\Debug\Obj\inet_chksum.o
#        C:\LEO\myGit\MTK-IOT\SDK_V4.3.0\out_iar\mt7697_hdk\iot_sdk\Debug\Obj\init.o
#        C:\LEO\myGit\MTK-IOT\SDK_V4.3.0\out_iar\mt7697_hdk\iot_sdk\Debug\Obj\io_def.o
#        C:\LEO\myGit\MTK-IOT\SDK_V4.3.0\out_iar\mt7697_hdk\iot_sdk\Debug\Obj\ip4.o
#        C:\LEO\myGit\MTK-IOT\SDK_V4.3.0\out_iar\mt7697_hdk\iot_sdk\Debug\Obj\ip4_addr.o
#        C:\LEO\myGit\MTK-IOT\SDK_V4.3.0\out_iar\mt7697_hdk\iot_sdk\Debug\Obj\ip6.o
#        C:\LEO\myGit\MTK-IOT\SDK_V4.3.0\out_iar\mt7697_hdk\iot_sdk\Debug\Obj\ip6_addr.o
#        C:\LEO\myGit\MTK-IOT\SDK_V4.3.0\out_iar\mt7697_hdk\iot_sdk\Debug\Obj\ip6_frag.o
#        C:\LEO\myGit\MTK-IOT\SDK_V4.3.0\out_iar\mt7697_hdk\iot_sdk\Debug\Obj\ip_frag.o
#        C:\LEO\myGit\MTK-IOT\SDK_V4.3.0\out_iar\mt7697_hdk\iot_sdk\Debug\Obj\ipcp.o
#        C:\LEO\myGit\MTK-IOT\SDK_V4.3.0\out_iar\mt7697_hdk\iot_sdk\Debug\Obj\iperf_cli.o
#        C:\LEO\myGit\MTK-IOT\SDK_V4.3.0\out_iar\mt7697_hdk\iot_sdk\Debug\Obj\iperf_task.o
#        C:\LEO\myGit\MTK-IOT\SDK_V4.3.0\out_iar\mt7697_hdk\iot_sdk\Debug\Obj\ipv6cp.o
#        C:\LEO\myGit\MTK-IOT\SDK_V4.3.0\out_iar\mt7697_hdk\iot_sdk\Debug\Obj\ir_tx.o
#        C:\LEO\myGit\MTK-IOT\SDK_V4.3.0\out_iar\mt7697_hdk\iot_sdk\Debug\Obj\lcp.o
#        C:\LEO\myGit\MTK-IOT\SDK_V4.3.0\prebuilt\middleware\MTK\smtcn\lib\libbcsmtcn_CM4_IAR.a
#        C:\LEO\myGit\MTK-IOT\SDK_V4.3.0\prebuilt\middleware\MTK\bluetooth\lib\libble_iar.a
#        C:\LEO\myGit\MTK-IOT\SDK_V4.3.0\prebuilt\middleware\MTK\bluetooth\lib\libble_multi_adv_iar.a
#        C:\LEO\myGit\MTK-IOT\SDK_V4.3.0\prebuilt\middleware\MTK\bluetooth\lib\libbtdriver_7697_iar.a
#        C:\LEO\myGit\MTK-IOT\SDK_V4.3.0\prebuilt\driver\chip\mt7687\lib\libhal_core_CM4_IAR.a
#        C:\LEO\myGit\MTK-IOT\SDK_V4.3.0\prebuilt\driver\chip\mt7687\lib\libhal_protected_CM4_IAR.a
#        C:\LEO\myGit\MTK-IOT\SDK_V4.3.0\prebuilt\middleware\MTK\minicli\lib\libminicli_CM4_IAR.a
#        C:\LEO\myGit\MTK-IOT\SDK_V4.3.0\prebuilt\middleware\MTK\minisupp\lib\libminisupp_CM4_IAR.a
#        C:\LEO\myGit\MTK-IOT\SDK_V4.3.0\prebuilt\middleware\MTK\nvdm\lib\libnvdm_CM4_IAR.a
#        C:\LEO\myGit\MTK-IOT\SDK_V4.3.0\prebuilt\middleware\MTK\wifi_service\combo\lib\wifi_supp\libwifi_CM4_IAR.a
#        C:\LEO\myGit\MTK-IOT\SDK_V4.3.0\out_iar\mt7697_hdk\iot_sdk\Debug\Obj\list.o
#        C:\LEO\myGit\MTK-IOT\SDK_V4.3.0\out_iar\mt7697_hdk\iot_sdk\Debug\Obj\low_hal_gpio.o
#        C:\LEO\myGit\MTK-IOT\SDK_V4.3.0\out_iar\mt7697_hdk\iot_sdk\Debug\Obj\low_hal_irrx.o
#        C:\LEO\myGit\MTK-IOT\SDK_V4.3.0\out_iar\mt7697_hdk\iot_sdk\Debug\Obj\low_hal_irtx.o
#        C:\LEO\myGit\MTK-IOT\SDK_V4.3.0\out_iar\mt7697_hdk\iot_sdk\Debug\Obj\low_hal_pwm.o
#        C:\LEO\myGit\MTK-IOT\SDK_V4.3.0\out_iar\mt7697_hdk\iot_sdk\Debug\Obj\low_hal_rtc.o
#        C:\LEO\myGit\MTK-IOT\SDK_V4.3.0\out_iar\mt7697_hdk\iot_sdk\Debug\Obj\low_hal_wdt.o
#        C:\LEO\myGit\MTK-IOT\SDK_V4.3.0\out_iar\mt7697_hdk\iot_sdk\Debug\Obj\lp_ex_sleep.o
#        C:\LEO\myGit\MTK-IOT\SDK_V4.3.0\out_iar\mt7697_hdk\iot_sdk\Debug\Obj\lseek.o
#        C:\LEO\myGit\MTK-IOT\SDK_V4.3.0\out_iar\mt7697_hdk\iot_sdk\Debug\Obj\lwip_cli.o
#        C:\LEO\myGit\MTK-IOT\SDK_V4.3.0\out_iar\mt7697_hdk\iot_sdk\Debug\Obj\lwip_log.o
#        C:\LEO\myGit\MTK-IOT\SDK_V4.3.0\out_iar\mt7697_hdk\iot_sdk\Debug\Obj\lwip_timers.o
#        C:\LEO\myGit\MTK-IOT\SDK_V4.3.0\out_iar\mt7697_hdk\iot_sdk\Debug\Obj\magic.o
#        C:\LEO\myGit\MTK-IOT\SDK_V4.3.0\out_iar\mt7697_hdk\iot_sdk\Debug\Obj\main.o
#        C:\LEO\myGit\MTK-IOT\SDK_V4.3.0\out_iar\mt7697_hdk\iot_sdk\Debug\Obj\md4.o
#        C:\LEO\myGit\MTK-IOT\SDK_V4.3.0\out_iar\mt7697_hdk\iot_sdk\Debug\Obj\md5.o
#        C:\LEO\myGit\MTK-IOT\SDK_V4.3.0\out_iar\mt7697_hdk\iot_sdk\Debug\Obj\mem.o
#        C:\LEO\myGit\MTK-IOT\SDK_V4.3.0\out_iar\mt7697_hdk\iot_sdk\Debug\Obj\memory_regions.o
#        C:\LEO\myGit\MTK-IOT\SDK_V4.3.0\out_iar\mt7697_hdk\iot_sdk\Debug\Obj\memp.o
#        C:\LEO\myGit\MTK-IOT\SDK_V4.3.0\out_iar\mt7697_hdk\iot_sdk\Debug\Obj\mib2.o
#        C:\LEO\myGit\MTK-IOT\SDK_V4.3.0\out_iar\mt7697_hdk\iot_sdk\Debug\Obj\mib_structs.o
#        C:\LEO\myGit\MTK-IOT\SDK_V4.3.0\out_iar\mt7697_hdk\iot_sdk\Debug\Obj\misc.o
#        C:\LEO\myGit\MTK-IOT\SDK_V4.3.0\out_iar\mt7697_hdk\iot_sdk\Debug\Obj\mld6.o
#        C:\LEO\myGit\MTK-IOT\SDK_V4.3.0\out_iar\mt7697_hdk\iot_sdk\Debug\Obj\mppe.o
#        C:\LEO\myGit\MTK-IOT\SDK_V4.3.0\out_iar\mt7697_hdk\iot_sdk\Debug\Obj\msg_in.o
#        C:\LEO\myGit\MTK-IOT\SDK_V4.3.0\out_iar\mt7697_hdk\iot_sdk\Debug\Obj\msg_out.o
#        C:\LEO\myGit\MTK-IOT\SDK_V4.3.0\out_iar\mt7697_hdk\iot_sdk\Debug\Obj\mt76X7_n9_image.o
#        C:\LEO\myGit\MTK-IOT\SDK_V4.3.0\out_iar\mt7697_hdk\iot_sdk\Debug\Obj\nd6.o
#        C:\LEO\myGit\MTK-IOT\SDK_V4.3.0\out_iar\mt7697_hdk\iot_sdk\Debug\Obj\netbuf.o
#        C:\LEO\myGit\MTK-IOT\SDK_V4.3.0\out_iar\mt7697_hdk\iot_sdk\Debug\Obj\netdb.o
#        C:\LEO\myGit\MTK-IOT\SDK_V4.3.0\out_iar\mt7697_hdk\iot_sdk\Debug\Obj\netif.o
#        C:\LEO\myGit\MTK-IOT\SDK_V4.3.0\out_iar\mt7697_hdk\iot_sdk\Debug\Obj\netifapi.o
#        C:\LEO\myGit\MTK-IOT\SDK_V4.3.0\out_iar\mt7697_hdk\iot_sdk\Debug\Obj\nvdm_cli.o
#        C:\LEO\myGit\MTK-IOT\SDK_V4.3.0\out_iar\mt7697_hdk\iot_sdk\Debug\Obj\nvdm_port.o
#        C:\LEO\myGit\MTK-IOT\SDK_V4.3.0\out_iar\mt7697_hdk\iot_sdk\Debug\Obj\nvic.o
#        C:\LEO\myGit\MTK-IOT\SDK_V4.3.0\out_iar\mt7697_hdk\iot_sdk\Debug\Obj\open.o
#        C:\LEO\myGit\MTK-IOT\SDK_V4.3.0\out_iar\mt7697_hdk\iot_sdk\Debug\Obj\ops_config.o
#        C:\LEO\myGit\MTK-IOT\SDK_V4.3.0\out_iar\mt7697_hdk\iot_sdk\Debug\Obj\os_cli.o
#        C:\LEO\myGit\MTK-IOT\SDK_V4.3.0\out_iar\mt7697_hdk\iot_sdk\Debug\Obj\os_port_callback.o
#        C:\LEO\myGit\MTK-IOT\SDK_V4.3.0\out_iar\mt7697_hdk\iot_sdk\Debug\Obj\os_util.o
#        C:\LEO\myGit\MTK-IOT\SDK_V4.3.0\out_iar\mt7697_hdk\iot_sdk\Debug\Obj\os_utils.o
#        C:\LEO\myGit\MTK-IOT\SDK_V4.3.0\out_iar\mt7697_hdk\iot_sdk\Debug\Obj\pbuf.o
#        C:\LEO\myGit\MTK-IOT\SDK_V4.3.0\out_iar\mt7697_hdk\iot_sdk\Debug\Obj\ping.o
#        C:\LEO\myGit\MTK-IOT\SDK_V4.3.0\out_iar\mt7697_hdk\iot_sdk\Debug\Obj\ping_cli.o
#        C:\LEO\myGit\MTK-IOT\SDK_V4.3.0\out_iar\mt7697_hdk\iot_sdk\Debug\Obj\pinmux.o
#        C:\LEO\myGit\MTK-IOT\SDK_V4.3.0\out_iar\mt7697_hdk\iot_sdk\Debug\Obj\port.o
#        C:\LEO\myGit\MTK-IOT\SDK_V4.3.0\out_iar\mt7697_hdk\iot_sdk\Debug\Obj\port_tick.o
#        C:\LEO\myGit\MTK-IOT\SDK_V4.3.0\out_iar\mt7697_hdk\iot_sdk\Debug\Obj\portasm.o
#        C:\LEO\myGit\MTK-IOT\SDK_V4.3.0\out_iar\mt7697_hdk\iot_sdk\Debug\Obj\ppp.o
#        C:\LEO\myGit\MTK-IOT\SDK_V4.3.0\out_iar\mt7697_hdk\iot_sdk\Debug\Obj\pppapi.o
#        C:\LEO\myGit\MTK-IOT\SDK_V4.3.0\out_iar\mt7697_hdk\iot_sdk\Debug\Obj\pppcrypt.o
#        C:\LEO\myGit\MTK-IOT\SDK_V4.3.0\out_iar\mt7697_hdk\iot_sdk\Debug\Obj\pppoe.o
#        C:\LEO\myGit\MTK-IOT\SDK_V4.3.0\out_iar\mt7697_hdk\iot_sdk\Debug\Obj\pppos.o
#        C:\LEO\myGit\MTK-IOT\SDK_V4.3.0\out_iar\mt7697_hdk\iot_sdk\Debug\Obj\pwm.o
#        C:\LEO\myGit\MTK-IOT\SDK_V4.3.0\out_iar\mt7697_hdk\iot_sdk\Debug\Obj\queue.o
#        C:\LEO\myGit\MTK-IOT\SDK_V4.3.0\out_iar\mt7697_hdk\iot_sdk\Debug\Obj\raw.o
#        C:\LEO\myGit\MTK-IOT\SDK_V4.3.0\out_iar\mt7697_hdk\iot_sdk\Debug\Obj\read.o
#        C:\LEO\myGit\MTK-IOT\SDK_V4.3.0\out_iar\mt7697_hdk\iot_sdk\Debug\Obj\remove.o
#        C:\LEO\myGit\MTK-IOT\SDK_V4.3.0\out_iar\mt7697_hdk\iot_sdk\Debug\Obj\rename.o
#        C:\LEO\myGit\MTK-IOT\SDK_V4.3.0\out_iar\mt7697_hdk\iot_sdk\Debug\Obj\sfc.o
#        C:\LEO\myGit\MTK-IOT\SDK_V4.3.0\out_iar\mt7697_hdk\iot_sdk\Debug\Obj\sha1.o
#        C:\LEO\myGit\MTK-IOT\SDK_V4.3.0\out_iar\mt7697_hdk\iot_sdk\Debug\Obj\slipif.o
#        C:\LEO\myGit\MTK-IOT\SDK_V4.3.0\out_iar\mt7697_hdk\iot_sdk\Debug\Obj\smt_api.o
#        C:\LEO\myGit\MTK-IOT\SDK_V4.3.0\out_iar\mt7697_hdk\iot_sdk\Debug\Obj\smt_conn.o
#        C:\LEO\myGit\MTK-IOT\SDK_V4.3.0\out_iar\mt7697_hdk\iot_sdk\Debug\Obj\sockets.o
#        C:\LEO\myGit\MTK-IOT\SDK_V4.3.0\out_iar\mt7697_hdk\iot_sdk\Debug\Obj\spi_flash.o
#        C:\LEO\myGit\MTK-IOT\SDK_V4.3.0\out_iar\mt7697_hdk\iot_sdk\Debug\Obj\spim.o
#        C:\LEO\myGit\MTK-IOT\SDK_V4.3.0\out_iar\mt7697_hdk\iot_sdk\Debug\Obj\startup_mt7687.o
#        C:\LEO\myGit\MTK-IOT\SDK_V4.3.0\out_iar\mt7697_hdk\iot_sdk\Debug\Obj\stats.o
#        C:\LEO\myGit\MTK-IOT\SDK_V4.3.0\out_iar\mt7697_hdk\iot_sdk\Debug\Obj\sys.o
#        C:\LEO\myGit\MTK-IOT\SDK_V4.3.0\out_iar\mt7697_hdk\iot_sdk\Debug\Obj\sys_arch.o
#        C:\LEO\myGit\MTK-IOT\SDK_V4.3.0\out_iar\mt7697_hdk\iot_sdk\Debug\Obj\sys_init.o
#        C:\LEO\myGit\MTK-IOT\SDK_V4.3.0\out_iar\mt7697_hdk\iot_sdk\Debug\Obj\syslog.o
#        C:\LEO\myGit\MTK-IOT\SDK_V4.3.0\out_iar\mt7697_hdk\iot_sdk\Debug\Obj\syslog_cli.o
#        C:\LEO\myGit\MTK-IOT\SDK_V4.3.0\out_iar\mt7697_hdk\iot_sdk\Debug\Obj\system_mt7687.o
#        C:\LEO\myGit\MTK-IOT\SDK_V4.3.0\out_iar\mt7697_hdk\iot_sdk\Debug\Obj\tasks.o
#        C:\LEO\myGit\MTK-IOT\SDK_V4.3.0\out_iar\mt7697_hdk\iot_sdk\Debug\Obj\tcp.o
#        C:\LEO\myGit\MTK-IOT\SDK_V4.3.0\out_iar\mt7697_hdk\iot_sdk\Debug\Obj\tcp_in.o
#        C:\LEO\myGit\MTK-IOT\SDK_V4.3.0\out_iar\mt7697_hdk\iot_sdk\Debug\Obj\tcp_out.o
#        C:\LEO\myGit\MTK-IOT\SDK_V4.3.0\out_iar\mt7697_hdk\iot_sdk\Debug\Obj\tcpip.o
#        C:\LEO\myGit\MTK-IOT\SDK_V4.3.0\out_iar\mt7697_hdk\iot_sdk\Debug\Obj\timer.o
#        C:\LEO\myGit\MTK-IOT\SDK_V4.3.0\out_iar\mt7697_hdk\iot_sdk\Debug\Obj\timers.o
#        C:\LEO\myGit\MTK-IOT\SDK_V4.3.0\out_iar\mt7697_hdk\iot_sdk\Debug\Obj\toi.o
#        C:\LEO\myGit\MTK-IOT\SDK_V4.3.0\out_iar\mt7697_hdk\iot_sdk\Debug\Obj\top.o
#        C:\LEO\myGit\MTK-IOT\SDK_V4.3.0\out_iar\mt7697_hdk\iot_sdk\Debug\Obj\uart.o
#        C:\LEO\myGit\MTK-IOT\SDK_V4.3.0\out_iar\mt7697_hdk\iot_sdk\Debug\Obj\udp.o
#        C:\LEO\myGit\MTK-IOT\SDK_V4.3.0\out_iar\mt7697_hdk\iot_sdk\Debug\Obj\upap.o
#        C:\LEO\myGit\MTK-IOT\SDK_V4.3.0\out_iar\mt7697_hdk\iot_sdk\Debug\Obj\ut_app.o
#        C:\LEO\myGit\MTK-IOT\SDK_V4.3.0\out_iar\mt7697_hdk\iot_sdk\Debug\Obj\ut_app_gap.o
#        C:\LEO\myGit\MTK-IOT\SDK_V4.3.0\out_iar\mt7697_hdk\iot_sdk\Debug\Obj\utils.o
#        C:\LEO\myGit\MTK-IOT\SDK_V4.3.0\out_iar\mt7697_hdk\iot_sdk\Debug\Obj\vj.o
#        C:\LEO\myGit\MTK-IOT\SDK_V4.3.0\out_iar\mt7697_hdk\iot_sdk\Debug\Obj\wifi_channel.o
#        C:\LEO\myGit\MTK-IOT\SDK_V4.3.0\out_iar\mt7697_hdk\iot_sdk\Debug\Obj\wifi_cli.o
#        C:\LEO\myGit\MTK-IOT\SDK_V4.3.0\out_iar\mt7697_hdk\iot_sdk\Debug\Obj\wifi_default_config.o
#        C:\LEO\myGit\MTK-IOT\SDK_V4.3.0\out_iar\mt7697_hdk\iot_sdk\Debug\Obj\wifi_inband_cli.o
#        C:\LEO\myGit\MTK-IOT\SDK_V4.3.0\out_iar\mt7697_hdk\iot_sdk\Debug\Obj\wifi_init.o
#        C:\LEO\myGit\MTK-IOT\SDK_V4.3.0\out_iar\mt7697_hdk\iot_sdk\Debug\Obj\wifi_lwip_helper.o
#        C:\LEO\myGit\MTK-IOT\SDK_V4.3.0\out_iar\mt7697_hdk\iot_sdk\Debug\Obj\wifi_nvdm_config.o
#        C:\LEO\myGit\MTK-IOT\SDK_V4.3.0\out_iar\mt7697_hdk\iot_sdk\Debug\Obj\wifi_os_api.o
#        C:\LEO\myGit\MTK-IOT\SDK_V4.3.0\out_iar\mt7697_hdk\iot_sdk\Debug\Obj\wifi_private_cli.o
#        C:\LEO\myGit\MTK-IOT\SDK_V4.3.0\out_iar\mt7697_hdk\iot_sdk\Debug\Obj\wifi_profile.o
#        C:\LEO\myGit\MTK-IOT\SDK_V4.3.0\out_iar\mt7697_hdk\iot_sdk\Debug\Obj\wifi_wps.o
#        C:\LEO\myGit\MTK-IOT\SDK_V4.3.0\out_iar\mt7697_hdk\iot_sdk\Debug\Obj\write.o
#        --redirect _Printf=_PrintfSmall --redirect _Scanf=_ScanfSmall -o
#        C:\LEO\myGit\MTK-IOT\SDK_V4.3.0\out_iar\mt7697_hdk\iot_sdk\Debug\Exe\iot_sdk.out
#        --keep __bootloader
#        --image_input=C:\LEO\myGit\MTK-IOT\SDK_V4.3.0\project\mt7697_hdk\apps\iot_sdk\EWARM\..\..\..\..\..\tools\iar\mt7697\bootloader\bootloader.bin,__bootloader,.bootloader,8
#        --map
#        C:\LEO\myGit\MTK-IOT\SDK_V4.3.0\out_iar\mt7697_hdk\iot_sdk\Debug\List\iot_sdk.map
#        --config
#        C:\LEO\myGit\MTK-IOT\SDK_V4.3.0\project\mt7697_hdk\apps\iot_sdk\EWARM\flash.icf
#        --redirect malloc=pvPortMalloc --redirect calloc=pvPortCalloc
#        --redirect realloc=pvPortRealloc --redirect free=vPortFree --entry
#        __iar_program_start --vfe --text_out locale)
#
###############################################################################

*******************************************************************************
*** MESSAGES
***

Warning[Lt009]: Inconsistent wchar_t size
            bt_gatts.o(libble_iar.a) and 107 other objects have wchar_t size 16
                      bits
            aes.o and 391 other objects have wchar_t size 32 bits


*******************************************************************************
*** RUNTIME MODEL ATTRIBUTES
***

CppFlavor       = *
__SystemLibrary = DLib
__dlib_version  = 6


*******************************************************************************
*** HEAP SELECTION
***

The basic heap was selected because no calls to memory allocation
functions were found in the application outside of system library
functions, and there are calls to deallocation functions in the
application.


*******************************************************************************
*** PLACEMENT SUMMARY
***

"P1":  place in [from 0x10000000 to 0x10008000] { section .bootloader };
define block N9_BIN_BLOCK with fixed order { section .n9fw };
"A0":  place at start of [0x10010000-0x10078fff] { block N9_BIN_BLOCK };
"A1":  place at start of [0x10079000-0x100790ff] { section .reset_handler };
define block ROM_BLOCK with fixed order { section .intvec, ro };
"A2":  place at start of [0x10079100-0x10266000] { block ROM_BLOCK };
define block TCM_BLOCK with fixed order { section .ramTEXT, section .tcmBSS };
"P2":  place in [from 0x00100000 to 0x00110000] { block TCM_BLOCK };
define block RAM_BLOCK with fixed order { rw };
"A3":  place at start of [0x20000400-0x2003fc00] { block RAM_BLOCK };
define block CSTACK with size = 3K, alignment = 8 { };
"A4":  place at end of [0x20000400-0x2003fc00] { block CSTACK };
initialize by copy { section .ramTEXT };
initialize by copy { rw };
keep { section .n9fw };

  Section               Kind        Address     Size  Object
  -------               ----        -------     ----  ------
"P2":                                         0xcfe0
  TCM_BLOCK                      0x00100000   0xcfe0  <Block>
    section .ramTEXT-1           0x00100000   0x2748  <Init block>
      Veneer            inited   0x00100000      0x8  - Linker created -
      Veneer            inited   0x00100008      0x8  - Linker created -
      Veneer            inited   0x00100010      0x8  - Linker created -
      Veneer            inited   0x00100018      0x8  - Linker created -
      Veneer            inited   0x00100020      0x8  - Linker created -
      Veneer            inited   0x00100028      0x8  - Linker created -
      Veneer            inited   0x00100030      0x8  - Linker created -
      Veneer            inited   0x00100038      0x8  - Linker created -
      Veneer            inited   0x00100040      0x8  - Linker created -
      Veneer            inited   0x00100048      0x8  - Linker created -
      .ramTEXT          inited   0x00100050    0x32c  flash_sfc.o [1]
      Veneer            inited   0x0010037c      0x8  - Linker created -
      Veneer            inited   0x00100384      0x8  - Linker created -
      Veneer            inited   0x0010038c      0x8  - Linker created -
      .ramTEXT          inited   0x00100394     0x78  hal_nvic.o [1]
      Veneer            inited   0x0010040c      0x8  - Linker created -
      Veneer            inited   0x00100414      0x8  - Linker created -
      .ramTEXT          inited   0x0010041c    0x2b4  sfc.o [1]
      Veneer            inited   0x001006d0      0x8  - Linker created -
      Veneer            inited   0x001006d8      0x8  - Linker created -
      Veneer            inited   0x001006e0      0x8  - Linker created -
      Veneer            inited   0x001006e8      0x8  - Linker created -
      .ramTEXT          inited   0x001006f0    0x97c  spi_flash.o [1]
      .ramTEXT          inited   0x0010106c     0x1c  startup_mt7687.o [1]
      .ramTEXT          inited   0x00101088     0x1c  startup_mt7687.o [1]
      .ramTEXT          inited   0x001010a4     0x1c  startup_mt7687.o [1]
      Veneer            inited   0x001010c0      0x8  - Linker created -
      Veneer            inited   0x001010c8      0x8  - Linker created -
      Veneer            inited   0x001010d0      0x8  - Linker created -
      .ramTEXT          inited   0x001010d8     0x78  top.o [1]
      .ramTEXT          inited   0x00101150   0x1378  sha1-internal.o [12]
      .ramTEXT          inited   0x001024c8      0xe  nvic.o [1]
      .ramTEXT          inited   0x001024d6     0x30  os_utils.o [1]
      Veneer            inited   0x00102508      0x8  - Linker created -
      .ramTEXT          inited   0x00102510    0x114  sha1-pbkdf2.o [12]
      .ramTEXT          inited   0x00102624    0x124  sha1.o [12]
    .tcmBSS             zero     0x00102748   0xa014  mem.o [1]
    .tcmBSS             zero     0x0010c75c    0x884  wpa_debug.o [12]
                               - 0x0010cfe0   0xcfe0

"P1":                                         0x6880
  .bootloader           const    0x10000000   0x6880  bootloader.bin [2]
                               - 0x10006880   0x6880

"A0":                                        0x46dec
  N9_BIN_BLOCK                   0x10010000  0x46dec  <Block>
    .n9fw               const    0x10010000  0x46dec  mt76X7_n9_image.o [1]
                               - 0x10056dec  0x46dec

"A1":                                           0x4c
  .reset_handler        ro code  0x10079000     0x4c  startup_mt7687.o [1]
                               - 0x1007904c     0x4c

"A2":                                        0x7d493
  ROM_BLOCK                      0x10079100  0x7d493  <Block>
    .intvec                      0x10079100    0x1c0  <Block>
      .intvec           ro code  0x10079100    0x1c0  startup_mt7687.o [1]
    .text               ro code  0x100792c0   0x2680  iperf_task.o [1]
    .text               ro code  0x1007b940    0x36c  hal_gpt.o [1]
    .text               ro code  0x1007bcac     0x4a  strcmp.o [16]
    .text               ro code  0x1007bcf6     0x1a  xsnprout.o [4]
    .text               ro code  0x1007bd10    0x178  iar_Stoulx.o [4]
    .text               ro code  0x1007be88     0x2c  def.o [1]
    .text               ro code  0x1007beb4   0x14c4  sockets.o [1]
    .text               ro code  0x1007d378    0x3f0  heap_4.o [1]
    .text               ro code  0x1007d768    0xd88  tasks.o [1]
    .text               ro code  0x1007e4f0     0x66  ABImemset.o [16]
    .text               ro code  0x1007e556      0xa  xsprout.o [4]
    .text               ro code  0x1007e560     0x3a  ABImemset48.o [16]
    .text               ro code  0x1007e59a     0x1e  xsscin.o [4]
    .text               ro code  0x1007e5b8    0x2ec  ip4_addr.o [1]
    .text               ro code  0x1007e8a4     0x2e  DblCmpLe.o [15]
    .text               ro code  0x1007e8d2     0x26  xencoding_8859_1.o [4]
    .text               ro code  0x1007e8f8    0x178  DblAdd.o [15]
    .text               ro code  0x1007ea70     0x3a  DblToS32.o [15]
    .text               ro code  0x1007eaaa     0x7a  lz77_init_single.o [16]
    .text               ro code  0x1007eb24     0x22  S32ToDbl.o [15]
    .text               ro code  0x1007eb48     0xe2  DblSub.o [15]
    .text               ro code  0x1007ec2c    0x1a2  DblMul.o [15]
    .text               ro code  0x1007edd0     0x1a  U32ToDbl.o [15]
    .text               ro code  0x1007edea     0x14  isupper.o [4]
    .text               ro code  0x1007ee00     0x2e  DblCmpGe.o [15]
    .text               ro code  0x1007ee30    0x246  DblDiv.o [15]
    .text               ro code  0x1007f078     0x36  strlen.o [16]
    .text               ro code  0x1007f0b0     0xa6  ABImemcpy.o [16]
    .text               ro code  0x1007f158     0x46  U64ToDbl.o [15]
    .text               ro code  0x1007f1a0     0x40  sprintf.o [4]
    .text               ro code  0x1007f1e0      0xe  math_wrappers64.o [15]
    .text               ro code  0x1007f1f0     0x5c  hal_log.o [1]
    .text               ro code  0x1007f24c    0x32c  gpt.o [1]
    .text               ro code  0x1007f578     0xc4  timer.o [1]
    .text               ro code  0x1007f63c    0x2ec  top.o [1]
    .text               ro code  0x1007f928     0x14  isspace.o [4]
    .text               ro code  0x1007f93c     0x14  tolower.o [4]
    .text               ro code  0x1007f950     0x58  memchr.o [16]
    .text               ro code  0x1007f9a8     0x44  errno.o [4]
    .text               ro code  0x1007f9ec    0x3f4  sys_arch.o [1]
    .text               ro code  0x1007fde0    0xf2c  pbuf.o [1]
    .text               ro code  0x10080d0c    0x158  netbuf.o [1]
    .text               ro code  0x10080e64    0x9b4  api_lib.o [1]
    .text               ro code  0x10081818     0x28  printf.o [4]
    .text               ro code  0x10081840    0x298  tcpip.o [1]
    .text               ro code  0x10081ad8    0xe0a  exception_handler.o [1]
    .text               ro code  0x100828e4    0x2f0  port.o [1]
    .text               ro code  0x10082bd4     0x90  list.o [1]
    .text               ro code  0x10082c64    0x4ac  timers.o [1]
    .text               ro code  0x10083110     0x84  os_port_callback.o [1]
    .text               ro code  0x10083194     0x68  memcmp.o [16]
    .text               ro code  0x100831fc    0x5d0  port_tick.o [1]
    .text               ro code  0x100837cc    0x17c  xlocale_c.o [4]
    .text               ro code  0x10083948    0x518  xprintfsmall.o [4]
    .text               ro code  0x10083e60    0x590  strto64.o [15]
    .text               ro code  0x100843f0    0xb44  syslog.o [1]
    Veneer              ro code  0x10084f34      0x8  - Linker created -
    Veneer              ro code  0x10084f3c      0x8  - Linker created -
    .text               ro code  0x10084f44     0x88  hal_nvic.o [1]
    .text               ro code  0x10084fcc     0x9c  system_mt7687.o [1]
    .text               ro code  0x10085068      0x4  tp_nothreads.o [4]
    .text               ro code  0x1008506c    0xb04  queue.o [1]
    .text               ro code  0x10085b70     0xb0  rand.o [4]
    .text               ro code  0x10085c20   0x1450  tcp.o [1]
    .text               ro code  0x10087070    0x748  mem.o [1]
    .text               ro code  0x100877b8   0x1970  api_msg.o [1]
    .text               ro code  0x10089128    0x320  lwip_timers.o [1]
    .text               ro code  0x10089448    0xd34  etharp.o [1]
    .text               ro code  0x1008a17c    0x558  ip4.o [1]
    .text               ro code  0x1008a6d4     0x26  init.o [1]
    CODE                ro code  0x1008a6fc     0xac  portasm.o [1]
    Veneer              ro code  0x1008a7a8      0x8  - Linker created -
    Veneer              ro code  0x1008a7b0      0x8  - Linker created -
    Veneer              ro code  0x1008a7b8      0x8  - Linker created -
    .text               ro code  0x1008a7c0    0x19c  hal_sleep_manager.o [9]
    .text               ro code  0x1008a95c    0x2ac  hal_lp.o [1]
    .text               ro code  0x1008ac08    0x368  hal_sleep_driver.o [9]
    .text               ro code  0x1008af70     0x16  strchr.o [16]
    .text               ro code  0x1008af88     0x44  xfail_s.o [4]
    .text               ro code  0x1008afcc     0x70  frexp.o [15]
    .text               ro code  0x1008b03c    0x13a  ldexp.o [15]
    .text               ro code  0x1008b176    0x122  iar_Stopfx.o [4]
    .text               ro code  0x1008b298    0x1c8  iar_Stoflt.o [4]
    .text               ro code  0x1008b460    0x23c  iar_Stoxflt.o [4]
    .text               ro code  0x1008b69c    0x690  hal_uart.o [1]
    .text               ro code  0x1008bd2c     0x20  vprintf.o [4]
    .text               ro code  0x1008bd4c     0x3c  vsnprint.o [4]
    .text               ro code  0x1008bd88    0x122  toi.o [1]
    .text               ro code  0x1008beac     0x44  snprintf.o [4]
    .text               ro code  0x1008bef0   0x13d4  tcp_out.o [1]
    .text               ro code  0x1008d2c4   0x1a1c  tcp_in.o [1]
    .text               ro code  0x1008ece0    0x2cc  raw.o [1]
    .text               ro code  0x1008efac    0x658  udp.o [1]
    .text               ro code  0x1008f604    0x9a4  ip_frag.o [1]
    .text               ro code  0x1008ffa8   0x1788  dhcp.o [1]
    .text               ro code  0x10091730    0x48c  dns.o [1]
    .text               ro code  0x10091bbc    0x180  inet_chksum.o [1]
    .text               ro code  0x10091d3c    0x428  icmp.o [1]
    .text               ro code  0x10092164    0x53c  netif.o [1]
    .text               ro code  0x100926a0      0x2  stats.o [1]
    .text               ro code  0x100926a4     0x24  hal_misc.o [1]
    .text               ro code  0x100926c8     0x14  isalpha.o [4]
    .text               ro code  0x100926dc    0x410  uart.o [1]
    .text               ro code  0x10092aec    0x5e4  dma.o [1]
    Veneer              ro code  0x100930d0      0x8  - Linker created -
    .ram_code           ro code  0x100930d8    0x108  exception_handler.o [1]
    .rodata             const    0x100931e0     0x50  ble_smtcn.o [1]
    .rodata             const    0x10093230     0x10  bsmtcn_ops.o [1]
    .rodata             const    0x10093240     0x38  bt_debug.o [1]
    .rodata             const    0x10093278    0x1f0  cli_cmds.o [1]
    .rodata             const    0x10093468      0x8  connsys_bus.o [1]
    .rodata             const    0x10093470     0x40  dhcpd.o [1]
    .rodata             const    0x100934b0    0x124  gatt_service.o [1]
    .rodata             const    0x100935d4      0x4  hal_log.o [1]
    .rodata             const    0x100935d8      0x8  ip4_addr.o [1]
    .rodata             const    0x100935e0     0x34  iperf_cli.o [1]
    .rodata             const    0x10093614     0x44  iperf_task.o [1]
    .rodata             const    0x10093658     0x64  lp_ex_sleep.o [1]
    .rodata             const    0x100936bc      0x8  lwip_log.o [1]
    .rodata             const    0x100936c4     0x64  memory_regions.o [1]
    .rodata             const    0x10093728     0x20  memp.o [1]
    .rodata             const    0x10093748     0x3c  nvdm_cli.o [1]
    .rodata             const    0x10093784      0x8  smt_api.o [1]
    .rodata             const    0x1009378c     0x9c  spi_flash.o [1]
    .rodata             const    0x10093828      0x8  sys_init.o [1]
    .rodata             const    0x10093830     0x28  syslog.o [1]
    .rodata             const    0x10093858     0x14  syslog_cli.o [1]
    .rodata             const    0x1009386c     0x1a  uart.o [1]
    .rodata             const    0x10093888    0x420  ut_app.o [1]
    .rodata             const    0x10093ca8    0x3cc  wifi_cli.o [1]
    .rodata             const    0x10094074    0x174  wifi_inband_cli.o [1]
    .rodata             const    0x100941e8      0x8  wifi_init.o [1]
    .rodata             const    0x100941f0    0x37c  wifi_nvdm_config.o [1]
    .rodata             const    0x1009456c    0x438  wifi_private_cli.o [1]
    .rodata             const    0x100949a4    0x160  wifi_profile.o [1]
    .rodata             const    0x10094b04     0xf4  bt_gatts.o [6]
    .rodata             const    0x10094bf8    0x330  wifi_api.o [14]
    .rodata             const    0x10094f28     0x70  minisupp_cli.o [12]
    .rodata             const    0x10094f98      0xc  wpa_debug.o [12]
    .rodata             const    0x10094fa4     0x10  bt_gap_init.o [6]
    .rodata             const    0x10094fb4     0x68  bt_smp.o [6]
    .rodata             const    0x1009501c    0x218  driver_inband.o [12]
    .rodata             const    0x10095234     0x30  wpa_supplicant_entry.o [12]
    .rodata             const    0x10095264    0x910  bt_sm.o [6]
    .rodata             const    0x10095b74    0x1ec  driver_none.o [12]
    .rodata             const    0x10095d60    0x500  aes-internal.o [12]
    .rodata             const    0x10096260    0x124  xlocale_c.o [4]
    .text               ro code  0x10096384    0xc5e  aes.o [1]
    .text               ro code  0x10096fe4   0x10dc  ble_smtcn.o [1]
    .text               ro code  0x100980c0    0x850  bt_gap_le_adv.o [6]
    .text               ro code  0x10098910      0x6  ABImemclr4.o [16]
    .text               ro code  0x10098918   0x1598  bt_gatts.o [6]
    Veneer              ro code  0x10099eb0      0x8  - Linker created -
    Veneer              ro code  0x10099eb8      0x8  - Linker created -
    .text               ro code  0x10099ec0   0x2844  wifi_api.o [14]
    .text               ro code  0x1009c704     0x4c  strcpy.o [16]
    .text               ro code  0x1009c750    0x258  bt_debug.o [1]
    .text               ro code  0x1009c9a8    0x358  bt_platform.o [6]
    .text               ro code  0x1009cd00   0x3ac4  ut_app.o [1]
    .text               ro code  0x100a07c4    0x214  bt_common.o [6]
    .text               ro code  0x100a09d8   0x1420  bt_hci.o [6]
    .text               ro code  0x100a1df8     0xd0  bt_gap_le_multi_adv.o [7]
    .text               ro code  0x100a1ec8    0x874  bt_memory.o [6]
    .text               ro code  0x100a273c     0x6a  bt_linknode.o [6]
    .text               ro code  0x100a27a8    0x560  bt_att.o [6]
    .text               ro code  0x100a2d08     0xa8  gatt_service.o [1]
    .text               ro code  0x100a2db0     0xec  bt_uuid.o [6]
    .text               ro code  0x100a2e9c    0x188  bt_cmac.o [6]
    .text               ro code  0x100a3024     0x40  fprintf.o [4]
    .text               ro code  0x100a3064   0x1078  wifi_inband.o [14]
    .text               ro code  0x100a40dc   0x32e0  wifi_profile.o [1]
    .text               ro code  0x100a73bc    0xfe0  wifi_init.o [1]
    .text               ro code  0x100a839c    0x8d8  wifi_event.o [14]
    .text               ro code  0x100a8c74   0x1274  wifi_scan.o [14]
    .text               ro code  0x100a9ee8     0xb8  os_utils.o [1]
    .text               ro code  0x100a9fa0    0x2dc  wifi_channel.o [1]
    .text               ro code  0x100aa27c     0xea  os_util.o [1]
    .text               ro code  0x100aa368    0x284  wifi_os_api.o [1]
    .text               ro code  0x100aa5ec    0x1d4  misc.o [1]
    .text               ro code  0x100aa7c0   0x394c  connsys_util.o [1]
    .text               ro code  0x100ae10c     0x30  strstr.o [4]
    .text               ro code  0x100ae13c    0x208  bt_os_layer_api.o [1]
    .text               ro code  0x100ae344    0x248  bt_task.o [1]
    .text               ro code  0x100ae58c    0x298  bt_timer.o [6]
    .text               ro code  0x100ae824     0x88  bt_hci_log.o [1]
    .text               ro code  0x100ae8ac     0x88  bt_driver_lib_verno.o [8]
    .text               ro code  0x100ae934     0x84  bt_stack_lib_verno.o [6]
    .text               ro code  0x100ae9b8    0xbb0  bt_driver.o [8]
    .text               ro code  0x100af568   0x2990  bt_gap_le.o [6]
    .text               ro code  0x100b1ef8    0x340  connection_info.o [1]
    .text               ro code  0x100b2238     0x28  sscanf.o [4]
    .text               ro code  0x100b2260     0x28  strncmp.o [4]
    .text               ro code  0x100b2288    0xf18  bt_gattc.o [6]
    .text               ro code  0x100b31a0    0x970  bt_l2cap_le.o [6]
    .text               ro code  0x100b3b10   0x2070  gatt_command.o [1]
    .text               ro code  0x100b5b80    0x35c  inband_queue_option.o [1]
    .text               ro code  0x100b5edc    0xfb0  nvdm_data.o [13]
    .text               ro code  0x100b6e8c    0x238  get_profile_string.o [1]
    .text               ro code  0x100b70c4     0x86  iar_Stolx.o [4]
    .text               ro code  0x100b714c   0x2c18  wifi_cli.o [1]
    .text               ro code  0x100b9d64   0x12dc  wifi_nvdm_config.o [1]
    .text               ro code  0x100bb040     0xe0  hal_efuse.o [9]
    .text               ro code  0x100bb120   0x1cd0  connsys_driver.o [1]
    .text               ro code  0x100bcdf0    0x9f8  inband_queue.o [14]
    .text               ro code  0x100bd7e8    0x154  net_task.o [14]
    .text               ro code  0x100bd93c     0xf8  wpa_supplicant_task.o [12]
    .text               ro code  0x100bda34     0x64  wifi_private_api.o [14]
    .text               ro code  0x100bda98     0x22  strspn.o [4]
    .text               ro code  0x100bdaba     0x28  strpbrk.o [4]
    .text               ro code  0x100bdae4   0x10c0  connsys_bus.o [1]
    .text               ro code  0x100beba4     0x96  ABImemmove.o [16]
    .text               ro code  0x100bec3c     0x98  hci_log.o [1]
    .text               ro code  0x100becd4    0xb44  bt_gap_init.o [6]
    .text               ro code  0x100bf818    0x5a8  bt_smp.o [6]
    .text               ro code  0x100bfdc0    0x73c  xscanfsmall.o [4]
    .text               ro code  0x100c04fc    0x35c  nvdm_port.o [1]
    .text               ro code  0x100c0858   0x137c  nvdm_main.o [13]
    .text               ro code  0x100c1bd4    0x47c  wifi_lwip_helper.o [1]
    .text               ro code  0x100c2050    0x1e0  smt_conn.o [1]
    .text               ro code  0x100c2230    0x898  smt_api.o [1]
    .text               ro code  0x100c2ac8     0x70  strncpy.o [16]
    .text               ro code  0x100c2b38    0xa48  wpa_supplicant_entry.o [12]
    .text               ro code  0x100c3580   0x3978  bt_sm.o [6]
    .text               ro code  0x100c6ef8     0x3c  wctob.o [4]
    Veneer              ro code  0x100c6f34      0x8  - Linker created -
    Veneer              ro code  0x100c6f3c      0x8  - Linker created -
    .text               ro code  0x100c6f44     0x52  hal_flash.o [1]
    .text               ro code  0x100c6f98    0x1b0  nvdm_io.o [13]
    .text               ro code  0x100c7148     0xee  I64DivMod.o [16]
    .text               ro code  0x100c7238    0xa2c  ethernetif.o [1]
    .text               ro code  0x100c7c64   0x1cc4  dhcpd.o [1]
    .text               ro code  0x100c9928    0x174  bc_smtcn_adapter.o [5]
    .text               ro code  0x100c9a9c     0x2c  ops_config.o [1]
    Veneer              ro code  0x100c9ac8      0x8  - Linker created -
    .text               ro code  0x100c9ad0   0x3604  wpa_supplicant.o [12]
    .text               ro code  0x100cd0d4    0x874  ap.o [12]
    .text               ro code  0x100cd948    0x6a0  eloop.o [12]
    .text               ro code  0x100cdfe8    0xc48  bss.o [12]
    .text               ro code  0x100cec30   0x13d8  scan.o [12]
    .text               ro code  0x100d0008   0x29cc  driver_inband.o [12]
    Veneer              ro code  0x100d29d4      0x8  - Linker created -
    .text               ro code  0x100d29dc     0xdc  flash_sfc.o [1]
    .text               ro code  0x100d2ab8      0x2  I64DivZer.o [16]
    .text               ro code  0x100d2abc    0x18a  bc_smtcn_main_sm.o [5]
    .text               ro code  0x100d2c48    0x298  bc_smtcn_sta_info.o [5]
    .text               ro code  0x100d2ee0    0x3c8  hal_aes.o [1]
    .text               ro code  0x100d32a8    0x48c  wpa_debug.o [12]
    .text               ro code  0x100d3734     0xc6  blacklist.o [12]
    .text               ro code  0x100d37fc   0x39fc  wpa.o [12]
    .text               ro code  0x100d71f8    0x320  l2_packet_freertos.o [12]
    .text               ro code  0x100d7518     0xb4  notify.o [12]
    .text               ro code  0x100d75cc    0x2d8  wpabuf.o [12]
    .text               ro code  0x100d78a4    0x458  minisupp_config.o [12]
    .text               ro code  0x100d7cfc    0x5f0  config_nvram.o [12]
    .text               ro code  0x100d82ec    0x680  wpa_ie.o [12]
    .text               ro code  0x100d896c    0x174  common.o [12]
    .text               ro code  0x100d8ae0    0x534  wpas_glue.o [12]
    .text               ro code  0x100d9014   0x3024  events.o [12]
    .text               ro code  0x100dc038      0x4  eap_register.o [12]
    .text               ro code  0x100dc03c    0x100  eap_server_methods.o [12]
    .text               ro code  0x100dc13c    0x8e8  ap_config.o [12]
    .text               ro code  0x100dca24   0x12c0  hostapd.o [12]
    .text               ro code  0x100ddce4     0x8c  utils.o [12]
    .text               ro code  0x100ddd70   0x12f0  ieee802_1x.o [12]
    .text               ro code  0x100df060    0x15c  strerror.o [4]
    .text               ro code  0x100df1bc    0x4cc  qsort.o [4]
    .text               ro code  0x100df688      0x8  abs.o [4]
    .text               ro code  0x100df690    0x4b4  driver_common.o [12]
    .text               ro code  0x100dfb44    0xce8  sta_info.o [12]
    .text               ro code  0x100e082c    0x2b0  ieee802_11_common.o [12]
    .text               ro code  0x100e0adc    0x314  hal_cache.o [1]
    .text               ro code  0x100e0df0    0x164  crypt_aes.o [10]
    .text               ro code  0x100e0f54     0x28  isprint.o [4]
    Veneer              ro code  0x100e0f7c      0x8  - Linker created -
    Veneer              ro code  0x100e0f84      0x8  - Linker created -
    .text               ro code  0x100e0f8c    0x678  wpa_common.o [12]
    .text               ro code  0x100e1604     0x9e  rc4.o [12]
    .text               ro code  0x100e16a2     0xb8  aes-unwrap.o [12]
    .text               ro code  0x100e175c    0x3ac  drv_callbacks.o [12]
    .text               ro code  0x100e1b08    0x1c0  tkip_countermeasures.o [12]
    .text               ro code  0x100e1cc8    0x2b4  eap_server_identity.o [12]
    .text               ro code  0x100e1f7c     0x2a  fopen.o [4]
    .text               ro code  0x100e1fa6     0xce  fgets.o [4]
    .text               ro code  0x100e2074     0x7e  fclose.o [4]
    .text               ro code  0x100e20f4    0x610  ap_drv_ops.o [12]
    .text               ro code  0x100e2704    0x634  wpa_auth_glue.o [12]
    .text               ro code  0x100e2d38     0x32  ieee802_11_auth.o [12]
    .text               ro code  0x100e2d6a      0x6  authsrv.o [12]
    .text               ro code  0x100e2d70    0x208  beacon.o [12]
    .text               ro code  0x100e2f78   0x2e8c  wpa_auth.o [12]
    .text               ro code  0x100e5e04     0xf4  md5.o [12]
    .text               ro code  0x100e5ef8   0x121c  eapol_auth_sm.o [12]
    .text               ro code  0x100e7114   0x1244  eap_server.o [12]
    .text               ro code  0x100e8358    0x498  pmksa_cache_auth.o [12]
    .text               ro code  0x100e87f0     0x9a  fputs.o [4]
    .text               ro code  0x100e888c    0x1f8  ap_mlme.o [12]
    .text               ro code  0x100e8a84    0x160  hal_sec.o [10]
    .text               ro code  0x100e8be4     0x14  ispunct.o [4]
    .text               ro code  0x100e8bf8     0x9e  sha1.o [12]
    .text               ro code  0x100e8c98    0x4c4  aes-internal-dec.o [12]
    .text               ro code  0x100e915c    0x924  wpa_auth_ie.o [12]
    .text               ro code  0x100e9a80    0x186  eap_common.o [12]
    .text               ro code  0x100e9c08     0xc4  xfofind.o [4]
    .text               ro code  0x100e9ccc    0x138  xfoprep.o [4]
    .text               ro code  0x100e9e04     0xb6  xfrprep.o [4]
    .text               ro code  0x100e9ebc     0xac  fflush.o [4]
    .text               ro code  0x100e9f68      0x4  close.o [1]
    .text               ro code  0x100e9f6c      0x4  remove.o [1]
    .text               ro code  0x100e9f70    0x1f2  ieee802_11_shared.o [12]
    .text               ro code  0x100ea162     0xa0  aes-wrap.o [12]
    .text               ro code  0x100ea204    0x95c  md5-internal.o [12]
    .text               ro code  0x100eab60     0xb4  xfwprep.o [4]
    .text               ro code  0x100eac14     0x18  strrchr.o [4]
    .text               ro code  0x100eac2c    0x4d4  aes-internal.o [12]
    .text               ro code  0x100eb100     0x4c  xfopen.o [4]
    .text               ro code  0x100eb14c      0x6  read.o [1]
    .text               ro code  0x100eb152      0x6  write.o [1]
    .text               ro code  0x100eb158    0x440  aes-internal-enc.o [12]
    .text               ro code  0x100eb598     0x24  fseek.o [4]
    .text               ro code  0x100eb5bc     0x1c  open.o [1]
    .text               ro code  0x100eb5d8     0xd8  xfspos.o [4]
    .text               ro code  0x100eb6b0      0xc  xfgpos.o [4]
    .text               ro code  0x100eb6bc      0x6  lseek.o [1]
    .text               ro code  0x100eb6c4    0x1dc  board_cli.o [1]
    .text               ro code  0x100eb8a0    0x108  cli.o [11]
    .text               ro code  0x100eb9a8     0x3c  hal_sys.o [1]
    .text               ro code  0x100eb9e4    0x69c  cli_line.o [11]
    .text               ro code  0x100ec080    0x2e0  cli_cmd.o [11]
    .text               ro code  0x100ec360    0x154  low_hal_wdt.o [1]
    .text               ro code  0x100ec4b4    0x1c6  cli_tok.o [11]
    .text               ro code  0x100ec67c    0x5b4  bsmtcn_ops.o [1]
    .text               ro code  0x100ecc30    0x370  bc_smtcn_block_check.o [5]
    .text               ro code  0x100ecfa0    0x3f4  bc_smtcn_misc.o [5]
    .text               ro code  0x100ed394     0x28  bsp_flash_config.o [1]
    .text               ro code  0x100ed3bc    0x24c  bsp_gpio_ept_config.o [1]
    .text               ro code  0x100ed608     0xe0  bt_cli.o [1]
    .text               ro code  0x100ed6e8    0x5d8  bt_init.o [1]
    .text               ro code  0x100edcc0     0x58  hal_trng.o [1]
    .text               ro code  0x100edd18     0x2c  cli_cmds.o [1]
    .text               ro code  0x100edd44     0xc8  cli_def.o [1]
    .text               ro code  0x100ede0c    0x338  hal_i2s.o [1]
    .text               ro code  0x100ee144    0x360  hal_i2s_internal.o [1]
    .text               ro code  0x100ee4a4     0x54  hal_rtc.o [1]
    .text               ro code  0x100ee4f8     0xb8  low_hal_rtc.o [1]
    .text               ro code  0x100ee5b0    0x220  io_def.o [1]
    .text               ro code  0x100ee7d0    0xc7c  iperf_cli.o [1]
    .text               ro code  0x100ef44c    0x2a0  lp_ex_sleep.o [1]
    .text               ro code  0x100ef6ec    0x55c  lwip_cli.o [1]
    .text               ro code  0x100efc48    0x170  main.o [1]
    .text               ro code  0x100efdb8    0x294  sys_init.o [1]
    .text               ro code  0x100f004c      0xe  ctime.o [4]
    .text               ro code  0x100f005a     0x1a  localtim.o [4]
    .text               ro code  0x100f0074     0x28  asctime.o [4]
    .text               ro code  0x100f009c      0x4  xTzoff_nop.o [4]
    .text               ro code  0x100f00a0    0x104  xttotm.o [4]
    .text               ro code  0x100f01a4    0x118  xstrftim.o [4]
    .text               ro code  0x100f02bc      0x6  xisdst_nop.o [4]
    .text               ro code  0x100f02c4     0x6c  xDaysTo.o [4]
    .text               ro code  0x100f0330    0x7fa  xgentime.o [4]
    .text               ro code  0x100f0b2a     0x40  xgettime.o [4]
    .text               ro code  0x100f0b6a      0x4  getzone_nop.o [4]
    .text               ro code  0x100f0b70    0x268  nvdm_cli.o [1]
    .text               ro code  0x100f0dd8    0x6a0  ping.o [1]
    .text               ro code  0x100f1478     0x24  sys.o [1]
    .text               ro code  0x100f149c    0x1b4  syslog_cli.o [1]
    .text               ro code  0x100f1650   0x1120  ut_app_gap.o [1]
    .text               ro code  0x100f2770    0x8f0  wifi_inband_cli.o [1]
    .text               ro code  0x100f3060      0xc  getchar.o [4]
    .text               ro code  0x100f306c     0x58  fgetc.o [4]
    .text               ro code  0x100f30c4    0xda0  wifi_private_cli.o [1]
    .text               ro code  0x100f3e64     0x4c  minisupp_cli.o [12]
    .text               ro code  0x100f3eb0     0xe0  driver_none.o [12]
    .text               ro code  0x100f3f90     0x22  fpinit_M.o [15]
    .text               ro code  0x100f3fb4     0x1a  cmain.o [16]
    .text               ro code  0x100f3fce      0x4  low_level_init.o [4]
    .text               ro code  0x100f3fd4     0x28  data_init.o [16]
    .text               ro code  0x100f3ffc      0x4  exit.o [4]
    .text               ro code  0x100f4000      0xe  cexit.o [16]
    .text               ro code  0x100f4010     0x3c  xcloseall.o [4]
    .text               ro code  0x100f404c      0xc  XXexit.o [16]
    .text               ro code  0x100f4058      0xc  putchar.o [4]
    .text               ro code  0x100f4064      0x0  cstart_closeall.o [16]
    .text               ro code  0x100f4064      0x4  io_def.o [1]
    .text               ro code  0x100f4068      0x4  io_def.o [1]
    .text               ro code  0x100f406c     0x5a  ping_cli.o [1]
    .text               ro code  0x100f40c6      0x4  startup_mt7687.o [1]
    .text               ro code  0x100f40ca      0xc  cstartup_M.o [16]
    .text               ro code  0x100f40d6     0x16  xprout.o [4]
    .text               ro code  0x100f40ec     0x18  xfprout.o [4]
    .text               ro code  0x100f4104     0x40  zero_init3.o [16]
    .iar.init_table     const    0x100f4144     0x38  - Linker created -
    .rodata             const    0x100f417c      0x0  zero_init3.o [16]
    .rodata             const    0x100f417c      0x0  lz77_init_single.o [16]
    Initializer bytes   const    0x100f417c    0x876  <for rw-1>
    Initializer bytes   const    0x100f49f2   0x1ba1  <for section .ramTEXT-1>
                               - 0x100f6593  0x7d493

"A3":                                        0x1e960
  RAM_BLOCK                      0x20000400  0x1e960  <Block>
    rw-1                         0x20000400   0x1d5a  <Init block>
      .data             inited   0x20000400     0x14  ble_smtcn.o [1]
      .data             inited   0x20000414     0x10  ble_smtcn.o [1]
      .data             inited   0x20000424     0x18  bsmtcn_ops.o [1]
      .data             inited   0x2000043c    0x108  bt_debug.o [1]
      .data             inited   0x20000544    0x1b4  cli_cmds.o [1]
      .data             inited   0x200006f8    0x414  cli_def.o [1]
      .data             inited   0x20000b0c     0x10  connsys_bus.o [1]
      .data             inited   0x20000b1c      0x4  dhcp.o [1]
      .data             inited   0x20000b20     0x50  dhcpd.o [1]
      .data             inited   0x20000b70     0x80  dma.o [1]
      .data             inited   0x20000bf0     0x38  dma.o [1]
      .data             inited   0x20000c28      0x8  ethernetif.o [1]
      .data             inited   0x20000c30     0x18  ethernetif.o [1]
      .data             inited   0x20000c48      0x8  exception_handler.o [1]
      .data             inited   0x20000c50      0x8  flash_sfc.o [1]
      .data             inited   0x20000c58      0x4  flash_sfc.o [1]
      .data             inited   0x20000c5c    0x138  gatt_command.o [1]
      .data             inited   0x20000d94    0x100  gatt_service.o [1]
      .data             inited   0x20000e94     0x10  gatt_service.o [1]
      .data             inited   0x20000ea4     0x10  gatt_service.o [1]
      .data             inited   0x20000eb4     0x18  gatt_service.o [1]
      .data             inited   0x20000ecc      0xc  gatt_service.o [1]
      .data             inited   0x20000ed8     0x34  gatt_service.o [1]
      .data             inited   0x20000f0c      0xc  gatt_service.o [1]
      .data             inited   0x20000f18      0xc  gatt_service.o [1]
      .data             inited   0x20000f24     0x10  gatt_service.o [1]
      .data             inited   0x20000f34     0x10  hal_log.o [1]
      .data             inited   0x20000f44     0x10  io_def.o [1]
      .data             inited   0x20000f54     0x40  iperf_cli.o [1]
      .data             inited   0x20000f94     0x7c  iperf_task.o [1]
      .data             inited   0x20001010     0x20  iperf_task.o [1]
      .data             inited   0x20001030     0x60  lp_ex_sleep.o [1]
      .data             inited   0x20001090     0x10  lwip_log.o [1]
      .data             inited   0x200010a0     0x50  nvdm_cli.o [1]
      .data             inited   0x200010f0      0x4  open.o [1]
      .data             inited   0x200010f4     0x34  ping.o [1]
      .data             inited   0x20001128      0xc  port.o [1]
      .data             inited   0x20001134     0x68  port_tick.o [1]
      .data             inited   0x2000119c    0x19c  smt_api.o [1]
      .data             inited   0x20001338     0x10  spi_flash.o [1]
      .data             inited   0x20001348      0x4  spi_flash.o [1]
      .data             inited   0x2000134c      0x4  spi_flash.o [1]
      .data             inited   0x20001350     0x10  sys_init.o [1]
      .data             inited   0x20001360     0x38  sys_init.o [1]
      .data             inited   0x20001398     0x3c  syslog.o [1]
      .data             inited   0x200013d4      0x8  syslog.o [1]
      .data             inited   0x200013dc     0x20  syslog_cli.o [1]
      .data             inited   0x200013fc      0x4  system_mt7687.o [1]
      .data             inited   0x20001400     0x9c  tasks.o [1]
      .data             inited   0x2000149c     0x20  tcp.o [1]
      .data             inited   0x200014bc      0x8  udp.o [1]
      .data             inited   0x200014c4     0x28  ut_app.o [1]
      .data             inited   0x200014ec      0x8  ut_app.o [1]
      .data             inited   0x200014f4     0x78  ut_app.o [1]
      .data             inited   0x2000156c     0xcd  ut_app.o [1]
      .data             inited   0x2000163c    0x160  wifi_cli.o [1]
      .data             inited   0x2000179c    0x140  wifi_cli.o [1]
      .data             inited   0x200018dc     0x50  wifi_cli.o [1]
      .data             inited   0x2000192c     0x50  wifi_cli.o [1]
      .data             inited   0x2000197c     0x30  wifi_cli.o [1]
      .data             inited   0x200019ac     0x30  wifi_cli.o [1]
      .data             inited   0x200019dc     0x40  wifi_cli.o [1]
      .data             inited   0x20001a1c     0x40  wifi_cli.o [1]
      .data             inited   0x20001a5c     0x10  wifi_init.o [1]
      .data             inited   0x20001a6c     0x18  wifi_private_cli.o [1]
      .data             inited   0x20001a84     0x70  wifi_private_cli.o [1]
      .data             inited   0x20001af4     0x60  wifi_private_cli.o [1]
      .data             inited   0x20001b54     0x20  wifi_private_cli.o [1]
      .data             inited   0x20001b74     0x30  wifi_private_cli.o [1]
      .data             inited   0x20001ba4     0x20  wifi_private_cli.o [1]
      .data             inited   0x20001bc4     0x40  wifi_private_cli.o [1]
      .data             inited   0x20001c04     0xf0  wifi_profile.o [1]
      .data             inited   0x20001cf4    0x100  wifi_profile.o [1]
      .data             inited   0x20001df4      0x4  wifi_api.o [14]
      .data             inited   0x20001df8     0x74  wifi_scan.o [14]
      .data             inited   0x20001e6c     0x1c  inband_queue.o [14]
      .data             inited   0x20001e88      0x4  hal_sleep_driver.o [9]
      .data             inited   0x20001e8c     0x20  wpa_debug.o [12]
      .data             inited   0x20001eac     0x32  bt_driver.o [8]
      .data             inited   0x20001ee0     0x3c  wpa_supplicant_entry.o [12]
      .data             inited   0x20001f1c     0xa0  nvdm_data.o [13]
      .data             inited   0x20001fbc      0xc  drivers.o [12]
      .data             inited   0x20001fc8      0x8  eapol_auth_sm.o [12]
      .data             inited   0x20001fd0      0x8  rand.o [4]
      .data             inited   0x20001fd8     0x48  xfiles.o [4]
      .data             inited   0x20002020     0x48  xfiles.o [4]
      .data             inited   0x20002068     0x48  xfiles.o [4]
      .data             inited   0x200020b0     0x20  xfiles.o [4]
      .data             inited   0x200020d0     0x38  xlocale_c.o [4]
      .data             inited   0x20002108     0x48  xlocale_c.o [4]
      .data             inited   0x20002150      0x2  gatt_command.o [1]
      .data             inited   0x20002152      0x2  gatt_service.o [1]
      .data             inited   0x20002154      0x2  tcp.o [1]
      .data             inited   0x20002156      0x2  connsys_driver.o [1]
      .data             inited   0x20002158      0x1  wifi_api.o [14]
      .data             inited   0x20002159      0x1  wifi_api.o [14]
    .bss                zero     0x20002160    0xa40  wifi_scan.o [14]
    .bss                zero     0x20002ba0    0x28c  wifi_scan.o [14]
    .bss                zero     0x20002e2c    0x100  aes.o [1]
    .bss                zero     0x20002f2c    0x400  aes.o [1]
    .bss                zero     0x2000332c    0x400  aes.o [1]
    .bss                zero     0x2000372c    0x400  aes.o [1]
    .bss                zero     0x20003b2c    0x400  aes.o [1]
    .bss                zero     0x20003f2c    0x100  aes.o [1]
    .bss                zero     0x2000402c    0x400  aes.o [1]
    .bss                zero     0x2000442c    0x400  aes.o [1]
    .bss                zero     0x2000482c    0x400  aes.o [1]
    .bss                zero     0x20004c2c    0x400  aes.o [1]
    .bss                zero     0x2000502c     0x2c  aes.o [1]
    .bss                zero     0x20005058     0x58  ble_smtcn.o [1]
    .bss                zero     0x200050b0      0x4  bsmtcn_ops.o [1]
    .bss                zero     0x200050b4    0xc08  bt_init.o [1]
    .bss                zero     0x20005cbc      0x8  bt_init.o [1]
    .bss                zero     0x20005cc4      0x8  bt_os_layer_api.o [1]
    .bss                zero     0x20005ccc      0x4  bt_task.o [1]
    .bss                zero     0x20005cd0     0xb0  connection_info.o [1]
    .bss                zero     0x20005d80    0x8c0  connection_info.o [1]
    .bss                zero     0x20006640     0x88  connsys_driver.o [1]
    .bss                zero     0x200066c8     0x74  connsys_driver.o [1]
    .bss                zero     0x2000673c     0x74  connsys_driver.o [1]
    .bss                zero     0x200067b0      0x4  connsys_driver.o [1]
    .bss                zero     0x200067b4     0x48  connsys_driver.o [1]
    .bss                zero     0x200067fc      0x4  connsys_driver.o [1]
    .bss                zero     0x20006800      0x4  connsys_util.o [1]
    .bss                zero     0x20006804      0x4  connsys_util.o [1]
    .bss                zero     0x20006808      0x4  connsys_util.o [1]
    .bss                zero     0x2000680c      0x4  connsys_util.o [1]
    .bss                zero     0x20006810      0x4  connsys_util.o [1]
    .bss                zero     0x20006814      0x4  connsys_util.o [1]
    .bss                zero     0x20006818     0x34  dhcp.o [1]
    .bss                zero     0x2000684c      0x4  dhcp.o [1]
    .bss                zero     0x20006850     0x1c  dns.o [1]
    .bss                zero     0x2000686c    0x440  dns.o [1]
    .bss                zero     0x20006cac     0x30  dns.o [1]
    .bss                zero     0x20006cdc     0xf0  etharp.o [1]
    .bss                zero     0x20006dcc     0x8c  ethernetif.o [1]
    .bss                zero     0x20006e58    0x300  exception_handler.o [1]
    .bss                zero     0x20007158     0x44  exception_handler.o [1]
    .bss                zero     0x2000719c      0x4  exception_handler.o [1]
    .bss                zero     0x200071a0     0xd8  exception_handler.o [1]
    .bss                zero     0x20007278    0x3e8  gatt_command.o [1]
    .bss                zero     0x20007660     0x24  gatt_command.o [1]
    .bss                zero     0x20007684      0xc  gpt.o [1]
    .bss                zero     0x20007690      0x4  hal_cache_internal.o [1]
    .bss                zero     0x20007694      0x4  hal_cache_internal.o [1]
    .bss                zero     0x20007698     0x80  hal_cache_internal.o [1]
    .bss                zero     0x20007718     0x50  hal_gpt.o [1]
    .bss                zero     0x20007768     0x8c  hal_i2s.o [1]
    .bss                zero     0x200077f4      0x4  hal_lp.o [1]
    .bss                zero     0x200077f8      0x4  hal_lp.o [1]
    .bss                zero     0x200077fc      0x4  hal_lp.o [1]
    .bss                zero     0x20007800    0x300  hal_nvic.o [1]
    .bss                zero     0x20007b00      0x4  hal_sys.o [1]
    .bss                zero     0x20007b04     0x60  hal_uart.o [1]
    .bss                zero     0x20007b64  0x14018  heap_4.o [1]
    .bss                zero     0x2001bb7c    0x640  inband_queue_option.o [1]
    .bss                zero     0x2001c1bc     0x18  ip4.o [1]
    .bss                zero     0x2001c1d4     0x10  ip4_addr.o [1]
    .bss                zero     0x2001c1e4      0x8  ip_frag.o [1]
    .bss                zero     0x2001c1ec      0x4  lwip_timers.o [1]
    .bss                zero     0x2001c1f0      0x4  lwip_timers.o [1]
    .bss                zero     0x2001c1f4     0x14  mem.o [1]
    .bss                zero     0x2001c208      0x4  misc.o [1]
    .bss                zero     0x2001c20c      0xc  netif.o [1]
    .bss                zero     0x2001c218     0x44  netif.o [1]
    .bss                zero     0x2001c25c      0x4  nvdm_port.o [1]
    .bss                zero     0x2001c260      0x4  os_util.o [1]
    .bss                zero     0x2001c264      0x4  pbuf.o [1]
    .bss                zero     0x2001c268      0x4  pbuf.o [1]
    .bss                zero     0x2001c26c      0x4  port_tick.o [1]
    .bss                zero     0x2001c270     0x40  queue.o [1]
    .bss                zero     0x2001c2b0      0x4  raw.o [1]
    .bss                zero     0x2001c2b4      0x4  sfc.o [1]
    .bss                zero     0x2001c2b8    0x30c  smt_api.o [1]
    .bss                zero     0x2001c5c4     0x14  smt_conn.o [1]
    .bss                zero     0x2001c5d8    0x280  sockets.o [1]
    .bss                zero     0x2001c858      0x8  sockets.o [1]
    .bss                zero     0x2001c860     0xc4  stats.o [1]
    .bss                zero     0x2001c924      0x8  sys_arch.o [1]
    .bss                zero     0x2001c92c   0x1280  syslog.o [1]
    .bss                zero     0x2001dbac      0x4  syslog.o [1]
    .bss                zero     0x2001dbb0      0x4  syslog.o [1]
    .bss                zero     0x2001dbb4      0x4  system_mt7687.o [1]
    .bss                zero     0x2001dbb8    0x190  tasks.o [1]
    .bss                zero     0x2001dd48     0x34  tcp_in.o [1]
    .bss                zero     0x2001dd7c      0xc  tcpip.o [1]
    .bss                zero     0x2001dd88     0x34  timers.o [1]
    .bss                zero     0x2001ddbc      0x4  timers.o [1]
    .bss                zero     0x2001ddc0      0x8  top.o [1]
    .bss                zero     0x2001ddc8      0x4  uart.o [1]
    .bss                zero     0x2001ddcc      0x8  ut_app.o [1]
    .bss                zero     0x2001ddd4     0x10  ut_app.o [1]
    .bss                zero     0x2001dde4      0x8  ut_app.o [1]
    .bss                zero     0x2001ddec     0x1c  ut_app.o [1]
    .bss                zero     0x2001de08      0x4  ut_app.o [1]
    .bss                zero     0x2001de0c     0x10  ut_app.o [1]
    .bss                zero     0x2001de1c      0x8  wifi_channel.o [1]
    .bss                zero     0x2001de24    0x1d0  wifi_cli.o [1]
    .bss                zero     0x2001dff4     0x20  wifi_init.o [1]
    .bss                zero     0x2001e014      0x8  wifi_lwip_helper.o [1]
    .bss                zero     0x2001e01c      0x4  cli.o [11]
    .bss                zero     0x2001e020      0x4  bc_smtcn_adapter.o [5]
    .bss                zero     0x2001e024      0x4  bc_smtcn_block_check.o [5]
    .bss                zero     0x2001e028     0x9c  bt_memory.o [6]
    .bss                zero     0x2001e0c4      0x8  bt_memory.o [6]
    .bss                zero     0x2001e0cc      0x8  bt_platform.o [6]
    .bss                zero     0x2001e0d4      0x4  bt_platform.o [6]
    .bss                zero     0x2001e0d8      0xc  net_task.o [14]
    .bss                zero     0x2001e0e4      0x4  wifi_scan.o [14]
    .bss                zero     0x2001e0e8     0x84  wifi_scan.o [14]
    .bss                zero     0x2001e16c     0x38  crypt_aes.o [10]
    .bss                zero     0x2001e1a4      0x8  hal_sleep_manager.o [9]
    .bss                zero     0x2001e1ac      0x4  hal_sleep_manager.o [9]
    .bss                zero     0x2001e1b0      0xc  hal_sleep_driver.o [9]
    .bss                zero     0x2001e1bc     0x80  hal_sleep_driver.o [9]
    .bss                zero     0x2001e23c     0x80  hal_sleep_driver.o [9]
    .bss                zero     0x2001e2bc    0x180  hal_sleep_driver.o [9]
    .bss                zero     0x2001e43c    0x180  hal_sleep_driver.o [9]
    .bss                zero     0x2001e5bc      0x4  wpa_debug.o [12]
    .bss                zero     0x2001e5c0      0x4  wpa_debug.o [12]
    .bss                zero     0x2001e5c4     0x18  nvdm_main.o [13]
    .bss                zero     0x2001e5dc      0x4  wifi_private_api.o [14]
    .bss                zero     0x2001e5e0     0xf8  wpa_supplicant_task.o [12]
    .bss                zero     0x2001e6d8    0x13c  bt_common.o [6]
    .bss                zero     0x2001e814     0x18  wifi_event.o [14]
    .bss                zero     0x2001e82c      0x4  wifi_event.o [14]
    .bss                zero     0x2001e830      0xc  bt_driver.o [8]
    .bss                zero     0x2001e83c      0x4  bt_timer.o [6]
    .bss                zero     0x2001e840     0x80  nvdm_io.o [13]
    .bss                zero     0x2001e8c0     0x4c  eloop.o [12]
    .bss                zero     0x2001e90c     0x24  common.o [12]
    .bss                zero     0x2001e930      0x4  wpa_supplicant.o [12]
    .bss                zero     0x2001e934      0x4  eap_server_methods.o [12]
    .bss                zero     0x2001e938     0x84  rand.o [4]
    .bss                zero     0x2001e9bc     0x50  xfiles.o [4]
    .bss                zero     0x2001ea0c     0x50  xfiles.o [4]
    .bss                zero     0x2001ea5c     0x1c  asctime.o [4]
    .bss                zero     0x2001ea78      0x4  xfail_s.o [4]
    .bss                zero     0x2001ea7c     0x2c  xttotm.o [4]
    .noncached_zidata   zero     0x2001eaa8    0x200  io_def.o [1]
    .noncached_zidata   zero     0x2001eca8     0x80  io_def.o [1]
    .tbss               zero     0x2001ed28      0x4  errno.o [4]
    .tbss               zero     0x2001ed2c      0xc  strerror.o [4]
    .bss                zero     0x2001ed38      0x6  hal_uart.o [1]
    .bss                zero     0x2001ed3e      0x2  ip4.o [1]
    .bss                zero     0x2001ed40      0x1  bt_cli.o [1]
    .bss                zero     0x2001ed41      0x1  connsys_driver.o [1]
    .bss                zero     0x2001ed42      0x2  connsys_util.o [1]
    .bss                zero     0x2001ed44      0x1  connsys_util.o [1]
    .bss                zero     0x2001ed45      0x1  dhcp.o [1]
    .bss                zero     0x2001ed46      0x1  dns.o [1]
    .bss                zero     0x2001ed47      0x1  etharp.o [1]
    .bss                zero     0x2001ed48      0x2  flash_sfc.o [1]
    .bss                zero     0x2001ed4a      0x1  hal_aes.o [1]
    .bss                zero     0x2001ed4b      0x1  hal_aes.o [1]
    .bss                zero     0x2001ed4c      0x1  hal_cache.o [1]
    .bss                zero     0x2001ed4d      0x1  hal_lp.o [1]
    .bss                zero     0x2001ed4e      0x1  pbuf.o [1]
    .bss                zero     0x2001ed4f      0x1  smt_api.o [1]
    .bss                zero     0x2001ed50      0x1  wifi_init.o [1]
    .bss                zero     0x2001ed51      0x2  wifi_api.o [14]
    .bss                zero     0x2001ed53      0x1  bt_memory.o [6]
    .bss                zero     0x2001ed54      0x1  bt_gap_le.o [6]
    .bss                zero     0x2001ed55      0x1  wifi_scan.o [14]
    .bss                zero     0x2001ed56      0x1  wifi_scan.o [14]
    .bss                zero     0x2001ed57      0x1  wifi_scan.o [14]
    .bss                zero     0x2001ed58      0x1  hal_sleep_driver.o [9]
    .bss                zero     0x2001ed59      0x1  hal_sleep_driver.o [9]
    .bss                zero     0x2001ed5a      0x1  bt_hci.o [6]
    .bss                zero     0x2001ed5b      0x1  bt_driver.o [8]
    .bss                zero     0x2001ed5c      0x1  driver_inband.o [12]
                               - 0x2001ed60  0x1e960

"A4":                                          0xc00
  CSTACK                         0x2003f000    0xc00  <Block>
    CSTACK              uninit   0x2003f000    0xc00  <Block tail>
                               - 0x2003fc00    0xc00


*******************************************************************************
*** INIT TABLE
***

          Address     Size
          -------     ----
Zero (__iar_zero_init3)
    2 destination ranges, total size 0x27495:
          0x00102748   0xa898
          0x20002160  0x1cbfd

Copy/lz77 (__iar_lz77_init_single3)
    1 source range, total size 0x876 (28% of destination):
          0x100f417c    0x876
    1 destination range, total size 0x1d5a:
          0x20000400   0x1d5a

Copy/lz77 (__iar_lz77_init_single3)
    1 source range, total size 0x1ba1 (70% of destination):
          0x100f49f2   0x1ba1
    1 destination range, total size 0x2748:
          0x00100000   0x2748



*******************************************************************************
*** MODULE SUMMARY
***

    Module                  ro code  rw code  ro data  rw data
    ------                  -------  -------  -------  -------
C:\LEO\myGit\MTK-IOT\SDK_V4.3.0\out_iar\mt7697_hdk\iot_sdk\Debug\Obj: [1]
    aes.o                     3 166                      8 748
    api_lib.o                 2 484
    api_msg.o                 6 512
    ble_smtcn.o               4 316                90      124
    board_cli.o                 476
    bsmtcn_ops.o              1 460                23       28
    bsp_flash_config.o           40
    bsp_gpio_ept_config.o       588
    bt_cli.o                    224                          1
    bt_debug.o                  600               132      264
    bt_hci_log.o                136
    bt_init.o                 1 496                      3 088
    bt_os_layer_api.o           520                          8
    bt_task.o                   584                          4
    cli_cmds.o                   44               622      436
    cli_def.o                   200               301    1 044
    close.o                       4
    connection_info.o           832                      2 416
    connsys_bus.o             4 288                12       16
    connsys_driver.o          7 376                 1      451
    connsys_util.o           14 668                         27
    def.o                        44
    dhcp.o                    6 024                 1       61
    dhcpd.o                   7 364                87       80
    dma.o                     1 508                53      184
    dns.o                     1 164                      1 165
    etharp.o                  3 380                        241
    ethernetif.o              2 604                10      172
    exception_handler.o       3 858                 2    1 064
    flash_sfc.o                 220      812      574       14
    gatt_command.o            8 304                90    1 350
    gatt_service.o              168               413      418
    get_profile_string.o        568
    gpt.o                       812                         12
    hal_aes.o                   968                          2
    hal_cache.o                 788                          1
    hal_cache_internal.o                                   136
    hal_flash.o                  82
    hal_gpt.o                   876                         80
    hal_i2s.o                   824                        140
    hal_i2s_internal.o          864
    hal_log.o                    92                 9       16
    hal_lp.o                    684                         13
    hal_misc.o                   36
    hal_nvic.o                  136      120       84      768
    hal_rtc.o                    84
    hal_sys.o                    60                          4
    hal_trng.o                   88
    hal_uart.o                1 680                        102
    hci_log.o                   152
    heap_4.o                  1 008                     81 944
    icmp.o                    1 064
    inband_queue_option.o       860                      1 600
    inet_chksum.o               384
    init.o                       38
    io_def.o                    552                 4      656
    ip4.o                     1 368                         26
    ip4_addr.o                  748                 8       16
    ip_frag.o                 2 468                          8
    iperf_cli.o               3 196                71       64
    iperf_task.o              9 856               113      156
    list.o                      144
    low_hal_rtc.o               184
    low_hal_wdt.o               340
    lp_ex_sleep.o               672               128       96
    lseek.o                       6
    lwip_cli.o                1 372
    lwip_log.o                                     12       16
    lwip_timers.o               800                          8
    main.o                      368
    mem.o                     1 864                     41 000
    memory_regions.o                              100
    memp.o                                         32
    misc.o                      468                          4
    mt76X7_n9_image.o                         290 284
[...]
                        0x100c2f8d     0x2a  Code  Gb  wpa_supplicant_entry.o [12]
wpa_supplicant_entry_op_mode_get
                        0x100c3165      0xc  Code  Gb  wpa_supplicant_entry.o [12]
wpa_supplicant_entry_op_mode_set
                        0x100c3171    0x1a0  Code  Gb  wpa_supplicant_entry.o [12]
wpa_supplicant_event    0x100db3dd    0x59a  Code  Gb  events.o [12]
wpa_supplicant_event_assoc
                        0x100dad23    0x336  Code  Lc  events.o [12]
wpa_supplicant_event_associnfo
                        0x100daa35    0x1d0  Code  Lc  events.o [12]
wpa_supplicant_event_disassoc
                        0x100db06d    0x1c8  Code  Lc  events.o [12]
wpa_supplicant_event_interface_status
                        0x100db2fd     0x78  Code  Lc  events.o [12]
wpa_supplicant_event_michael_mic_failure
                        0x100db235     0xc8  Code  Lc  events.o [12]
wpa_supplicant_event_pmkid_candidate
                        0x100d9455     0x56  Code  Lc  events.o [12]
wpa_supplicant_event_scan_results
                        0x100da96d     0x74  Code  Lc  events.o [12]
wpa_supplicant_event_unprot_deauth
                        0x100db375      0x2  Code  Lc  events.o [12]
wpa_supplicant_event_unprot_disassoc
                        0x100db377      0x2  Code  Lc  events.o [12]
wpa_supplicant_extra_ies
                        0x100cf0a5      0x4  Code  Lc  scan.o [12]
wpa_supplicant_gen_assoc_event
                        0x100ced13     0x64  Code  Lc  scan.o [12]
wpa_supplicant_get_beacon_ie
                        0x100d8d33     0x28  Code  Lc  wpas_glue.o [12]
wpa_supplicant_get_bssid
                        0x100d8db9      0x2  Code  Lc  wpas_glue.o [12]
wpa_supplicant_get_config_blob
                        0x100d8bfb      0x8  Code  Lc  wpas_glue.o [12]
wpa_supplicant_get_iface
                        0x100ccb11     0x24  Code  Gb  wpa_supplicant.o [12]
wpa_supplicant_get_network_ctx
                        0x100d8db5      0x4  Code  Lc  wpas_glue.o [12]
wpa_supplicant_get_new_bss
                        0x100dac89     0x2e  Code  Lc  events.o [12]
wpa_supplicant_get_pmk  0x100d3cf5    0x206  Code  Lc  wpa.o [12]
wpa_supplicant_get_scan_results
                        0x100cfacb     0x90  Code  Gb  scan.o [12]
wpa_supplicant_get_ssid
                        0x100cb9c1     0xc2  Code  Gb  wpa_supplicant.o [12]
wpa_supplicant_get_state
                        0x100d8d81      0x6  Code  Lc  wpas_glue.o [12]
wpa_supplicant_global_ctrl_iface_deinit
                        0x100c9d59      0x2  Code  Lc  wpa_supplicant.o [12]
wpa_supplicant_global_ctrl_iface_init
                        0x100c9d55      0x4  Code  Lc  wpa_supplicant.o [12]
wpa_supplicant_gtk_tx_bit_workaround
                        0x100d4be9     0x26  Code  Lc  wpa.o [12]
wpa_supplicant_init     0x100ccb41    0x178  Code  Gb  wpa_supplicant.o [12]
wpa_supplicant_init_eapol
                        0x100d8e61      0x4  Code  Gb  wpas_glue.o [12]
wpa_supplicant_init_iface
                        0x100cc195    0x440  Code  Lc  wpa_supplicant.o [12]
wpa_supplicant_init_wpa
                        0x100d8e67     0xac  Code  Gb  wpas_glue.o [12]
wpa_supplicant_initiate_eapol
                        0x100ca075      0x2  Code  Gb  wpa_supplicant.o [12]
wpa_supplicant_install_gtk
                        0x100d4a1d     0xf4  Code  Lc  wpa.o [12]
wpa_supplicant_install_ptk
                        0x100d470d    0x11a  Code  Lc  wpa.o [12]
wpa_supplicant_key_neg_complete
                        0x100d456d     0xc0  Code  Lc  wpa.o [12]
wpa_supplicant_mark_disassoc
                        0x100d933d     0x7a  Code  Gb  events.o [12]
wpa_supplicant_match_privacy
                        0x100d9545     0x48  Code  Lc  events.o [12]
wpa_supplicant_mlme_setprotection
                        0x100d8e5b      0x2  Code  Lc  wpas_glue.o [12]
wpa_supplicant_msg_ifname_cb
                        0x100ccb35      0xc  Code  Lc  wpa_supplicant.o [12]
wpa_supplicant_need_to_roam
                        0x100da469    0x172  Code  Lc  events.o [12]
wpa_supplicant_notify_scanning
                        0x100cf849     0x12  Code  Gb  scan.o [12]
wpa_supplicant_optimize_freqs
                        0x100cf0a3      0x2  Code  Lc  scan.o [12]
wpa_supplicant_pairwise_gtk
                        0x100d4c55     0xae  Code  Lc  wpa.o [12]
wpa_supplicant_parse_ies
                        0x100d86a1    0x196  Code  Gb  wpa_ie.o [12]
wpa_supplicant_pick_network
                        0x100da105     0x7c  Code  Lc  events.o [12]
wpa_supplicant_pick_new_network
                        0x100da3e9     0x3e  Code  Lc  events.o [12]
wpa_supplicant_process_1_of_2
                        0x100d5c49    0x14e  Code  Lc  wpa.o [12]
wpa_supplicant_process_1_of_2_rsn
                        0x100d56b9     0xfe  Code  Lc  wpa.o [12]
wpa_supplicant_process_1_of_2_wpa
                        0x100d588d    0x1aa  Code  Lc  wpa.o [12]
wpa_supplicant_process_1_of_4
                        0x100d429d    0x192  Code  Lc  wpa.o [12]
wpa_supplicant_process_3_of_4
                        0x100d52f5    0x234  Code  Lc  wpa.o [12]
wpa_supplicant_reload_configuration
                        0x100ca6df    0x1fa  Code  Gb  wpa_supplicant.o [12]
wpa_supplicant_remove_iface
                        0x100ccab5     0x5c  Code  Gb  wpa_supplicant.o [12]
wpa_supplicant_remove_pmkid
                        0x100d8e5f      0x2  Code  Lc  wpas_glue.o [12]
wpa_supplicant_req_auth_timeout
                        0x100c9fa9     0x4e  Code  Gb  wpa_supplicant.o [12]
wpa_supplicant_req_new_scan
                        0x100da1b1     0x2e  Code  Lc  events.o [12]
wpa_supplicant_req_scan
                        0x100cf3e9     0xbe  Code  Gb  scan.o [12]
wpa_supplicant_req_sched_scan
                        0x100cf4cd    0x32e  Code  Gb  scan.o [12]
wpa_supplicant_rsn_preauth_scan_results
                        0x100da427     0x42  Code  Lc  events.o [12]
wpa_supplicant_rsn_supp_set_config
                        0x100d8f65     0x44  Code  Gb  wpas_glue.o [12]
wpa_supplicant_run      0x100cccbd     0x3e  Code  Gb  wpa_supplicant.o [12]
wpa_supplicant_rx_eapol
                        0x100cbc7d    0x1b0  Code  Gb  wpa_supplicant.o [12]
wpa_supplicant_scan     0x100cf0a9    0x340  Code  Lc  scan.o [12]
wpa_supplicant_scard_init
                        0x100d9541      0x4  Code  Gb  events.o [12]
wpa_supplicant_sched_scan_timeout
                        0x100cefc3     0x1e  Code  Lc  scan.o [12]
wpa_supplicant_select_bss
                        0x100da05d     0x72  Code  Lc  events.o [12]
wpa_supplicant_select_config
                        0x100d9129     0xd8  Code  Lc  events.o [12]
wpa_supplicant_send_2_of_2
                        0x100d5b59     0xd4  Code  Lc  wpa.o [12]
wpa_supplicant_send_2_of_4
                        0x100d4081    0x13c  Code  Gb  wpa.o [12]
wpa_supplicant_send_4_of_4
                        0x100d51b9    0x106  Code  Gb  wpa.o [12]
wpa_supplicant_set_config_blob
                        0x100d8bdb     0x20  Code  Lc  wpas_glue.o [12]
wpa_supplicant_set_driver
                        0x100cbb79     0xba  Code  Lc  wpa_supplicant.o [12]
wpa_supplicant_set_key  0x100d8dbb     0xa0  Code  Lc  wpas_glue.o [12]
wpa_supplicant_set_non_wpa_policy
                        0x100ca077     0xa2  Code  Gb  wpa_supplicant.o [12]
wpa_supplicant_set_rekey_offload
                        0x100d8e65      0x2  Code  Lc  wpas_glue.o [12]
wpa_supplicant_set_state
                        0x100ca415    0x1f0  Code  Gb  wpa_supplicant.o [12]
wpa_supplicant_set_suites
                        0x100cabd5    0x436  Code  Gb  wpa_supplicant.o [12]
wpa_supplicant_set_wpa_none_key
                        0x100c9dcd     0xb0  Code  Gb  wpa_supplicant.o [12]
wpa_supplicant_ssid_bss_match
                        0x100d958d    0x222  Code  Lc  events.o [12]
wpa_supplicant_start_sched_scan
                        0x100cefe1     0x36  Code  Lc  scan.o [12]
wpa_supplicant_state_txt
                        0x100ca329     0x54  Code  Gb  wpa_supplicant.o [12]
wpa_supplicant_stop_countermeasures
                        0x100d92e1     0x36  Code  Gb  events.o [12]
wpa_supplicant_stop_sched_scan
                        0x100cf017     0x10  Code  Lc  scan.o [12]
wpa_supplicant_suites_from_ai
                        0x100ca9a1     0x94  Code  Lc  wpa_supplicant.o [12]
wpa_supplicant_task     0x100bd93d     0x38  Code  Lc  wpa_supplicant_task.o [12]
wpa_supplicant_task_init
                        0x100bd975     0x70  Code  Gb  wpa_supplicant_task.o [12]
wpa_supplicant_timeout  0x100c9f01     0x68  Code  Lc  wpa_supplicant.o [12]
wpa_supplicant_trigger_scan
                        0x100cef5f     0x3e  Code  Gb  scan.o [12]
wpa_supplicant_update_config
                        0x100ccdb9     0x6e  Code  Gb  wpa_supplicant.o [12]
wpa_supplicant_update_mac_addr
                        0x100cbf11     0xb0  Code  Gb  wpa_supplicant.o [12]
wpa_supplicant_update_scan_results
                        0x100cfb7d     0x1c  Code  Gb  scan.o [12]
wpa_supplicant_validate_ie
                        0x100d4eed    0x132  Code  Lc  wpa.o [12]
wpa_supplicant_verify_eapol_key_mic
                        0x100d5e3d    0x11c  Code  Lc  wpa.o [12]
wpa_use_aes_cmac        0x100e31a5      0x4  Code  Lc  wpa_auth.o [12]
wpa_validate_wpa_ie     0x100e9525    0x314  Code  Gb  wpa_auth_ie.o [12]
wpa_verify_key_mic      0x100e489f     0x80  Code  Lc  wpa_auth.o [12]
wpa_write_rsn_ie        0x100e92b7    0x192  Code  Gb  wpa_auth_ie.o [12]
wpa_write_wpa_ie        0x100e915d    0x15a  Code  Lc  wpa_auth_ie.o [12]
wpabuf_alloc            0x100d76d9     0x3e  Code  Gb  wpabuf.o [12]
wpabuf_alloc_copy       0x100d7717     0x1c  Code  Gb  wpabuf.o [12]
wpabuf_dup              0x100d7733     0x2c  Code  Gb  wpabuf.o [12]
wpabuf_free             0x100d775f     0x18  Code  Gb  wpabuf.o [12]
wpabuf_head             0x100cdfed      0xe  Code  Lc  bss.o [12]
wpabuf_head             0x100cec35      0xe  Code  Lc  scan.o [12]
wpabuf_head             0x100d9037      0xe  Code  Lc  events.o [12]
wpabuf_head             0x100e20f9      0xe  Code  Lc  ap_drv_ops.o [12]
wpabuf_head             0x100d75d1      0xe  Code  Lc  wpabuf.o [12]
wpabuf_head             0x100e9f75      0xe  Code  Lc  ieee802_11_shared.o [12]
wpabuf_head             0x100e7119      0xe  Code  Lc  eap_server.o [12]
wpabuf_head             0x100e5efd      0xe  Code  Lc  eapol_auth_sm.o [12]
wpabuf_head             0x100e9a85      0xe  Code  Lc  eap_common.o [12]
wpabuf_head_u8          0x100cdffb      0x2  Code  Lc  bss.o [12]
wpabuf_len              0x100cdfe9      0x4  Code  Lc  bss.o [12]
wpabuf_len              0x100cec31      0x4  Code  Lc  scan.o [12]
wpabuf_len              0x100d9033      0x4  Code  Lc  events.o [12]
wpabuf_len              0x100e20f5      0x4  Code  Lc  ap_drv_ops.o [12]
wpabuf_len              0x100d75cd      0x4  Code  Lc  wpabuf.o [12]
wpabuf_len              0x100e9f71      0x4  Code  Lc  ieee802_11_shared.o [12]
wpabuf_len              0x100e7115      0x4  Code  Lc  eap_server.o [12]
wpabuf_len              0x100e5ef9      0x4  Code  Lc  eapol_auth_sm.o [12]
wpabuf_len              0x100e9a81      0x4  Code  Lc  eap_common.o [12]
wpabuf_mhead            0x100d75df      0xe  Code  Lc  wpabuf.o [12]
wpabuf_mhead            0x100e9f83      0xe  Code  Lc  ieee802_11_shared.o [12]
wpabuf_mhead_u8         0x100d75ed      0x2  Code  Lc  wpabuf.o [12]
wpabuf_mhead_u8         0x100e9f91      0x2  Code  Lc  ieee802_11_shared.o [12]
wpabuf_overflow         0x100d7625     0x34  Code  Lc  wpabuf.o [12]
wpabuf_put              0x100d7777     0x2c  Code  Gb  wpabuf.o [12]
wpabuf_put_be24         0x100e9aa1     0x16  Code  Lc  eap_common.o [12]
wpabuf_put_be32         0x100e9ab7     0x1a  Code  Lc  eap_common.o [12]
wpabuf_put_buf          0x100e213d     0x20  Code  Lc  ap_drv_ops.o [12]
wpabuf_put_data         0x100cdffd     0x36  Code  Lc  bss.o [12]
wpabuf_put_data         0x100cec43     0x36  Code  Lc  scan.o [12]
wpabuf_put_data         0x100e2107     0x36  Code  Lc  ap_drv_ops.o [12]
wpabuf_put_data         0x100d75ef     0x36  Code  Lc  wpabuf.o [12]
wpabuf_put_data         0x100e1cc9     0x36  Code  Lc  eap_server_identity.o [12]
wpabuf_put_u8           0x100e9a93      0xe  Code  Lc  eap_common.o [12]
wpabuf_resize           0x100d7661     0x78  Code  Gb  wpabuf.o [12]
wpas_ap_configured_cb   0x100cd41d     0x20  Code  Lc  ap.o [12]
wpas_connection_failed  0x100ccec9     0x8e  Code  Gb  wpa_supplicant.o [12]
wpas_dbus_bss_signal_prop_changed
                        0x100d751f      0x2  Code  Lc  notify.o [12]
wpas_dbus_signal_prop_changed
                        0x100d751d      0x2  Code  Lc  notify.o [12]
wpas_dbus_signal_scan_done
                        0x100d7521      0x2  Code  Lc  notify.o [12]
wpas_dbus_unregister_network
                        0x100d7523      0x4  Code  Lc  notify.o [12]
wpas_driver_bss_selection
                        0x100ccf79     0x1a  Code  Gb  wpa_supplicant.o [12]
wpas_notify_ap_scan_changed
                        0x100d7545      0x4  Code  Gb  notify.o [12]
wpas_notify_ap_sta_authorized
                        0x100d75bf      0x2  Code  Lc  notify.o [12]
wpas_notify_ap_sta_deauthorized
                        0x100d75c1      0x2  Code  Lc  notify.o [12]
wpas_notify_auth_changed
                        0x100d754d      0x4  Code  Gb  notify.o [12]
wpas_notify_bss_freq_changed
                        0x100d758d      0x6  Code  Gb  notify.o [12]
wpas_notify_bss_ies_changed
                        0x100d75b3      0x6  Code  Gb  notify.o [12]
wpas_notify_bss_mode_changed
                        0x100d759f      0x6  Code  Gb  notify.o [12]
wpas_notify_bss_privacy_changed
                        0x100d7599      0x6  Code  Gb  notify.o [12]
wpas_notify_bss_rates_changed
                        0x100d75b9      0x6  Code  Gb  notify.o [12]
wpas_notify_bss_rsnie_changed
                        0x100d75ab      0x6  Code  Gb  notify.o [12]
wpas_notify_bss_signal_changed
                        0x100d7593      0x6  Code  Gb  notify.o [12]
wpas_notify_bss_wpaie_changed
                        0x100d75a5      0x6  Code  Gb  notify.o [12]
wpas_notify_bss_wps_changed
                        0x100d75b1      0x2  Code  Gb  notify.o [12]
wpas_notify_bssid_changed
                        0x100d7549      0x4  Code  Gb  notify.o [12]
wpas_notify_network_changed
                        0x100d7541      0x4  Code  Gb  notify.o [12]
wpas_notify_network_removed
                        0x100d7567     0x26  Code  Gb  notify.o [12]
wpas_notify_scan_done   0x100d7563      0x2  Code  Gb  notify.o [12]
wpas_notify_scan_results
                        0x100d7565      0x2  Code  Gb  notify.o [12]
wpas_notify_scanning    0x100d7551     0x12  Code  Gb  notify.o [12]
wpas_notify_sta_authorized
                        0x100d75c3      0xa  Code  Gb  notify.o [12]
wpas_notify_state_changed
                        0x100d752f     0x12  Code  Gb  notify.o [12]
wpas_notify_supplicant_deinitialized
                        0x100d752d      0x2  Code  Gb  notify.o [12]
wpas_notify_supplicant_initialized
                        0x100d7529      0x4  Code  Gb  notify.o [12]
wpas_wps_deinit         0x100c9d6b      0x2  Code  Lc  wpa_supplicant.o [12]
wpas_wps_init           0x100c9d67      0x4  Code  Lc  wpa_supplicant.o [12]
wpas_wps_notify_scan_results
                        0x100d7519      0x2  Code  Lc  notify.o [12]
wpas_wps_scan_pbc_overlap
                        0x100d910f      0x4  Code  Lc  events.o [12]
wpas_wps_searching      0x100d9113      0x4  Code  Lc  events.o [12]
wpas_wps_ssid_bss_match
                        0x100d9109      0x6  Code  Lc  events.o [12]
xActiveTimerList1       0x2001dd94     0x14  Data  Lc  timers.o [1]
xActiveTimerList2       0x2001dda8     0x14  Data  Lc  timers.o [1]
xBlockAllocatedBit      0x20007b78      0x4  Data  Lc  heap_4.o [1]
xDelayedTaskList1       0x20001474     0x14  Data  Lc  tasks.o [1]
xDelayedTaskList2       0x20001488     0x14  Data  Lc  tasks.o [1]
xExceptionStack         0x20006e58    0x300  Data  Lc  exception_handler.o [1]
xFreeBytesRemaining     0x20007b70      0x4  Data  Lc  heap_4.o [1]
xInsideISR              0x2001c924      0x4  Data  Gb  sys_arch.o [1]
xMaximumPossibleSuppressedTicks
                        0x20001140      0x4  Data  Lc  port_tick.o [1]
xMinimumEverFreeBytesRemaining
                        0x20007b74      0x4  Data  Lc  heap_4.o [1]
xNetJobQueue            0x2001e0d8      0x4  Data  Gb  net_task.o [14]
xNextTaskUnblockTime    0x2000146c      0x4  Data  Lc  tasks.o [1]
xNumOfOverflows         0x20001464      0x4  Data  Lc  tasks.o [1]
xPendingReadyList       0x20001400     0x14  Data  Lc  tasks.o [1]
xPortStartScheduler     0x10082935     0x78  Code  Gb  port.o [1]
xQueueCreateMutex       0x1008516b     0x62  Code  Gb  queue.o [1]
xQueueGenericCreate     0x100850f7     0x74  Code  Gb  queue.o [1]
xQueueGenericReceive    0x1008551f    0x186  Code  Gb  queue.o [1]
xQueueGenericReset      0x1008506d     0x8a  Code  Gb  queue.o [1]
xQueueGenericSend       0x1008524f    0x176  Code  Gb  queue.o [1]
xQueueGenericSendFromISR
                        0x100853c5     0xce  Code  Gb  queue.o [1]
xQueueGiveFromISR       0x10085493     0x8c  Code  Gb  queue.o [1]
xQueueGiveMutexRecursive
                        0x100851cd     0x3c  Code  Gb  queue.o [1]
xQueueReceiveFromISR    0x100856a5     0xa0  Code  Gb  queue.o [1]
xQueueRegistry          0x2001c270     0x40  Data  Gb  queue.o [1]
xQueueTakeMutexRecursive
                        0x10085209     0x46  Code  Gb  queue.o [1]
xSchedulerRunning       0x20001458      0x4  Data  Lc  tasks.o [1]
xSleepLockTimer         0x20000f50      0x4  Data  Lc  io_def.o [1]
xStart                  0x20007b64      0x8  Data  Lc  heap_4.o [1]
xSuspendedTaskList      0x20001438     0x14  Data  Lc  tasks.o [1]
xTaskCheckForTimeOut    0x1007e067     0x78  Code  Gb  tasks.o [1]
xTaskGenericCreate      0x1007d769    0x144  Code  Gb  tasks.o [1]
xTaskGetCurrentTaskHandle
                        0x1007e2f5      0x8  Code  Gb  tasks.o [1]
xTaskGetSchedulerState  0x1007e2fd     0x1c  Code  Gb  tasks.o [1]
xTaskGetTickCount       0x1007dc85      0x6  Code  Gb  tasks.o [1]
xTaskIncrementTick      0x1007dd19     0xca  Code  Gb  tasks.o [1]
xTaskPriorityDisinherit
                        0x1007e395     0x88  Code  Gb  tasks.o [1]
xTaskRemoveFromEventList
                        0x1007dfd1     0x72  Code  Gb  tasks.o [1]
xTaskResumeAll          0x1007dbaf     0xbc  Code  Gb  tasks.o [1]
xTasksWaitingTermination
                        0x20001414     0x14  Data  Lc  tasks.o [1]
xTickCount              0x20001450      0x4  Data  Lc  tasks.o [1]
xTimerCreate            0x10082cb1     0x54  Code  Gb  timers.o [1]
xTimerCreateTimerTask   0x10082c65     0x4c  Code  Gb  timers.o [1]
xTimerGenericCommand    0x10082d05     0x4c  Code  Gb  timers.o [1]
xTimerIsTimerActive     0x1008303d     0x1c  Code  Gb  timers.o [1]
xTimerQueue             0x2001dd90      0x4  Data  Lc  timers.o [1]
xYieldPending           0x20001460      0x4  Data  Lc  tasks.o [1]
xportWdtFeed            0x10082a0b      0x2  Code  Gb  port.o [1]


[1] = C:\LEO\myGit\MTK-IOT\SDK_V4.3.0\out_iar\mt7697_hdk\iot_sdk\Debug\Obj
[2] = C:\LEO\myGit\MTK-IOT\SDK_V4.3.0\project\mt7697_hdk\apps\iot_sdk\EWARM\..\..\..\..\..\tools\iar\mt7697\bootloader
[3] = command line
[4] = dl7M_tlf.a
[5] = libbcsmtcn_CM4_IAR.a
[6] = libble_iar.a
[7] = libble_multi_adv_iar.a
[8] = libbtdriver_7697_iar.a
[9] = libhal_core_CM4_IAR.a
[10] = libhal_protected_CM4_IAR.a
[11] = libminicli_CM4_IAR.a
[12] = libminisupp_CM4_IAR.a
[13] = libnvdm_CM4_IAR.a
[14] = libwifi_CM4_IAR.a
[15] = m7M_tls.a
[16] = rt7M_tl.a

  491 244 bytes of readonly  code memory
   10 056 bytes of readwrite code memory
  339 039 bytes of readonly  data memory
  171 509 bytes of readwrite data memory

Errors: none
Warnings: 1
