###############################################################################
#
# IAR ANSI C/C++ Compiler V8.11.2.13589/W32 for ARM       28/Jun/2017  11:27:36
# Copyright 1999-2017 IAR Systems AB.
#
#    Cpu mode     =  thumb
#    Endian       =  little
#    Source file  =  
#        C:\LEO\myGit\MTK-IOT\SDK_V4.3.0\kernel\service\src\os_port_callback.c
#    Command line =  
#        -f C:\Users\leo\AppData\Local\Temp\EWA1A3.tmp
#        (C:\LEO\myGit\MTK-IOT\SDK_V4.3.0\kernel\service\src\os_port_callback.c
#        -D MTK_LOAD_MAC_ADDR_FROM_EFUSE -D MTK_PING_OUT_ENABLE -D
#        MTK_WIFI_PROFILE_ENABLE -D PCFG_OS=2 -D _REENT_SMALL -D
#        MTK_MINISUPP_ENABLE -D MTK_MINICLI_ENABLE -D MTK_BSPEXT_ENABLE -D
#        MTK_HAL_LOWPOWER_ENABLE -D MTK_LWIP_ENABLE -D
#        MTK_HTTPCLIENT_SSL_ENABLE -D MTK_IPERF_ENABLE -D PRODUCT_VERSION=7697
#        -D MTK_FLASH_DIRECT_DL -D MTK_PATCH_DL_ENABLE -D MTK_SMTCN_V5_ENABLE
#        -D MTK_CLI_TEST_MODE_ENABLE -D MTK_WIFI_REPEATER_ENABLE -D
#        CONFIG_REPEATER -D MTK_DEBUG_LEVEL_INFO -D MTK_DEBUG_LEVEL_WARNING -D
#        MTK_DEBUG_LEVEL_ERROR -D configOVERRIDE_DEFAULT_TICK_CONFIGURATION -D
#        CFG_SUPPORT_SMNT_PROTO=2 -D BT_DEBUG -D MTK_BLE_CLI_ENABLE -D
#        MTK_BLE_BQB_CLI_ENABLE -D MTK_HCI_CONSOLE_MIX_ENABLE -D
#        MTK_BLE_BQB_TEST_ENABLE -D MTK_BLE_SMTCN_ENABLE -D
#        MBEDTLS_CONFIG_FILE=<config-mtk-md5.h> -D MTK_NVDM_ENABLE -D
#        MTK_WIFI_PRIVILEGE_ENABLE -D __BT_DEBUG__ -lcN
#        C:\LEO\myGit\MTK-IOT\SDK_V4.3.0\out_iar\mt7697_hdk\iot_sdk\Debug\List
#        -lA
#        C:\LEO\myGit\MTK-IOT\SDK_V4.3.0\out_iar\mt7697_hdk\iot_sdk\Debug\List
#        --diag_suppress Pa050,Ta022,Ta023 --diag_error Pe606 -o
#        C:\LEO\myGit\MTK-IOT\SDK_V4.3.0\out_iar\mt7697_hdk\iot_sdk\Debug\Obj
#        --no_unroll --no_inline --no_tbaa --no_scheduling --debug
#        --endian=little --cpu=Cortex-M4 -e --fpu=VFPv4_sp --dlib_config
#        "C:\Program Files (x86)\IAR Systems\Embedded Workbench
#        8.0_2\arm\INC\c\DLib_Config_Full.h" -I
#        C:\LEO\myGit\MTK-IOT\SDK_V4.3.0\project\mt7697_hdk\apps\iot_sdk\EWARM\..\inc\
#        -I
#        C:\LEO\myGit\MTK-IOT\SDK_V4.3.0\project\mt7697_hdk\apps\iot_sdk\EWARM\..\..\..\..\..\kernel\service\inc\
#        -I
#        C:\LEO\myGit\MTK-IOT\SDK_V4.3.0\project\mt7697_hdk\apps\iot_sdk\EWARM\..\..\..\..\..\kernel\rtos\FreeRTOS\Source\include\
#        -I
#        C:\LEO\myGit\MTK-IOT\SDK_V4.3.0\project\mt7697_hdk\apps\iot_sdk\EWARM\..\..\..\..\..\kernel\rtos\FreeRTOS\Source\portable\IAR\ARM_CM4F\
#        -I
#        C:\LEO\myGit\MTK-IOT\SDK_V4.3.0\project\mt7697_hdk\apps\iot_sdk\EWARM\..\..\..\..\..\kernel\rtos\FreeRTOS\inc\
#        -I
#        C:\LEO\myGit\MTK-IOT\SDK_V4.3.0\project\mt7697_hdk\apps\iot_sdk\EWARM\..\..\..\..\..\driver\CMSIS\Device\MTK\mt7687\Include\
#        -I
#        C:\LEO\myGit\MTK-IOT\SDK_V4.3.0\project\mt7697_hdk\apps\iot_sdk\EWARM\..\..\..\..\..\driver\CMSIS\Include\
#        -I
#        C:\LEO\myGit\MTK-IOT\SDK_V4.3.0\project\mt7697_hdk\apps\iot_sdk\EWARM\..\..\..\..\..\middleware\third_party\lwip\src\include\
#        -I
#        C:\LEO\myGit\MTK-IOT\SDK_V4.3.0\project\mt7697_hdk\apps\iot_sdk\EWARM\..\..\..\..\..\middleware\third_party\lwip\ports\include\
#        -I
#        C:\LEO\myGit\MTK-IOT\SDK_V4.3.0\project\mt7697_hdk\apps\iot_sdk\EWARM\..\..\..\..\..\driver\chip\inc\
#        -I
#        C:\LEO\myGit\MTK-IOT\SDK_V4.3.0\project\mt7697_hdk\apps\iot_sdk\EWARM\..\..\..\..\..\driver\chip\mt7687\inc\
#        -I
#        C:\LEO\myGit\MTK-IOT\SDK_V4.3.0\project\mt7697_hdk\apps\iot_sdk\EWARM\..\..\..\..\..\middleware\MTK\wifi_service\combo\inc\
#        -I
#        C:\LEO\myGit\MTK-IOT\SDK_V4.3.0\project\mt7697_hdk\apps\iot_sdk\EWARM\..\..\..\..\..\middleware\MTK\dhcpd\inc\
#        -I
#        C:\LEO\myGit\MTK-IOT\SDK_V4.3.0\project\mt7697_hdk\apps\iot_sdk\EWARM\..\..\..\..\..\middleware\MTK\minicli\inc\
#        -I
#        C:\LEO\myGit\MTK-IOT\SDK_V4.3.0\project\mt7697_hdk\apps\iot_sdk\EWARM\..\..\..\..\..\middleware\MTK\minisupp\inc\
#        -I
#        C:\LEO\myGit\MTK-IOT\SDK_V4.3.0\project\mt7697_hdk\apps\iot_sdk\EWARM\..\..\..\..\..\prebuilt\middleware\MTK\minisupp\inc\
#        -I
#        C:\LEO\myGit\MTK-IOT\SDK_V4.3.0\project\mt7697_hdk\apps\iot_sdk\EWARM\..\..\..\..\..\driver\chip\inc\
#        -I
#        C:\LEO\myGit\MTK-IOT\SDK_V4.3.0\project\mt7697_hdk\apps\iot_sdk\EWARM\..\..\..\..\..\driver\chip\mt7687\src\common\include\
#        -I
#        C:\LEO\myGit\MTK-IOT\SDK_V4.3.0\project\mt7697_hdk\apps\iot_sdk\EWARM\..\..\..\..\..\middleware\third_party\lwip\src\include\
#        -I
#        C:\LEO\myGit\MTK-IOT\SDK_V4.3.0\project\mt7697_hdk\apps\iot_sdk\EWARM\..\..\..\..\..\middleware\third_party\lwip\ports\include\
#        -I
#        C:\LEO\myGit\MTK-IOT\SDK_V4.3.0\project\mt7697_hdk\apps\iot_sdk\EWARM\..\..\..\..\..\middleware\third_party\lwip\src\include\lwip\
#        -I
#        C:\LEO\myGit\MTK-IOT\SDK_V4.3.0\project\mt7697_hdk\apps\iot_sdk\EWARM\..\..\..\..\..\project\common\bsp_ex\inc\
#        -I
#        C:\LEO\myGit\MTK-IOT\SDK_V4.3.0\project\mt7697_hdk\apps\iot_sdk\EWARM\..\..\..\..\..\middleware\MTK\nvdm\inc\
#        -I
#        C:\LEO\myGit\MTK-IOT\SDK_V4.3.0\project\mt7697_hdk\apps\iot_sdk\EWARM\..\..\..\..\..\middleware\third_party\ping\inc\
#        -I
#        C:\LEO\myGit\MTK-IOT\SDK_V4.3.0\project\mt7697_hdk\apps\iot_sdk\EWARM\..\..\..\..\..\middleware\MTK\smtcn\inc\
#        -I
#        C:\LEO\myGit\MTK-IOT\SDK_V4.3.0\project\mt7697_hdk\apps\iot_sdk\EWARM\..\..\..\..\..\middleware\MTK\smtcn\inc\internal\
#        -I
#        C:\LEO\myGit\MTK-IOT\SDK_V4.3.0\project\mt7697_hdk\apps\iot_sdk\EWARM\..\..\..\..\..\middleware\MTK\iperf\inc\
#        -I
#        C:\LEO\myGit\MTK-IOT\SDK_V4.3.0\project\mt7697_hdk\apps\iot_sdk\EWARM\..\..\..\..\..\project\mt7697_hdk\apps\iot_sdk\inc\
#        -I
#        C:\LEO\myGit\MTK-IOT\SDK_V4.3.0\project\mt7697_hdk\apps\iot_sdk\EWARM\..\..\..\..\..\driver\chip\mt7687\inc\
#        -I
#        C:\LEO\myGit\MTK-IOT\SDK_V4.3.0\project\mt7697_hdk\apps\iot_sdk\EWARM\..\..\..\..\..\driver\board\mt76x7_hdk\util\inc\
#        -I
#        C:\LEO\myGit\MTK-IOT\SDK_V4.3.0\project\mt7697_hdk\apps\iot_sdk\EWARM\..\..\..\..\..\middleware\MTK\wifi_service\combo\inc\
#        -I
#        C:\LEO\myGit\MTK-IOT\SDK_V4.3.0\project\mt7697_hdk\apps\iot_sdk\EWARM\..\..\..\..\..\middleware\MTK\bluetooth\inc\
#        -I
#        C:\LEO\myGit\MTK-IOT\SDK_V4.3.0\project\mt7697_hdk\apps\iot_sdk\EWARM\..\..\..\..\..\prebuilt\middleware\MTK\bluetooth\inc\
#        -I
#        C:\LEO\myGit\MTK-IOT\SDK_V4.3.0\project\mt7697_hdk\apps\iot_sdk\EWARM\..\..\..\..\..\project\mt7697_hdk\apps\iot_sdk\src\ut_app\
#        -I
#        C:\LEO\myGit\MTK-IOT\SDK_V4.3.0\project\mt7697_hdk\apps\iot_sdk\EWARM\..\..\..\..\..\driver\board\mt76x7_hdk\ept\inc\
#        -I
#        C:\LEO\myGit\MTK-IOT\SDK_V4.3.0\project\mt7697_hdk\apps\iot_sdk\EWARM\..\..\..\..\..\middleware\third_party\mbedtls\include\
#        -I
#        C:\LEO\myGit\MTK-IOT\SDK_V4.3.0\project\mt7697_hdk\apps\iot_sdk\EWARM\..\..\..\..\..\middleware\third_party\mbedtls\configs\
#        -I
#        C:\LEO\myGit\MTK-IOT\SDK_V4.3.0\project\mt7697_hdk\apps\iot_sdk\EWARM\..\..\..\..\..\driver\board\mt76x7_hdk\external_flash\inc\
#        -I
#        C:\LEO\myGit\MTK-IOT\SDK_V4.3.0\project\mt7697_hdk\apps\iot_sdk\EWARM\..\..\..\..\..\middleware\MTK\connsys\inc\
#        -Om -I "C:\Program Files (x86)\IAR Systems\Embedded Workbench
#        8.0_2\arm\CMSIS\Include\")
#    Locale       =  C
#    List file    =  
#        C:\LEO\myGit\MTK-IOT\SDK_V4.3.0\out_iar\mt7697_hdk\iot_sdk\Debug\List\os_port_callback.lst
#    Object file  =  
#        C:\LEO\myGit\MTK-IOT\SDK_V4.3.0\out_iar\mt7697_hdk\iot_sdk\Debug\Obj\os_port_callback.o
#
###############################################################################

C:\LEO\myGit\MTK-IOT\SDK_V4.3.0\kernel\service\src\os_port_callback.c
      1          /*
      2              FreeRTOS V8.2.0 - Copyright (C) 2015 Real Time Engineers Ltd.
      3              All rights reserved
      4          
      5              VISIT http://www.FreeRTOS.org TO ENSURE YOU ARE USING THE LATEST VERSION.
      6          
      7              This file is part of the FreeRTOS distribution.
      8          
      9              FreeRTOS is free software; you can redistribute it and/or modify it under
     10              the terms of the GNU General Public License (version 2) as published by the
     11              Free Software Foundation >>!AND MODIFIED BY!<< the FreeRTOS exception.
     12          
     13          	***************************************************************************
     14              >>!   NOTE: The modification to the GPL is included to allow you to     !<<
     15              >>!   distribute a combined work that includes FreeRTOS without being   !<<
     16              >>!   obliged to provide the source code for proprietary components     !<<
     17              >>!   outside of the FreeRTOS kernel.                                   !<<
     18          	***************************************************************************
     19          
     20              FreeRTOS is distributed in the hope that it will be useful, but WITHOUT ANY
     21              WARRANTY; without even the implied warranty of MERCHANTABILITY or FITNESS
     22              FOR A PARTICULAR PURPOSE.  Full license text is available on the following
     23              link: http://www.freertos.org/a00114.html
     24          
     25              ***************************************************************************
     26               *                                                                       *
     27               *    FreeRTOS provides completely free yet professionally developed,    *
     28               *    robust, strictly quality controlled, supported, and cross          *
     29               *    platform software that is more than just the market leader, it     *
     30               *    is the industry's de facto standard.                               *
     31               *                                                                       *
     32               *    Help yourself get started quickly while simultaneously helping     *
     33               *    to support the FreeRTOS project by purchasing a FreeRTOS           *
     34               *    tutorial book, reference manual, or both:                          *
     35               *    http://www.FreeRTOS.org/Documentation                              *
     36               *                                                                       *
     37              ***************************************************************************
     38          
     39              http://www.FreeRTOS.org/FAQHelp.html - Having a problem?  Start by reading
     40          	the FAQ page "My application does not run, what could be wrong?".  Have you
     41          	defined configASSERT()?
     42          
     43          	http://www.FreeRTOS.org/support - In return for receiving this top quality
     44          	embedded software for free we request you assist our global community by
     45          	participating in the support forum.
     46          
     47          	http://www.FreeRTOS.org/training - Investing in training allows your team to
     48          	be as productive as possible as early as possible.  Now you can receive
     49          	FreeRTOS training directly from Richard Barry, CEO of Real Time Engineers
     50          	Ltd, and the world's leading authority on the world's leading RTOS.
     51          
     52              http://www.FreeRTOS.org/plus - A selection of FreeRTOS ecosystem products,
     53              including FreeRTOS+Trace - an indispensable productivity tool, a DOS
     54              compatible FAT file system, and our tiny thread aware UDP/IP stack.
     55          
     56              http://www.FreeRTOS.org/labs - Where new FreeRTOS products go to incubate.
     57              Come and try FreeRTOS+TCP, our new open source TCP/IP stack for FreeRTOS.
     58          
     59              http://www.OpenRTOS.com - Real Time Engineers ltd. license FreeRTOS to High
     60              Integrity Systems ltd. to sell under the OpenRTOS brand.  Low cost OpenRTOS
     61              licenses offer ticketed support, indemnification and commercial middleware.
     62          
     63              http://www.SafeRTOS.com - High Integrity Systems also provide a safety
     64              engineered and independently SIL3 certified version for use in safety and
     65              mission critical applications that require provable dependability.
     66          
     67              1 tab == 4 spaces!
     68          */
     69          
     70          #include <stdio.h>
     71          
     72          #include "FreeRTOS.h"
     73          #include "task.h"
     74          
     75          #include "os_port_callback.h"
     76          
     77          #ifdef MTK_OS_CPU_UTILIZATION_ENABLE
     78          #include "hal_gpt.h"  
     79          #endif
     80          
     81          #ifdef MTK_OS_CPU_UTILIZATION_ENABLE
     82          extern uint32_t get_current_count(void );
     83          uint32_t runtime_counter_base;
     84          
     85          void vConfigureTimerForRunTimeStats( void )
     86          {
     87              hal_gpt_get_free_run_count(HAL_GPT_CLOCK_SOURCE_32K,&runtime_counter_base);
     88          }
     89          
     90          uint32_t ulGetRunTimeCounterValue( void )
     91          {
     92              uint32_t cur_count;
     93              hal_gpt_get_free_run_count(HAL_GPT_CLOCK_SOURCE_32K,&cur_count);
     94          
     95          	return (cur_count - runtime_counter_base);
     96          }
     97          #endif /* MTK_OS_CPU_UTILIZATION_ENABLE */
     98          
     99          #if( configCHECK_FOR_STACK_OVERFLOW > 0 )
    100          void vApplicationStackOverflowHook( TaskHandle_t xTask, char *pcTaskName )
    101          {
    102              printf("stack overflow: %x %s\r\n",(unsigned int)xTask,(portCHAR *)pcTaskName);
    103              configASSERT(0);
    104          }
    105          #endif 

   Maximum stack usage in bytes:

   .cstack Function
   ------- --------
       8   vApplicationStackOverflowHook
         0   -> platform_assert
         8   -> printf


   Section sizes:

   Bytes  Function/Label
   -----  --------------
       4  ??DataTable3
      24  ?_0
       2  ?_1
      72  ?_2
      30  vApplicationStackOverflowHook

 
   2 bytes in section .rodata
 130 bytes in section .text
 
 130 bytes of CODE  memory
   2 bytes of CONST memory

Errors: none
Warnings: none
